------------------------------------------------------------
Timing Analyzer Summary
------------------------------------------------------------

Type  : Slow 1100mV 85C Model Setup 'clk'
Slack : 16.692
TNS   : 0.000

Type  : Slow 1100mV 85C Model Hold 'clk'
Slack : 0.255
TNS   : 0.000

Type  : Slow 1100mV 85C Model Minimum Pulse Width 'clk'
Slack : 9.242
TNS   : 0.000

Type  : Slow 1100mV 0C Model Setup 'clk'
Slack : 16.704
TNS   : 0.000

Type  : Slow 1100mV 0C Model Hold 'clk'
Slack : 0.291
TNS   : 0.000

Type  : Slow 1100mV 0C Model Minimum Pulse Width 'clk'
Slack : 9.218
TNS   : 0.000

Type  : Fast 1100mV 85C Model Setup 'clk'
Slack : 18.016
TNS   : 0.000

Type  : Fast 1100mV 85C Model Hold 'clk'
Slack : 0.177
TNS   : 0.000

Type  : Fast 1100mV 85C Model Minimum Pulse Width 'clk'
Slack : 9.450
TNS   : 0.000

Type  : Fast 1100mV 0C Model Setup 'clk'
Slack : 18.145
TNS   : 0.000

Type  : Fast 1100mV 0C Model Hold 'clk'
Slack : 0.176
TNS   : 0.000

Type  : Fast 1100mV 0C Model Minimum Pulse Width 'clk'
Slack : 9.435
TNS   : 0.000

------------------------------------------------------------
