Archive member included to satisfy reference by file (symbol)

../Mem_Test_bsp/\libhal_bsp.a(alt_load.o)
                              ../Mem_Test_bsp//obj/HAL/src/crt0.o (alt_load)
../Mem_Test_bsp/\libhal_bsp.a(alt_main.o)
                              ../Mem_Test_bsp//obj/HAL/src/crt0.o (alt_main)
../Mem_Test_bsp/\libhal_bsp.a(alt_sys_init.o)
                              ../Mem_Test_bsp/\libhal_bsp.a(alt_main.o) (alt_irq_init)
../Mem_Test_bsp/\libhal_bsp.a(altera_avalon_jtag_uart_fd.o)
                              ../Mem_Test_bsp/\libhal_bsp.a(alt_sys_init.o) (altera_avalon_jtag_uart_read_fd)
../Mem_Test_bsp/\libhal_bsp.a(altera_avalon_jtag_uart_read.o)
                              ../Mem_Test_bsp/\libhal_bsp.a(altera_avalon_jtag_uart_fd.o) (altera_avalon_jtag_uart_read)
../Mem_Test_bsp/\libhal_bsp.a(altera_avalon_jtag_uart_write.o)
                              ../Mem_Test_bsp/\libhal_bsp.a(altera_avalon_jtag_uart_fd.o) (altera_avalon_jtag_uart_write)
../Mem_Test_bsp/\libhal_bsp.a(alt_close.o)
                              ../Mem_Test_bsp/\libhal_bsp.a(alt_main.o) (close)
../Mem_Test_bsp/\libhal_bsp.a(alt_dcache_flush_all.o)
                              ../Mem_Test_bsp/\libhal_bsp.a(alt_load.o) (alt_dcache_flush_all)
../Mem_Test_bsp/\libhal_bsp.a(alt_dev.o)
                              ../Mem_Test_bsp/\libhal_bsp.a(alt_sys_init.o) (alt_dev_list)
../Mem_Test_bsp/\libhal_bsp.a(alt_dev_llist_insert.o)
                              ../Mem_Test_bsp/\libhal_bsp.a(alt_sys_init.o) (alt_dev_llist_insert)
../Mem_Test_bsp/\libhal_bsp.a(alt_errno.o)
                              ../Mem_Test_bsp/\libhal_bsp.a(alt_close.o) (alt_errno)
../Mem_Test_bsp/\libhal_bsp.a(alt_icache_flush_all.o)
                              ../Mem_Test_bsp/\libhal_bsp.a(alt_load.o) (alt_icache_flush_all)
../Mem_Test_bsp/\libhal_bsp.a(alt_io_redirect.o)
                              ../Mem_Test_bsp/\libhal_bsp.a(alt_main.o) (alt_io_redirect)
../Mem_Test_bsp/\libhal_bsp.a(alt_open.o)
                              ../Mem_Test_bsp/\libhal_bsp.a(alt_io_redirect.o) (open)
../Mem_Test_bsp/\libhal_bsp.a(alt_release_fd.o)
                              ../Mem_Test_bsp/\libhal_bsp.a(alt_close.o) (alt_release_fd)
../Mem_Test_bsp/\libhal_bsp.a(altera_nios2_gen2_irq.o)
                              ../Mem_Test_bsp/\libhal_bsp.a(alt_sys_init.o) (altera_nios2_gen2_irq_init)
../Mem_Test_bsp/\libhal_bsp.a(alt_find_dev.o)
                              ../Mem_Test_bsp/\libhal_bsp.a(alt_open.o) (alt_find_dev)
../Mem_Test_bsp/\libhal_bsp.a(alt_find_file.o)
                              ../Mem_Test_bsp/\libhal_bsp.a(alt_open.o) (alt_find_file)
../Mem_Test_bsp/\libhal_bsp.a(alt_get_fd.o)
                              ../Mem_Test_bsp/\libhal_bsp.a(alt_open.o) (alt_get_fd)
c:/intelfpga/18.1/nios2eds/bin/gnu/h-x86_64-mingw32/bin/../lib/gcc/nios2-elf/5.3.0/../../../../../H-x86_64-mingw32/nios2-elf/lib/mno-hw-mul\libsmallc.a(lib_a-exit.o)
                              ../Mem_Test_bsp/\libhal_bsp.a(alt_main.o) (exit)
c:/intelfpga/18.1/nios2eds/bin/gnu/h-x86_64-mingw32/bin/../lib/gcc/nios2-elf/5.3.0/../../../../../H-x86_64-mingw32/nios2-elf/lib/mno-hw-mul\libsmallc.a(lib_a-int_errno.o)
                              ../Mem_Test_bsp/\libhal_bsp.a(alt_close.o) (errno)
c:/intelfpga/18.1/nios2eds/bin/gnu/h-x86_64-mingw32/bin/../lib/gcc/nios2-elf/5.3.0/../../../../../H-x86_64-mingw32/nios2-elf/lib/mno-hw-mul\libsmallc.a(lib_a-memcmp.o)
                              ../Mem_Test_bsp/\libhal_bsp.a(alt_find_dev.o) (memcmp)
c:/intelfpga/18.1/nios2eds/bin/gnu/h-x86_64-mingw32/bin/../lib/gcc/nios2-elf/5.3.0/../../../../../H-x86_64-mingw32/nios2-elf/lib/mno-hw-mul\libsmallc.a(lib_a-strlen.o)
                              ../Mem_Test_bsp/\libhal_bsp.a(alt_find_dev.o) (strlen)
c:/intelfpga/18.1/nios2eds/bin/gnu/h-x86_64-mingw32/bin/../lib/gcc/nios2-elf/5.3.0/../../../../../H-x86_64-mingw32/nios2-elf/lib/mno-hw-mul\libsmallc.a(lib_a-__call_atexit.o)
                              c:/intelfpga/18.1/nios2eds/bin/gnu/h-x86_64-mingw32/bin/../lib/gcc/nios2-elf/5.3.0/../../../../../H-x86_64-mingw32/nios2-elf/lib/mno-hw-mul\libsmallc.a(lib_a-exit.o) (__call_exitprocs)
c:/intelfpga/18.1/nios2eds/bin/gnu/h-x86_64-mingw32/bin/../lib/gcc/nios2-elf/5.3.0/../../../../../H-x86_64-mingw32/nios2-elf/lib/mno-hw-mul\libsmallc.a(lib_a-impure.o)
                              c:/intelfpga/18.1/nios2eds/bin/gnu/h-x86_64-mingw32/bin/../lib/gcc/nios2-elf/5.3.0/../../../../../H-x86_64-mingw32/nios2-elf/lib/mno-hw-mul\libsmallc.a(lib_a-__call_atexit.o) (_global_impure_ptr)
c:/intelfpga/18.1/nios2eds/bin/gnu/h-x86_64-mingw32/bin/../lib/gcc/nios2-elf/5.3.0/mno-hw-mul\libgcc.a(lib2-mul.o)
                              ../Mem_Test_bsp/\libhal_bsp.a(alt_close.o) (__mulsi3)
../Mem_Test_bsp/\libhal_bsp.a(alt_exit.o)
                              c:/intelfpga/18.1/nios2eds/bin/gnu/h-x86_64-mingw32/bin/../lib/gcc/nios2-elf/5.3.0/../../../../../H-x86_64-mingw32/nios2-elf/lib/mno-hw-mul\libsmallc.a(lib_a-exit.o) (_exit)

Allocating common symbols
Common symbol       size              file

errno               0x4               c:/intelfpga/18.1/nios2eds/bin/gnu/h-x86_64-mingw32/bin/../lib/gcc/nios2-elf/5.3.0/../../../../../H-x86_64-mingw32/nios2-elf/lib/mno-hw-mul\libsmallc.a(lib_a-int_errno.o)

Memory Configuration

Name             Origin             Length             Attributes
reset            0x0000000000004000 0x0000000000000020
onchip_memory2_0 0x0000000000004020 0x0000000000003fe0
*default*        0x0000000000000000 0xffffffffffffffff

Linker script and memory map

LOAD ../Mem_Test_bsp//obj/HAL/src/crt0.o
LOAD obj/default/memory_test.o
LOAD c:/intelfpga/18.1/nios2eds/bin/gnu/h-x86_64-mingw32/bin/../lib/gcc/nios2-elf/5.3.0/../../../../../H-x86_64-mingw32/nios2-elf/lib/mno-hw-mul\libstdc++.a
LOAD c:/intelfpga/18.1/nios2eds/bin/gnu/h-x86_64-mingw32/bin/../lib/gcc/nios2-elf/5.3.0/../../../../../H-x86_64-mingw32/nios2-elf/lib/mno-hw-mul\libm.a
LOAD c:/intelfpga/18.1/nios2eds/bin/gnu/h-x86_64-mingw32/bin/../lib/gcc/nios2-elf/5.3.0/mno-hw-mul\libgcc.a
START GROUP
LOAD c:/intelfpga/18.1/nios2eds/bin/gnu/h-x86_64-mingw32/bin/../lib/gcc/nios2-elf/5.3.0/../../../../../H-x86_64-mingw32/nios2-elf/lib/mno-hw-mul\libsmallc.a
LOAD c:/intelfpga/18.1/nios2eds/bin/gnu/h-x86_64-mingw32/bin/../lib/gcc/nios2-elf/5.3.0/mno-hw-mul\libgcc.a
LOAD ../Mem_Test_bsp/\libhal_bsp.a
LOAD c:/intelfpga/18.1/nios2eds/bin/gnu/h-x86_64-mingw32/bin/../lib/gcc/nios2-elf/5.3.0/../../../../../H-x86_64-mingw32/nios2-elf/lib/mno-hw-mul\libm.a
END GROUP
LOAD c:/intelfpga/18.1/nios2eds/bin/gnu/h-x86_64-mingw32/bin/../lib/gcc/nios2-elf/5.3.0/mno-hw-mul\libgcc.a
                0x0000000000004000                __alt_mem_onchip_memory2_0 = 0x4000

.entry          0x0000000000004000       0x20
 *(.entry)
 .entry         0x0000000000004000       0x20 ../Mem_Test_bsp//obj/HAL/src/crt0.o
                0x0000000000004000                __reset

.exceptions     0x0000000000004020        0x0
                0x0000000000004020                PROVIDE (__ram_exceptions_start, ABSOLUTE (.))
                0x0000000000004020                . = ALIGN (0x20)
 *(.irq)
 *(.exceptions.entry.label)
 *(.exceptions.entry.user)
 *(.exceptions.entry.ecc_fatal)
 *(.exceptions.entry)
 *(.exceptions.irqtest.user)
 *(.exceptions.irqtest)
 *(.exceptions.irqhandler.user)
 *(.exceptions.irqhandler)
 *(.exceptions.irqreturn.user)
 *(.exceptions.irqreturn)
 *(.exceptions.notirq.label)
 *(.exceptions.notirq.user)
 *(.exceptions.notirq)
 *(.exceptions.soft.user)
 *(.exceptions.soft)
 *(.exceptions.unknown.user)
 *(.exceptions.unknown)
 *(.exceptions.exit.label)
 *(.exceptions.exit.user)
 *(.exceptions.exit)
 *(.exceptions)
                0x0000000000004020                PROVIDE (__ram_exceptions_end, ABSOLUTE (.))
                0x0000000000004020                PROVIDE (__flash_exceptions_start, LOADADDR (.exceptions))

.text           0x0000000000004020     0x1128
                [!provide]                        PROVIDE (stext, ABSOLUTE (.))
 *(.interp)
 *(.hash)
 *(.dynsym)
 *(.dynstr)
 *(.gnu.version)
 *(.gnu.version_d)
 *(.gnu.version_r)
 *(.rel.init)
 *(.rela.init)
 *(.rel.text .rel.text.* .rel.gnu.linkonce.t.*)
 *(.rela.text .rela.text.* .rela.gnu.linkonce.t.*)
 *(.rel.fini)
 *(.rela.fini)
 *(.rel.rodata .rel.rodata.* .rel.gnu.linkonce.r.*)
 *(.rela.rodata .rela.rodata.* .rela.gnu.linkonce.r.*)
 *(.rel.data .rel.data.* .rel.gnu.linkonce.d.*)
 *(.rela.data .rela.data.* .rela.gnu.linkonce.d.*)
 *(.rel.tdata .rel.tdata.* .rel.gnu.linkonce.td.*)
 *(.rela.tdata .rela.tdata.* .rela.gnu.linkonce.td.*)
 *(.rel.tbss .rel.tbss.* .rel.gnu.linkonce.tb.*)
 *(.rela.tbss .rela.tbss.* .rela.gnu.linkonce.tb.*)
 *(.rel.ctors)
 *(.rela.ctors)
 *(.rel.dtors)
 *(.rela.dtors)
 *(.rel.got)
 *(.rela.got)
 *(.rel.sdata .rel.sdata.* .rel.gnu.linkonce.s.*)
 *(.rela.sdata .rela.sdata.* .rela.gnu.linkonce.s.*)
 *(.rel.sbss .rel.sbss.* .rel.gnu.linkonce.sb.*)
 *(.rela.sbss .rela.sbss.* .rela.gnu.linkonce.sb.*)
 *(.rel.sdata2 .rel.sdata2.* .rel.gnu.linkonce.s2.*)
 *(.rela.sdata2 .rela.sdata2.* .rela.gnu.linkonce.s2.*)
 *(.rel.sbss2 .rel.sbss2.* .rel.gnu.linkonce.sb2.*)
 *(.rela.sbss2 .rela.sbss2.* .rela.gnu.linkonce.sb2.*)
 *(.rel.bss .rel.bss.* .rel.gnu.linkonce.b.*)
 *(.rela.bss .rela.bss.* .rela.gnu.linkonce.b.*)
 *(.rel.plt)
 *(.rela.plt)
 *(.rel.dyn)
 *(.init)
 *(.plt)
 *(.text .stub .text.* .gnu.linkonce.t.*)
 .text          0x0000000000004020       0x3c ../Mem_Test_bsp//obj/HAL/src/crt0.o
                0x0000000000004020                _start
 .text          0x000000000000405c      0x110 obj/default/memory_test.o
                0x000000000000405c                RAM_test
                0x0000000000004138                main
 .text          0x000000000000416c       0xec ../Mem_Test_bsp/\libhal_bsp.a(alt_load.o)
                0x00000000000041d4                alt_load
 .text          0x0000000000004258       0x6c ../Mem_Test_bsp/\libhal_bsp.a(alt_main.o)
                0x0000000000004258                alt_main
 .text          0x00000000000042c4       0xa4 ../Mem_Test_bsp/\libhal_bsp.a(alt_sys_init.o)
                0x00000000000042f8                alt_irq_init
                0x0000000000004330                alt_sys_init
 .text          0x0000000000004368       0xc0 ../Mem_Test_bsp/\libhal_bsp.a(altera_avalon_jtag_uart_fd.o)
                0x0000000000004368                altera_avalon_jtag_uart_read_fd
                0x00000000000043c8                altera_avalon_jtag_uart_write_fd
 .text          0x0000000000004428       0xec ../Mem_Test_bsp/\libhal_bsp.a(altera_avalon_jtag_uart_read.o)
                0x0000000000004428                altera_avalon_jtag_uart_read
 .text          0x0000000000004514       0x94 ../Mem_Test_bsp/\libhal_bsp.a(altera_avalon_jtag_uart_write.o)
                0x0000000000004514                altera_avalon_jtag_uart_write
 .text          0x00000000000045a8      0x114 ../Mem_Test_bsp/\libhal_bsp.a(alt_close.o)
                0x00000000000045e4                close
 .text          0x00000000000046bc       0x20 ../Mem_Test_bsp/\libhal_bsp.a(alt_dcache_flush_all.o)
                0x00000000000046bc                alt_dcache_flush_all
 .text          0x00000000000046dc       0x2c ../Mem_Test_bsp/\libhal_bsp.a(alt_dev.o)
 .text          0x0000000000004708       0xe0 ../Mem_Test_bsp/\libhal_bsp.a(alt_dev_llist_insert.o)
                0x0000000000004744                alt_dev_llist_insert
 .text          0x00000000000047e8        0x0 ../Mem_Test_bsp/\libhal_bsp.a(alt_errno.o)
 .text          0x00000000000047e8       0x20 ../Mem_Test_bsp/\libhal_bsp.a(alt_icache_flush_all.o)
                0x00000000000047e8                alt_icache_flush_all
 .text          0x0000000000004808      0x160 ../Mem_Test_bsp/\libhal_bsp.a(alt_io_redirect.o)
                0x00000000000048ec                alt_io_redirect
 .text          0x0000000000004968      0x284 ../Mem_Test_bsp/\libhal_bsp.a(alt_open.o)
                0x0000000000004a90                open
 .text          0x0000000000004bec       0x84 ../Mem_Test_bsp/\libhal_bsp.a(alt_release_fd.o)
                0x0000000000004bec                alt_release_fd
 .text          0x0000000000004c70       0x24 ../Mem_Test_bsp/\libhal_bsp.a(altera_nios2_gen2_irq.o)
                0x0000000000004c70                altera_nios2_gen2_irq_init
 .text          0x0000000000004c94       0x90 ../Mem_Test_bsp/\libhal_bsp.a(alt_find_dev.o)
                0x0000000000004c94                alt_find_dev
 .text          0x0000000000004d24      0x108 ../Mem_Test_bsp/\libhal_bsp.a(alt_find_file.o)
                0x0000000000004d24                alt_find_file
 .text          0x0000000000004e2c       0xc4 ../Mem_Test_bsp/\libhal_bsp.a(alt_get_fd.o)
                0x0000000000004e2c                alt_get_fd
 .text          0x0000000000004ef0        0x0 c:/intelfpga/18.1/nios2eds/bin/gnu/h-x86_64-mingw32/bin/../lib/gcc/nios2-elf/5.3.0/../../../../../H-x86_64-mingw32/nios2-elf/lib/mno-hw-mul\libsmallc.a(lib_a-exit.o)
 .text.exit     0x0000000000004ef0       0x20 c:/intelfpga/18.1/nios2eds/bin/gnu/h-x86_64-mingw32/bin/../lib/gcc/nios2-elf/5.3.0/../../../../../H-x86_64-mingw32/nios2-elf/lib/mno-hw-mul\libsmallc.a(lib_a-exit.o)
                0x0000000000004ef0                exit
 .text          0x0000000000004f10        0x0 c:/intelfpga/18.1/nios2eds/bin/gnu/h-x86_64-mingw32/bin/../lib/gcc/nios2-elf/5.3.0/../../../../../H-x86_64-mingw32/nios2-elf/lib/mno-hw-mul\libsmallc.a(lib_a-int_errno.o)
 .text          0x0000000000004f10        0x0 c:/intelfpga/18.1/nios2eds/bin/gnu/h-x86_64-mingw32/bin/../lib/gcc/nios2-elf/5.3.0/../../../../../H-x86_64-mingw32/nios2-elf/lib/mno-hw-mul\libsmallc.a(lib_a-memcmp.o)
 .text.memcmp   0x0000000000004f10       0x30 c:/intelfpga/18.1/nios2eds/bin/gnu/h-x86_64-mingw32/bin/../lib/gcc/nios2-elf/5.3.0/../../../../../H-x86_64-mingw32/nios2-elf/lib/mno-hw-mul\libsmallc.a(lib_a-memcmp.o)
                0x0000000000004f10                memcmp
 .text          0x0000000000004f40        0x0 c:/intelfpga/18.1/nios2eds/bin/gnu/h-x86_64-mingw32/bin/../lib/gcc/nios2-elf/5.3.0/../../../../../H-x86_64-mingw32/nios2-elf/lib/mno-hw-mul\libsmallc.a(lib_a-strlen.o)
 .text.strlen   0x0000000000004f40       0x1c c:/intelfpga/18.1/nios2eds/bin/gnu/h-x86_64-mingw32/bin/../lib/gcc/nios2-elf/5.3.0/../../../../../H-x86_64-mingw32/nios2-elf/lib/mno-hw-mul\libsmallc.a(lib_a-strlen.o)
                0x0000000000004f40                strlen
 .text          0x0000000000004f5c        0x0 c:/intelfpga/18.1/nios2eds/bin/gnu/h-x86_64-mingw32/bin/../lib/gcc/nios2-elf/5.3.0/../../../../../H-x86_64-mingw32/nios2-elf/lib/mno-hw-mul\libsmallc.a(lib_a-__call_atexit.o)
 .text.__call_exitprocs
                0x0000000000004f5c      0x190 c:/intelfpga/18.1/nios2eds/bin/gnu/h-x86_64-mingw32/bin/../lib/gcc/nios2-elf/5.3.0/../../../../../H-x86_64-mingw32/nios2-elf/lib/mno-hw-mul\libsmallc.a(lib_a-__call_atexit.o)
                0x0000000000004f5c                __call_exitprocs
 .text          0x00000000000050ec        0x0 c:/intelfpga/18.1/nios2eds/bin/gnu/h-x86_64-mingw32/bin/../lib/gcc/nios2-elf/5.3.0/../../../../../H-x86_64-mingw32/nios2-elf/lib/mno-hw-mul\libsmallc.a(lib_a-impure.o)
 .text          0x00000000000050ec       0x28 c:/intelfpga/18.1/nios2eds/bin/gnu/h-x86_64-mingw32/bin/../lib/gcc/nios2-elf/5.3.0/mno-hw-mul\libgcc.a(lib2-mul.o)
                0x00000000000050ec                __mulsi3
 .text          0x0000000000005114       0x34 ../Mem_Test_bsp/\libhal_bsp.a(alt_exit.o)
                0x0000000000005114                _exit
 *(.gnu.warning.*)
 *(.fini)
                [!provide]                        PROVIDE (__etext, ABSOLUTE (.))
                [!provide]                        PROVIDE (_etext, ABSOLUTE (.))
                [!provide]                        PROVIDE (etext, ABSOLUTE (.))
 *(.eh_frame_hdr)
                0x0000000000005148                . = ALIGN (0x4)
                [!provide]                        PROVIDE (__preinit_array_start, ABSOLUTE (.))
 *(.preinit_array)
                [!provide]                        PROVIDE (__preinit_array_end, ABSOLUTE (.))
                [!provide]                        PROVIDE (__init_array_start, ABSOLUTE (.))
 *(.init_array)
                [!provide]                        PROVIDE (__init_array_end, ABSOLUTE (.))
                [!provide]                        PROVIDE (__fini_array_start, ABSOLUTE (.))
 *(.fini_array)
                [!provide]                        PROVIDE (__fini_array_end, ABSOLUTE (.))
 *(.eh_frame)
 *(.gcc_except_table .gcc_except_table.*)
 *(.dynamic)
                [!provide]                        PROVIDE (__CTOR_LIST__, ABSOLUTE (.))
 *(.ctors)
 *(SORT(.ctors.*))
                [!provide]                        PROVIDE (__CTOR_END__, ABSOLUTE (.))
                [!provide]                        PROVIDE (__DTOR_LIST__, ABSOLUTE (.))
 *(.dtors)
 *(SORT(.dtors.*))
                [!provide]                        PROVIDE (__DTOR_END__, ABSOLUTE (.))
 *(.jcr)
                0x0000000000005148                . = ALIGN (0x4)

.rodata         0x0000000000005148       0x34
                0x0000000000005148                PROVIDE (__ram_rodata_start, ABSOLUTE (.))
                0x0000000000005148                . = ALIGN (0x4)
 *(.rodata .rodata.* .gnu.linkonce.r.*)
 .rodata        0x0000000000005148       0x11 ../Mem_Test_bsp/\libhal_bsp.a(alt_main.o)
 *fill*         0x0000000000005159        0x3 
 .rodata        0x000000000000515c       0x11 ../Mem_Test_bsp/\libhal_bsp.a(alt_sys_init.o)
 *fill*         0x000000000000516d        0x3 
 .rodata        0x0000000000005170        0xa ../Mem_Test_bsp/\libhal_bsp.a(alt_dev.o)
 *(.rodata1)
                0x000000000000517c                . = ALIGN (0x4)
 *fill*         0x000000000000517a        0x2 
                0x000000000000517c                PROVIDE (__ram_rodata_end, ABSOLUTE (.))
                0x0000000000005148                PROVIDE (__flash_rodata_start, LOADADDR (.rodata))

.rwdata         0x000000000000517c      0x2dc load address 0x0000000000005458
                0x000000000000517c                PROVIDE (__ram_rwdata_start, ABSOLUTE (.))
                0x000000000000517c                . = ALIGN (0x4)
 *(.got.plt)
 *(.got)
 *(.data1)
 *(.data .data.* .gnu.linkonce.d.*)
 .data          0x000000000000517c        0x0 ../Mem_Test_bsp//obj/HAL/src/crt0.o
 .data          0x000000000000517c        0x0 obj/default/memory_test.o
 .data          0x000000000000517c        0x0 ../Mem_Test_bsp/\libhal_bsp.a(alt_load.o)
 .data          0x000000000000517c        0x0 ../Mem_Test_bsp/\libhal_bsp.a(alt_main.o)
 .data          0x000000000000517c       0x2c ../Mem_Test_bsp/\libhal_bsp.a(alt_sys_init.o)
 .data          0x00000000000051a8        0x0 ../Mem_Test_bsp/\libhal_bsp.a(altera_avalon_jtag_uart_fd.o)
 .data          0x00000000000051a8        0x0 ../Mem_Test_bsp/\libhal_bsp.a(altera_avalon_jtag_uart_read.o)
 .data          0x00000000000051a8        0x0 ../Mem_Test_bsp/\libhal_bsp.a(altera_avalon_jtag_uart_write.o)
 .data          0x00000000000051a8        0x0 ../Mem_Test_bsp/\libhal_bsp.a(alt_close.o)
 .data          0x00000000000051a8        0x0 ../Mem_Test_bsp/\libhal_bsp.a(alt_dcache_flush_all.o)
 .data          0x00000000000051a8      0x1a8 ../Mem_Test_bsp/\libhal_bsp.a(alt_dev.o)
                0x00000000000051a8                alt_dev_null
                0x00000000000051d0                alt_fd_list
 .data          0x0000000000005350        0x0 ../Mem_Test_bsp/\libhal_bsp.a(alt_dev_llist_insert.o)
 .data          0x0000000000005350        0x0 ../Mem_Test_bsp/\libhal_bsp.a(alt_errno.o)
 .data          0x0000000000005350        0x0 ../Mem_Test_bsp/\libhal_bsp.a(alt_icache_flush_all.o)
 .data          0x0000000000005350        0x0 ../Mem_Test_bsp/\libhal_bsp.a(alt_io_redirect.o)
 .data          0x0000000000005350        0x0 ../Mem_Test_bsp/\libhal_bsp.a(alt_open.o)
 .data          0x0000000000005350        0x0 ../Mem_Test_bsp/\libhal_bsp.a(alt_release_fd.o)
 .data          0x0000000000005350        0x0 ../Mem_Test_bsp/\libhal_bsp.a(altera_nios2_gen2_irq.o)
 .data          0x0000000000005350        0x0 ../Mem_Test_bsp/\libhal_bsp.a(alt_find_dev.o)
 .data          0x0000000000005350        0x0 ../Mem_Test_bsp/\libhal_bsp.a(alt_find_file.o)
 .data          0x0000000000005350        0x0 ../Mem_Test_bsp/\libhal_bsp.a(alt_get_fd.o)
 .data          0x0000000000005350        0x0 c:/intelfpga/18.1/nios2eds/bin/gnu/h-x86_64-mingw32/bin/../lib/gcc/nios2-elf/5.3.0/../../../../../H-x86_64-mingw32/nios2-elf/lib/mno-hw-mul\libsmallc.a(lib_a-exit.o)
 .data          0x0000000000005350        0x0 c:/intelfpga/18.1/nios2eds/bin/gnu/h-x86_64-mingw32/bin/../lib/gcc/nios2-elf/5.3.0/../../../../../H-x86_64-mingw32/nios2-elf/lib/mno-hw-mul\libsmallc.a(lib_a-int_errno.o)
 .data          0x0000000000005350        0x0 c:/intelfpga/18.1/nios2eds/bin/gnu/h-x86_64-mingw32/bin/../lib/gcc/nios2-elf/5.3.0/../../../../../H-x86_64-mingw32/nios2-elf/lib/mno-hw-mul\libsmallc.a(lib_a-memcmp.o)
 .data          0x0000000000005350        0x0 c:/intelfpga/18.1/nios2eds/bin/gnu/h-x86_64-mingw32/bin/../lib/gcc/nios2-elf/5.3.0/../../../../../H-x86_64-mingw32/nios2-elf/lib/mno-hw-mul\libsmallc.a(lib_a-strlen.o)
 .data          0x0000000000005350        0x0 c:/intelfpga/18.1/nios2eds/bin/gnu/h-x86_64-mingw32/bin/../lib/gcc/nios2-elf/5.3.0/../../../../../H-x86_64-mingw32/nios2-elf/lib/mno-hw-mul\libsmallc.a(lib_a-__call_atexit.o)
 .data          0x0000000000005350        0x0 c:/intelfpga/18.1/nios2eds/bin/gnu/h-x86_64-mingw32/bin/../lib/gcc/nios2-elf/5.3.0/../../../../../H-x86_64-mingw32/nios2-elf/lib/mno-hw-mul\libsmallc.a(lib_a-impure.o)
 .data.impure_data
                0x0000000000005350       0xe0 c:/intelfpga/18.1/nios2eds/bin/gnu/h-x86_64-mingw32/bin/../lib/gcc/nios2-elf/5.3.0/../../../../../H-x86_64-mingw32/nios2-elf/lib/mno-hw-mul\libsmallc.a(lib_a-impure.o)
 .data          0x0000000000005430        0x0 c:/intelfpga/18.1/nios2eds/bin/gnu/h-x86_64-mingw32/bin/../lib/gcc/nios2-elf/5.3.0/mno-hw-mul\libgcc.a(lib2-mul.o)
 .data          0x0000000000005430        0x0 ../Mem_Test_bsp/\libhal_bsp.a(alt_exit.o)
                0x000000000000d430                _gp = ABSOLUTE ((. + 0x8000))
                [!provide]                        PROVIDE (gp, _gp)
 *(.rwdata .rwdata.*)
 *(.sdata .sdata.* .gnu.linkonce.s.*)
 .sdata         0x0000000000005430        0x8 obj/default/memory_test.o
                0x0000000000005430                LedPtr
                0x0000000000005434                data
 .sdata         0x0000000000005438       0x14 ../Mem_Test_bsp/\libhal_bsp.a(alt_dev.o)
                0x0000000000005438                alt_fs_list
                0x0000000000005440                alt_dev_list
                0x0000000000005448                alt_max_fd
 .sdata         0x000000000000544c        0x4 ../Mem_Test_bsp/\libhal_bsp.a(alt_errno.o)
                0x000000000000544c                alt_errno
 .sdata._global_impure_ptr
                0x0000000000005450        0x4 c:/intelfpga/18.1/nios2eds/bin/gnu/h-x86_64-mingw32/bin/../lib/gcc/nios2-elf/5.3.0/../../../../../H-x86_64-mingw32/nios2-elf/lib/mno-hw-mul\libsmallc.a(lib_a-impure.o)
                0x0000000000005450                _global_impure_ptr
 .sdata._impure_ptr
                0x0000000000005454        0x4 c:/intelfpga/18.1/nios2eds/bin/gnu/h-x86_64-mingw32/bin/../lib/gcc/nios2-elf/5.3.0/../../../../../H-x86_64-mingw32/nios2-elf/lib/mno-hw-mul\libsmallc.a(lib_a-impure.o)
                0x0000000000005454                _impure_ptr
 *(.sdata2 .sdata2.* .gnu.linkonce.s2.*)
                0x0000000000005458                . = ALIGN (0x4)
                0x0000000000005458                _edata = ABSOLUTE (.)
                [!provide]                        PROVIDE (edata, ABSOLUTE (.))
                0x0000000000005458                PROVIDE (__ram_rwdata_end, ABSOLUTE (.))
                0x0000000000005458                PROVIDE (__flash_rwdata_start, LOADADDR (.rwdata))

.bss            0x0000000000005734       0x18
                0x0000000000005734                __bss_start = ABSOLUTE (.)
                [!provide]                        PROVIDE (__sbss_start, ABSOLUTE (.))
                [!provide]                        PROVIDE (___sbss_start, ABSOLUTE (.))
 *(.dynsbss)
 *(.sbss .sbss.* .gnu.linkonce.sb.*)
 .sbss          0x0000000000005734        0x8 obj/default/memory_test.o
                0x0000000000005734                RAMPtr
                0x0000000000005738                start_address
 .sbss          0x000000000000573c        0xc ../Mem_Test_bsp/\libhal_bsp.a(alt_main.o)
                0x000000000000573c                alt_argc
                0x0000000000005740                alt_argv
                0x0000000000005744                alt_envp
 .sbss          0x0000000000005748        0x4 c:/intelfpga/18.1/nios2eds/bin/gnu/h-x86_64-mingw32/bin/../lib/gcc/nios2-elf/5.3.0/../../../../../H-x86_64-mingw32/nios2-elf/lib/mno-hw-mul\libsmallc.a(lib_a-int_errno.o)
                0x0000000000005748                errno
 *(.sbss2 .sbss2.* .gnu.linkonce.sb2.*)
 *(.scommon)
                [!provide]                        PROVIDE (__sbss_end, ABSOLUTE (.))
                [!provide]                        PROVIDE (___sbss_end, ABSOLUTE (.))
 *(.dynbss)
 *(.bss .bss.* .gnu.linkonce.b.*)
 .bss           0x000000000000574c        0x0 ../Mem_Test_bsp//obj/HAL/src/crt0.o
 .bss           0x000000000000574c        0x0 obj/default/memory_test.o
 .bss           0x000000000000574c        0x0 ../Mem_Test_bsp/\libhal_bsp.a(alt_load.o)
 .bss           0x000000000000574c        0x0 ../Mem_Test_bsp/\libhal_bsp.a(alt_main.o)
 .bss           0x000000000000574c        0x0 ../Mem_Test_bsp/\libhal_bsp.a(alt_sys_init.o)
 .bss           0x000000000000574c        0x0 ../Mem_Test_bsp/\libhal_bsp.a(altera_avalon_jtag_uart_fd.o)
 .bss           0x000000000000574c        0x0 ../Mem_Test_bsp/\libhal_bsp.a(altera_avalon_jtag_uart_read.o)
 .bss           0x000000000000574c        0x0 ../Mem_Test_bsp/\libhal_bsp.a(altera_avalon_jtag_uart_write.o)
 .bss           0x000000000000574c        0x0 ../Mem_Test_bsp/\libhal_bsp.a(alt_close.o)
 .bss           0x000000000000574c        0x0 ../Mem_Test_bsp/\libhal_bsp.a(alt_dcache_flush_all.o)
 .bss           0x000000000000574c        0x0 ../Mem_Test_bsp/\libhal_bsp.a(alt_dev.o)
 .bss           0x000000000000574c        0x0 ../Mem_Test_bsp/\libhal_bsp.a(alt_dev_llist_insert.o)
 .bss           0x000000000000574c        0x0 ../Mem_Test_bsp/\libhal_bsp.a(alt_errno.o)
 .bss           0x000000000000574c        0x0 ../Mem_Test_bsp/\libhal_bsp.a(alt_icache_flush_all.o)
 .bss           0x000000000000574c        0x0 ../Mem_Test_bsp/\libhal_bsp.a(alt_io_redirect.o)
 .bss           0x000000000000574c        0x0 ../Mem_Test_bsp/\libhal_bsp.a(alt_open.o)
 .bss           0x000000000000574c        0x0 ../Mem_Test_bsp/\libhal_bsp.a(alt_release_fd.o)
 .bss           0x000000000000574c        0x0 ../Mem_Test_bsp/\libhal_bsp.a(altera_nios2_gen2_irq.o)
 .bss           0x000000000000574c        0x0 ../Mem_Test_bsp/\libhal_bsp.a(alt_find_dev.o)
 .bss           0x000000000000574c        0x0 ../Mem_Test_bsp/\libhal_bsp.a(alt_find_file.o)
 .bss           0x000000000000574c        0x0 ../Mem_Test_bsp/\libhal_bsp.a(alt_get_fd.o)
 .bss           0x000000000000574c        0x0 c:/intelfpga/18.1/nios2eds/bin/gnu/h-x86_64-mingw32/bin/../lib/gcc/nios2-elf/5.3.0/../../../../../H-x86_64-mingw32/nios2-elf/lib/mno-hw-mul\libsmallc.a(lib_a-exit.o)
 .bss           0x000000000000574c        0x0 c:/intelfpga/18.1/nios2eds/bin/gnu/h-x86_64-mingw32/bin/../lib/gcc/nios2-elf/5.3.0/../../../../../H-x86_64-mingw32/nios2-elf/lib/mno-hw-mul\libsmallc.a(lib_a-int_errno.o)
 .bss           0x000000000000574c        0x0 c:/intelfpga/18.1/nios2eds/bin/gnu/h-x86_64-mingw32/bin/../lib/gcc/nios2-elf/5.3.0/../../../../../H-x86_64-mingw32/nios2-elf/lib/mno-hw-mul\libsmallc.a(lib_a-memcmp.o)
 .bss           0x000000000000574c        0x0 c:/intelfpga/18.1/nios2eds/bin/gnu/h-x86_64-mingw32/bin/../lib/gcc/nios2-elf/5.3.0/../../../../../H-x86_64-mingw32/nios2-elf/lib/mno-hw-mul\libsmallc.a(lib_a-strlen.o)
 .bss           0x000000000000574c        0x0 c:/intelfpga/18.1/nios2eds/bin/gnu/h-x86_64-mingw32/bin/../lib/gcc/nios2-elf/5.3.0/../../../../../H-x86_64-mingw32/nios2-elf/lib/mno-hw-mul\libsmallc.a(lib_a-__call_atexit.o)
 .bss           0x000000000000574c        0x0 c:/intelfpga/18.1/nios2eds/bin/gnu/h-x86_64-mingw32/bin/../lib/gcc/nios2-elf/5.3.0/../../../../../H-x86_64-mingw32/nios2-elf/lib/mno-hw-mul\libsmallc.a(lib_a-impure.o)
 .bss           0x000000000000574c        0x0 c:/intelfpga/18.1/nios2eds/bin/gnu/h-x86_64-mingw32/bin/../lib/gcc/nios2-elf/5.3.0/mno-hw-mul\libgcc.a(lib2-mul.o)
 .bss           0x000000000000574c        0x0 ../Mem_Test_bsp/\libhal_bsp.a(alt_exit.o)
 *(COMMON)
                0x000000000000574c                . = ALIGN (0x4)
                0x000000000000574c                __bss_end = ABSOLUTE (.)

.onchip_memory2_0
                0x000000000000574c        0x0
                [!provide]                        PROVIDE (_alt_partition_onchip_memory2_0_start, ABSOLUTE (.))
 *(.onchip_memory2_0 .onchip_memory2_0. onchip_memory2_0.*)
                0x000000000000574c                . = ALIGN (0x4)
                [!provide]                        PROVIDE (_alt_partition_onchip_memory2_0_end, ABSOLUTE (.))
                0x000000000000574c                _end = ABSOLUTE (.)
                0x000000000000574c                end = ABSOLUTE (.)
                0x000000000000574c                __alt_stack_base = ABSOLUTE (.)
                [!provide]                        PROVIDE (_alt_partition_onchip_memory2_0_load_addr, LOADADDR (.onchip_memory2_0))

.stab
 *(.stab)

.stabstr
 *(.stabstr)

.stab.excl
 *(.stab.excl)

.stab.exclstr
 *(.stab.exclstr)

.stab.index
 *(.stab.index)

.stab.indexstr
 *(.stab.indexstr)

.comment        0x0000000000000000       0x23
 *(.comment)
 .comment       0x0000000000000000       0x23 obj/default/memory_test.o
                                         0x24 (size before relaxing)
 .comment       0x0000000000000023       0x24 ../Mem_Test_bsp/\libhal_bsp.a(alt_load.o)
 .comment       0x0000000000000023       0x24 ../Mem_Test_bsp/\libhal_bsp.a(alt_main.o)
 .comment       0x0000000000000023       0x24 ../Mem_Test_bsp/\libhal_bsp.a(alt_sys_init.o)
 .comment       0x0000000000000023       0x24 ../Mem_Test_bsp/\libhal_bsp.a(altera_avalon_jtag_uart_fd.o)
 .comment       0x0000000000000023       0x24 ../Mem_Test_bsp/\libhal_bsp.a(altera_avalon_jtag_uart_read.o)
 .comment       0x0000000000000023       0x24 ../Mem_Test_bsp/\libhal_bsp.a(altera_avalon_jtag_uart_write.o)
 .comment       0x0000000000000023       0x24 ../Mem_Test_bsp/\libhal_bsp.a(alt_close.o)
 .comment       0x0000000000000023       0x24 ../Mem_Test_bsp/\libhal_bsp.a(alt_dcache_flush_all.o)
 .comment       0x0000000000000023       0x24 ../Mem_Test_bsp/\libhal_bsp.a(alt_dev.o)
 .comment       0x0000000000000023       0x24 ../Mem_Test_bsp/\libhal_bsp.a(alt_dev_llist_insert.o)
 .comment       0x0000000000000023       0x24 ../Mem_Test_bsp/\libhal_bsp.a(alt_errno.o)
 .comment       0x0000000000000023       0x24 ../Mem_Test_bsp/\libhal_bsp.a(alt_icache_flush_all.o)
 .comment       0x0000000000000023       0x24 ../Mem_Test_bsp/\libhal_bsp.a(alt_io_redirect.o)
 .comment       0x0000000000000023       0x24 ../Mem_Test_bsp/\libhal_bsp.a(alt_open.o)
 .comment       0x0000000000000023       0x24 ../Mem_Test_bsp/\libhal_bsp.a(alt_release_fd.o)
 .comment       0x0000000000000023       0x24 ../Mem_Test_bsp/\libhal_bsp.a(altera_nios2_gen2_irq.o)
 .comment       0x0000000000000023       0x24 ../Mem_Test_bsp/\libhal_bsp.a(alt_find_dev.o)
 .comment       0x0000000000000023       0x24 ../Mem_Test_bsp/\libhal_bsp.a(alt_find_file.o)
 .comment       0x0000000000000023       0x24 ../Mem_Test_bsp/\libhal_bsp.a(alt_get_fd.o)
 .comment       0x0000000000000023       0x24 c:/intelfpga/18.1/nios2eds/bin/gnu/h-x86_64-mingw32/bin/../lib/gcc/nios2-elf/5.3.0/../../../../../H-x86_64-mingw32/nios2-elf/lib/mno-hw-mul\libsmallc.a(lib_a-exit.o)
 .comment       0x0000000000000023       0x24 c:/intelfpga/18.1/nios2eds/bin/gnu/h-x86_64-mingw32/bin/../lib/gcc/nios2-elf/5.3.0/../../../../../H-x86_64-mingw32/nios2-elf/lib/mno-hw-mul\libsmallc.a(lib_a-int_errno.o)
 .comment       0x0000000000000023       0x24 c:/intelfpga/18.1/nios2eds/bin/gnu/h-x86_64-mingw32/bin/../lib/gcc/nios2-elf/5.3.0/../../../../../H-x86_64-mingw32/nios2-elf/lib/mno-hw-mul\libsmallc.a(lib_a-memcmp.o)
 .comment       0x0000000000000023       0x24 c:/intelfpga/18.1/nios2eds/bin/gnu/h-x86_64-mingw32/bin/../lib/gcc/nios2-elf/5.3.0/../../../../../H-x86_64-mingw32/nios2-elf/lib/mno-hw-mul\libsmallc.a(lib_a-strlen.o)
 .comment       0x0000000000000023       0x24 c:/intelfpga/18.1/nios2eds/bin/gnu/h-x86_64-mingw32/bin/../lib/gcc/nios2-elf/5.3.0/../../../../../H-x86_64-mingw32/nios2-elf/lib/mno-hw-mul\libsmallc.a(lib_a-__call_atexit.o)
 .comment       0x0000000000000023       0x24 c:/intelfpga/18.1/nios2eds/bin/gnu/h-x86_64-mingw32/bin/../lib/gcc/nios2-elf/5.3.0/../../../../../H-x86_64-mingw32/nios2-elf/lib/mno-hw-mul\libsmallc.a(lib_a-impure.o)
 .comment       0x0000000000000023       0x24 c:/intelfpga/18.1/nios2eds/bin/gnu/h-x86_64-mingw32/bin/../lib/gcc/nios2-elf/5.3.0/mno-hw-mul\libgcc.a(lib2-mul.o)
 .comment       0x0000000000000023       0x24 ../Mem_Test_bsp/\libhal_bsp.a(alt_exit.o)

.debug
 *(.debug)

.line
 *(.line)

.debug_srcinfo
 *(.debug_srcinfo)

.debug_sfnames
 *(.debug_sfnames)

.debug_aranges  0x0000000000000000      0x390
 *(.debug_aranges)
 .debug_aranges
                0x0000000000000000       0x28 ../Mem_Test_bsp//obj/HAL/src/crt0.o
 .debug_aranges
                0x0000000000000028       0x20 obj/default/memory_test.o
 .debug_aranges
                0x0000000000000048       0x20 ../Mem_Test_bsp/\libhal_bsp.a(alt_load.o)
 .debug_aranges
                0x0000000000000068       0x20 ../Mem_Test_bsp/\libhal_bsp.a(alt_main.o)
 .debug_aranges
                0x0000000000000088       0x20 ../Mem_Test_bsp/\libhal_bsp.a(alt_sys_init.o)
 .debug_aranges
                0x00000000000000a8       0x20 ../Mem_Test_bsp/\libhal_bsp.a(altera_avalon_jtag_uart_fd.o)
 .debug_aranges
                0x00000000000000c8       0x20 ../Mem_Test_bsp/\libhal_bsp.a(altera_avalon_jtag_uart_read.o)
 .debug_aranges
                0x00000000000000e8       0x20 ../Mem_Test_bsp/\libhal_bsp.a(altera_avalon_jtag_uart_write.o)
 .debug_aranges
                0x0000000000000108       0x20 ../Mem_Test_bsp/\libhal_bsp.a(alt_close.o)
 .debug_aranges
                0x0000000000000128       0x20 ../Mem_Test_bsp/\libhal_bsp.a(alt_dcache_flush_all.o)
 .debug_aranges
                0x0000000000000148       0x20 ../Mem_Test_bsp/\libhal_bsp.a(alt_dev.o)
 .debug_aranges
                0x0000000000000168       0x20 ../Mem_Test_bsp/\libhal_bsp.a(alt_dev_llist_insert.o)
 .debug_aranges
                0x0000000000000188       0x18 ../Mem_Test_bsp/\libhal_bsp.a(alt_errno.o)
 .debug_aranges
                0x00000000000001a0       0x20 ../Mem_Test_bsp/\libhal_bsp.a(alt_icache_flush_all.o)
 .debug_aranges
                0x00000000000001c0       0x20 ../Mem_Test_bsp/\libhal_bsp.a(alt_io_redirect.o)
 .debug_aranges
                0x00000000000001e0       0x20 ../Mem_Test_bsp/\libhal_bsp.a(alt_open.o)
 .debug_aranges
                0x0000000000000200       0x20 ../Mem_Test_bsp/\libhal_bsp.a(alt_release_fd.o)
 .debug_aranges
                0x0000000000000220       0x20 ../Mem_Test_bsp/\libhal_bsp.a(altera_nios2_gen2_irq.o)
 .debug_aranges
                0x0000000000000240       0x20 ../Mem_Test_bsp/\libhal_bsp.a(alt_find_dev.o)
 .debug_aranges
                0x0000000000000260       0x20 ../Mem_Test_bsp/\libhal_bsp.a(alt_find_file.o)
 .debug_aranges
                0x0000000000000280       0x20 ../Mem_Test_bsp/\libhal_bsp.a(alt_get_fd.o)
 .debug_aranges
                0x00000000000002a0       0x20 c:/intelfpga/18.1/nios2eds/bin/gnu/h-x86_64-mingw32/bin/../lib/gcc/nios2-elf/5.3.0/../../../../../H-x86_64-mingw32/nios2-elf/lib/mno-hw-mul\libsmallc.a(lib_a-exit.o)
 .debug_aranges
                0x00000000000002c0       0x18 c:/intelfpga/18.1/nios2eds/bin/gnu/h-x86_64-mingw32/bin/../lib/gcc/nios2-elf/5.3.0/../../../../../H-x86_64-mingw32/nios2-elf/lib/mno-hw-mul\libsmallc.a(lib_a-int_errno.o)
 .debug_aranges
                0x00000000000002d8       0x20 c:/intelfpga/18.1/nios2eds/bin/gnu/h-x86_64-mingw32/bin/../lib/gcc/nios2-elf/5.3.0/../../../../../H-x86_64-mingw32/nios2-elf/lib/mno-hw-mul\libsmallc.a(lib_a-memcmp.o)
 .debug_aranges
                0x00000000000002f8       0x20 c:/intelfpga/18.1/nios2eds/bin/gnu/h-x86_64-mingw32/bin/../lib/gcc/nios2-elf/5.3.0/../../../../../H-x86_64-mingw32/nios2-elf/lib/mno-hw-mul\libsmallc.a(lib_a-strlen.o)
 .debug_aranges
                0x0000000000000318       0x20 c:/intelfpga/18.1/nios2eds/bin/gnu/h-x86_64-mingw32/bin/../lib/gcc/nios2-elf/5.3.0/../../../../../H-x86_64-mingw32/nios2-elf/lib/mno-hw-mul\libsmallc.a(lib_a-__call_atexit.o)
 .debug_aranges
                0x0000000000000338       0x18 c:/intelfpga/18.1/nios2eds/bin/gnu/h-x86_64-mingw32/bin/../lib/gcc/nios2-elf/5.3.0/../../../../../H-x86_64-mingw32/nios2-elf/lib/mno-hw-mul\libsmallc.a(lib_a-impure.o)
 .debug_aranges
                0x0000000000000350       0x20 c:/intelfpga/18.1/nios2eds/bin/gnu/h-x86_64-mingw32/bin/../lib/gcc/nios2-elf/5.3.0/mno-hw-mul\libgcc.a(lib2-mul.o)
 .debug_aranges
                0x0000000000000370       0x20 ../Mem_Test_bsp/\libhal_bsp.a(alt_exit.o)

.debug_pubnames
 *(.debug_pubnames)

.debug_info     0x0000000000000000     0x3fd4
 *(.debug_info .gnu.linkonce.wi.*)
 .debug_info    0x0000000000000000       0x63 ../Mem_Test_bsp//obj/HAL/src/crt0.o
 .debug_info    0x0000000000000063      0x1a3 obj/default/memory_test.o
 .debug_info    0x0000000000000206      0x145 ../Mem_Test_bsp/\libhal_bsp.a(alt_load.o)
 .debug_info    0x000000000000034b      0x131 ../Mem_Test_bsp/\libhal_bsp.a(alt_main.o)
 .debug_info    0x000000000000047c      0x3c9 ../Mem_Test_bsp/\libhal_bsp.a(alt_sys_init.o)
 .debug_info    0x0000000000000845      0x3a7 ../Mem_Test_bsp/\libhal_bsp.a(altera_avalon_jtag_uart_fd.o)
 .debug_info    0x0000000000000bec      0x1b2 ../Mem_Test_bsp/\libhal_bsp.a(altera_avalon_jtag_uart_read.o)
 .debug_info    0x0000000000000d9e      0x195 ../Mem_Test_bsp/\libhal_bsp.a(altera_avalon_jtag_uart_write.o)
 .debug_info    0x0000000000000f33      0x321 ../Mem_Test_bsp/\libhal_bsp.a(alt_close.o)
 .debug_info    0x0000000000001254       0x92 ../Mem_Test_bsp/\libhal_bsp.a(alt_dcache_flush_all.o)
 .debug_info    0x00000000000012e6      0x49c ../Mem_Test_bsp/\libhal_bsp.a(alt_dev.o)
 .debug_info    0x0000000000001782      0x1a9 ../Mem_Test_bsp/\libhal_bsp.a(alt_dev_llist_insert.o)
 .debug_info    0x000000000000192b       0xa6 ../Mem_Test_bsp/\libhal_bsp.a(alt_errno.o)
 .debug_info    0x00000000000019d1       0x92 ../Mem_Test_bsp/\libhal_bsp.a(alt_icache_flush_all.o)
 .debug_info    0x0000000000001a63      0x4a5 ../Mem_Test_bsp/\libhal_bsp.a(alt_io_redirect.o)
 .debug_info    0x0000000000001f08      0x3bb ../Mem_Test_bsp/\libhal_bsp.a(alt_open.o)
 .debug_info    0x00000000000022c3      0x2b0 ../Mem_Test_bsp/\libhal_bsp.a(alt_release_fd.o)
 .debug_info    0x0000000000002573       0x92 ../Mem_Test_bsp/\libhal_bsp.a(altera_nios2_gen2_irq.o)
 .debug_info    0x0000000000002605      0x2e9 ../Mem_Test_bsp/\libhal_bsp.a(alt_find_dev.o)
 .debug_info    0x00000000000028ee      0x2e6 ../Mem_Test_bsp/\libhal_bsp.a(alt_find_file.o)
 .debug_info    0x0000000000002bd4      0x310 ../Mem_Test_bsp/\libhal_bsp.a(alt_get_fd.o)
 .debug_info    0x0000000000002ee4       0xe5 c:/intelfpga/18.1/nios2eds/bin/gnu/h-x86_64-mingw32/bin/../lib/gcc/nios2-elf/5.3.0/../../../../../H-x86_64-mingw32/nios2-elf/lib/mno-hw-mul\libsmallc.a(lib_a-exit.o)
 .debug_info    0x0000000000002fc9       0x8a c:/intelfpga/18.1/nios2eds/bin/gnu/h-x86_64-mingw32/bin/../lib/gcc/nios2-elf/5.3.0/../../../../../H-x86_64-mingw32/nios2-elf/lib/mno-hw-mul\libsmallc.a(lib_a-int_errno.o)
 .debug_info    0x0000000000003053       0xf4 c:/intelfpga/18.1/nios2eds/bin/gnu/h-x86_64-mingw32/bin/../lib/gcc/nios2-elf/5.3.0/../../../../../H-x86_64-mingw32/nios2-elf/lib/mno-hw-mul\libsmallc.a(lib_a-memcmp.o)
 .debug_info    0x0000000000003147       0xc9 c:/intelfpga/18.1/nios2eds/bin/gnu/h-x86_64-mingw32/bin/../lib/gcc/nios2-elf/5.3.0/../../../../../H-x86_64-mingw32/nios2-elf/lib/mno-hw-mul\libsmallc.a(lib_a-strlen.o)
 .debug_info    0x0000000000003210      0x67b c:/intelfpga/18.1/nios2eds/bin/gnu/h-x86_64-mingw32/bin/../lib/gcc/nios2-elf/5.3.0/../../../../../H-x86_64-mingw32/nios2-elf/lib/mno-hw-mul\libsmallc.a(lib_a-__call_atexit.o)
 .debug_info    0x000000000000388b      0x5a9 c:/intelfpga/18.1/nios2eds/bin/gnu/h-x86_64-mingw32/bin/../lib/gcc/nios2-elf/5.3.0/../../../../../H-x86_64-mingw32/nios2-elf/lib/mno-hw-mul\libsmallc.a(lib_a-impure.o)
 .debug_info    0x0000000000003e34       0xb4 c:/intelfpga/18.1/nios2eds/bin/gnu/h-x86_64-mingw32/bin/../lib/gcc/nios2-elf/5.3.0/mno-hw-mul\libgcc.a(lib2-mul.o)
 .debug_info    0x0000000000003ee8       0xec ../Mem_Test_bsp/\libhal_bsp.a(alt_exit.o)

.debug_abbrev   0x0000000000000000     0x1699
 *(.debug_abbrev)
 .debug_abbrev  0x0000000000000000       0x12 ../Mem_Test_bsp//obj/HAL/src/crt0.o
 .debug_abbrev  0x0000000000000012       0xcb obj/default/memory_test.o
 .debug_abbrev  0x00000000000000dd       0x9f ../Mem_Test_bsp/\libhal_bsp.a(alt_load.o)
 .debug_abbrev  0x000000000000017c       0xba ../Mem_Test_bsp/\libhal_bsp.a(alt_main.o)
 .debug_abbrev  0x0000000000000236      0x157 ../Mem_Test_bsp/\libhal_bsp.a(alt_sys_init.o)
 .debug_abbrev  0x000000000000038d       0xf7 ../Mem_Test_bsp/\libhal_bsp.a(altera_avalon_jtag_uart_fd.o)
 .debug_abbrev  0x0000000000000484       0xd5 ../Mem_Test_bsp/\libhal_bsp.a(altera_avalon_jtag_uart_read.o)
 .debug_abbrev  0x0000000000000559       0xd5 ../Mem_Test_bsp/\libhal_bsp.a(altera_avalon_jtag_uart_write.o)
 .debug_abbrev  0x000000000000062e      0x11f ../Mem_Test_bsp/\libhal_bsp.a(alt_close.o)
 .debug_abbrev  0x000000000000074d       0x42 ../Mem_Test_bsp/\libhal_bsp.a(alt_dcache_flush_all.o)
 .debug_abbrev  0x000000000000078f       0xd9 ../Mem_Test_bsp/\libhal_bsp.a(alt_dev.o)
 .debug_abbrev  0x0000000000000868      0x114 ../Mem_Test_bsp/\libhal_bsp.a(alt_dev_llist_insert.o)
 .debug_abbrev  0x000000000000097c       0x5a ../Mem_Test_bsp/\libhal_bsp.a(alt_errno.o)
 .debug_abbrev  0x00000000000009d6       0x42 ../Mem_Test_bsp/\libhal_bsp.a(alt_icache_flush_all.o)
 .debug_abbrev  0x0000000000000a18      0x114 ../Mem_Test_bsp/\libhal_bsp.a(alt_io_redirect.o)
 .debug_abbrev  0x0000000000000b2c      0x148 ../Mem_Test_bsp/\libhal_bsp.a(alt_open.o)
 .debug_abbrev  0x0000000000000c74       0xde ../Mem_Test_bsp/\libhal_bsp.a(alt_release_fd.o)
 .debug_abbrev  0x0000000000000d52       0x42 ../Mem_Test_bsp/\libhal_bsp.a(altera_nios2_gen2_irq.o)
 .debug_abbrev  0x0000000000000d94       0xf0 ../Mem_Test_bsp/\libhal_bsp.a(alt_find_dev.o)
 .debug_abbrev  0x0000000000000e84       0xf0 ../Mem_Test_bsp/\libhal_bsp.a(alt_find_file.o)
 .debug_abbrev  0x0000000000000f74      0x10d ../Mem_Test_bsp/\libhal_bsp.a(alt_get_fd.o)
 .debug_abbrev  0x0000000000001081       0x8b c:/intelfpga/18.1/nios2eds/bin/gnu/h-x86_64-mingw32/bin/../lib/gcc/nios2-elf/5.3.0/../../../../../H-x86_64-mingw32/nios2-elf/lib/mno-hw-mul\libsmallc.a(lib_a-exit.o)
 .debug_abbrev  0x000000000000110c       0x37 c:/intelfpga/18.1/nios2eds/bin/gnu/h-x86_64-mingw32/bin/../lib/gcc/nios2-elf/5.3.0/../../../../../H-x86_64-mingw32/nios2-elf/lib/mno-hw-mul\libsmallc.a(lib_a-int_errno.o)
 .debug_abbrev  0x0000000000001143       0x7f c:/intelfpga/18.1/nios2eds/bin/gnu/h-x86_64-mingw32/bin/../lib/gcc/nios2-elf/5.3.0/../../../../../H-x86_64-mingw32/nios2-elf/lib/mno-hw-mul\libsmallc.a(lib_a-memcmp.o)
 .debug_abbrev  0x00000000000011c2       0x7f c:/intelfpga/18.1/nios2eds/bin/gnu/h-x86_64-mingw32/bin/../lib/gcc/nios2-elf/5.3.0/../../../../../H-x86_64-mingw32/nios2-elf/lib/mno-hw-mul\libsmallc.a(lib_a-strlen.o)
 .debug_abbrev  0x0000000000001241      0x1f6 c:/intelfpga/18.1/nios2eds/bin/gnu/h-x86_64-mingw32/bin/../lib/gcc/nios2-elf/5.3.0/../../../../../H-x86_64-mingw32/nios2-elf/lib/mno-hw-mul\libsmallc.a(lib_a-__call_atexit.o)
 .debug_abbrev  0x0000000000001437      0x14a c:/intelfpga/18.1/nios2eds/bin/gnu/h-x86_64-mingw32/bin/../lib/gcc/nios2-elf/5.3.0/../../../../../H-x86_64-mingw32/nios2-elf/lib/mno-hw-mul\libsmallc.a(lib_a-impure.o)
 .debug_abbrev  0x0000000000001581       0x6f c:/intelfpga/18.1/nios2eds/bin/gnu/h-x86_64-mingw32/bin/../lib/gcc/nios2-elf/5.3.0/mno-hw-mul\libgcc.a(lib2-mul.o)
 .debug_abbrev  0x00000000000015f0       0xa9 ../Mem_Test_bsp/\libhal_bsp.a(alt_exit.o)

.debug_line     0x0000000000000000     0x18ec
 *(.debug_line)
 .debug_line    0x0000000000000000       0x66 ../Mem_Test_bsp//obj/HAL/src/crt0.o
 .debug_line    0x0000000000000066       0x77 obj/default/memory_test.o
 .debug_line    0x00000000000000dd       0x8e ../Mem_Test_bsp/\libhal_bsp.a(alt_load.o)
 .debug_line    0x000000000000016b       0x9e ../Mem_Test_bsp/\libhal_bsp.a(alt_main.o)
 .debug_line    0x0000000000000209      0x127 ../Mem_Test_bsp/\libhal_bsp.a(alt_sys_init.o)
 .debug_line    0x0000000000000330      0x112 ../Mem_Test_bsp/\libhal_bsp.a(altera_avalon_jtag_uart_fd.o)
 .debug_line    0x0000000000000442       0xfd ../Mem_Test_bsp/\libhal_bsp.a(altera_avalon_jtag_uart_read.o)
 .debug_line    0x000000000000053f       0xf4 ../Mem_Test_bsp/\libhal_bsp.a(altera_avalon_jtag_uart_write.o)
 .debug_line    0x0000000000000633      0x160 ../Mem_Test_bsp/\libhal_bsp.a(alt_close.o)
 .debug_line    0x0000000000000793       0x51 ../Mem_Test_bsp/\libhal_bsp.a(alt_dcache_flush_all.o)
 .debug_line    0x00000000000007e4       0xf3 ../Mem_Test_bsp/\libhal_bsp.a(alt_dev.o)
 .debug_line    0x00000000000008d7       0xcf ../Mem_Test_bsp/\libhal_bsp.a(alt_dev_llist_insert.o)
 .debug_line    0x00000000000009a6       0x51 ../Mem_Test_bsp/\libhal_bsp.a(alt_errno.o)
 .debug_line    0x00000000000009f7       0x4f ../Mem_Test_bsp/\libhal_bsp.a(alt_icache_flush_all.o)
 .debug_line    0x0000000000000a46      0x130 ../Mem_Test_bsp/\libhal_bsp.a(alt_io_redirect.o)
 .debug_line    0x0000000000000b76      0x12b ../Mem_Test_bsp/\libhal_bsp.a(alt_open.o)
 .debug_line    0x0000000000000ca1       0xb0 ../Mem_Test_bsp/\libhal_bsp.a(alt_release_fd.o)
 .debug_line    0x0000000000000d51       0x51 ../Mem_Test_bsp/\libhal_bsp.a(altera_nios2_gen2_irq.o)
 .debug_line    0x0000000000000da2       0xb5 ../Mem_Test_bsp/\libhal_bsp.a(alt_find_dev.o)
 .debug_line    0x0000000000000e57       0xd1 ../Mem_Test_bsp/\libhal_bsp.a(alt_find_file.o)
 .debug_line    0x0000000000000f28       0xd7 ../Mem_Test_bsp/\libhal_bsp.a(alt_get_fd.o)
 .debug_line    0x0000000000000fff      0x159 c:/intelfpga/18.1/nios2eds/bin/gnu/h-x86_64-mingw32/bin/../lib/gcc/nios2-elf/5.3.0/../../../../../H-x86_64-mingw32/nios2-elf/lib/mno-hw-mul\libsmallc.a(lib_a-exit.o)
 .debug_line    0x0000000000001158       0x5f c:/intelfpga/18.1/nios2eds/bin/gnu/h-x86_64-mingw32/bin/../lib/gcc/nios2-elf/5.3.0/../../../../../H-x86_64-mingw32/nios2-elf/lib/mno-hw-mul\libsmallc.a(lib_a-int_errno.o)
 .debug_line    0x00000000000011b7      0x160 c:/intelfpga/18.1/nios2eds/bin/gnu/h-x86_64-mingw32/bin/../lib/gcc/nios2-elf/5.3.0/../../../../../H-x86_64-mingw32/nios2-elf/lib/mno-hw-mul\libsmallc.a(lib_a-memcmp.o)
 .debug_line    0x0000000000001317      0x15c c:/intelfpga/18.1/nios2eds/bin/gnu/h-x86_64-mingw32/bin/../lib/gcc/nios2-elf/5.3.0/../../../../../H-x86_64-mingw32/nios2-elf/lib/mno-hw-mul\libsmallc.a(lib_a-strlen.o)
 .debug_line    0x0000000000001473      0x232 c:/intelfpga/18.1/nios2eds/bin/gnu/h-x86_64-mingw32/bin/../lib/gcc/nios2-elf/5.3.0/../../../../../H-x86_64-mingw32/nios2-elf/lib/mno-hw-mul\libsmallc.a(lib_a-__call_atexit.o)
 .debug_line    0x00000000000016a5      0x156 c:/intelfpga/18.1/nios2eds/bin/gnu/h-x86_64-mingw32/bin/../lib/gcc/nios2-elf/5.3.0/../../../../../H-x86_64-mingw32/nios2-elf/lib/mno-hw-mul\libsmallc.a(lib_a-impure.o)
 .debug_line    0x00000000000017fb       0x80 c:/intelfpga/18.1/nios2eds/bin/gnu/h-x86_64-mingw32/bin/../lib/gcc/nios2-elf/5.3.0/mno-hw-mul\libgcc.a(lib2-mul.o)
 .debug_line    0x000000000000187b       0x71 ../Mem_Test_bsp/\libhal_bsp.a(alt_exit.o)

.debug_frame    0x0000000000000000      0x698
 *(.debug_frame)
 .debug_frame   0x0000000000000000       0x50 obj/default/memory_test.o
 .debug_frame   0x0000000000000050       0x5c ../Mem_Test_bsp/\libhal_bsp.a(alt_load.o)
 .debug_frame   0x00000000000000ac       0x2c ../Mem_Test_bsp/\libhal_bsp.a(alt_main.o)
 .debug_frame   0x00000000000000d8       0x88 ../Mem_Test_bsp/\libhal_bsp.a(alt_sys_init.o)
 .debug_frame   0x0000000000000160       0x60 ../Mem_Test_bsp/\libhal_bsp.a(altera_avalon_jtag_uart_fd.o)
 .debug_frame   0x00000000000001c0       0x34 ../Mem_Test_bsp/\libhal_bsp.a(altera_avalon_jtag_uart_read.o)
 .debug_frame   0x00000000000001f4       0x34 ../Mem_Test_bsp/\libhal_bsp.a(altera_avalon_jtag_uart_write.o)
 .debug_frame   0x0000000000000228       0x60 ../Mem_Test_bsp/\libhal_bsp.a(alt_close.o)
 .debug_frame   0x0000000000000288       0x34 ../Mem_Test_bsp/\libhal_bsp.a(alt_dcache_flush_all.o)
 .debug_frame   0x00000000000002bc       0x34 ../Mem_Test_bsp/\libhal_bsp.a(alt_dev.o)
 .debug_frame   0x00000000000002f0       0x60 ../Mem_Test_bsp/\libhal_bsp.a(alt_dev_llist_insert.o)
 .debug_frame   0x0000000000000350       0x34 ../Mem_Test_bsp/\libhal_bsp.a(alt_icache_flush_all.o)
 .debug_frame   0x0000000000000384       0x64 ../Mem_Test_bsp/\libhal_bsp.a(alt_io_redirect.o)
 .debug_frame   0x00000000000003e8       0x8c ../Mem_Test_bsp/\libhal_bsp.a(alt_open.o)
 .debug_frame   0x0000000000000474       0x3c ../Mem_Test_bsp/\libhal_bsp.a(alt_release_fd.o)
 .debug_frame   0x00000000000004b0       0x34 ../Mem_Test_bsp/\libhal_bsp.a(altera_nios2_gen2_irq.o)
 .debug_frame   0x00000000000004e4       0x38 ../Mem_Test_bsp/\libhal_bsp.a(alt_find_dev.o)
 .debug_frame   0x000000000000051c       0x38 ../Mem_Test_bsp/\libhal_bsp.a(alt_find_file.o)
 .debug_frame   0x0000000000000554       0x3c ../Mem_Test_bsp/\libhal_bsp.a(alt_get_fd.o)
 .debug_frame   0x0000000000000590       0x28 c:/intelfpga/18.1/nios2eds/bin/gnu/h-x86_64-mingw32/bin/../lib/gcc/nios2-elf/5.3.0/../../../../../H-x86_64-mingw32/nios2-elf/lib/mno-hw-mul\libsmallc.a(lib_a-exit.o)
 .debug_frame   0x00000000000005b8       0x20 c:/intelfpga/18.1/nios2eds/bin/gnu/h-x86_64-mingw32/bin/../lib/gcc/nios2-elf/5.3.0/../../../../../H-x86_64-mingw32/nios2-elf/lib/mno-hw-mul\libsmallc.a(lib_a-memcmp.o)
 .debug_frame   0x00000000000005d8       0x20 c:/intelfpga/18.1/nios2eds/bin/gnu/h-x86_64-mingw32/bin/../lib/gcc/nios2-elf/5.3.0/../../../../../H-x86_64-mingw32/nios2-elf/lib/mno-hw-mul\libsmallc.a(lib_a-strlen.o)
 .debug_frame   0x00000000000005f8       0x54 c:/intelfpga/18.1/nios2eds/bin/gnu/h-x86_64-mingw32/bin/../lib/gcc/nios2-elf/5.3.0/../../../../../H-x86_64-mingw32/nios2-elf/lib/mno-hw-mul\libsmallc.a(lib_a-__call_atexit.o)
 .debug_frame   0x000000000000064c       0x20 c:/intelfpga/18.1/nios2eds/bin/gnu/h-x86_64-mingw32/bin/../lib/gcc/nios2-elf/5.3.0/mno-hw-mul\libgcc.a(lib2-mul.o)
 .debug_frame   0x000000000000066c       0x2c ../Mem_Test_bsp/\libhal_bsp.a(alt_exit.o)

.debug_str      0x0000000000000000     0x10e0
 *(.debug_str)
 .debug_str     0x0000000000000000      0x147 obj/default/memory_test.o
                                        0x18a (size before relaxing)
 .debug_str     0x0000000000000147      0x120 ../Mem_Test_bsp/\libhal_bsp.a(alt_load.o)
                                        0x207 (size before relaxing)
 .debug_str     0x0000000000000267       0x70 ../Mem_Test_bsp/\libhal_bsp.a(alt_main.o)
                                        0x192 (size before relaxing)
 .debug_str     0x00000000000002d7      0x15e ../Mem_Test_bsp/\libhal_bsp.a(alt_sys_init.o)
                                        0x2c9 (size before relaxing)
 .debug_str     0x0000000000000435       0x77 ../Mem_Test_bsp/\libhal_bsp.a(altera_avalon_jtag_uart_fd.o)
                                        0x2ca (size before relaxing)
 .debug_str     0x00000000000004ac       0x48 ../Mem_Test_bsp/\libhal_bsp.a(altera_avalon_jtag_uart_read.o)
                                        0x214 (size before relaxing)
 .debug_str     0x00000000000004f4       0x4a ../Mem_Test_bsp/\libhal_bsp.a(altera_avalon_jtag_uart_write.o)
                                        0x20a (size before relaxing)
 .debug_str     0x000000000000053e       0x44 ../Mem_Test_bsp/\libhal_bsp.a(alt_close.o)
                                        0x200 (size before relaxing)
 .debug_str     0x0000000000000582       0x34 ../Mem_Test_bsp/\libhal_bsp.a(alt_dcache_flush_all.o)
                                        0x14a (size before relaxing)
 .debug_str     0x00000000000005b6      0x120 ../Mem_Test_bsp/\libhal_bsp.a(alt_dev.o)
                                        0x2fa (size before relaxing)
 .debug_str     0x00000000000006d6       0x4b ../Mem_Test_bsp/\libhal_bsp.a(alt_dev_llist_insert.o)
                                        0x1c1 (size before relaxing)
 .debug_str     0x0000000000000721       0x14 ../Mem_Test_bsp/\libhal_bsp.a(alt_errno.o)
                                        0x13a (size before relaxing)
 .debug_str     0x0000000000000735       0x34 ../Mem_Test_bsp/\libhal_bsp.a(alt_icache_flush_all.o)
                                        0x14a (size before relaxing)
 .debug_str     0x0000000000000769       0x56 ../Mem_Test_bsp/\libhal_bsp.a(alt_io_redirect.o)
                                        0x30b (size before relaxing)
 .debug_str     0x00000000000007bf       0x36 ../Mem_Test_bsp/\libhal_bsp.a(alt_open.o)
                                        0x240 (size before relaxing)
 .debug_str     0x00000000000007f5       0x28 ../Mem_Test_bsp/\libhal_bsp.a(alt_release_fd.o)
                                        0x1c8 (size before relaxing)
 .debug_str     0x000000000000081d       0x3b ../Mem_Test_bsp/\libhal_bsp.a(altera_nios2_gen2_irq.o)
                                        0x151 (size before relaxing)
 .debug_str     0x0000000000000858       0x24 ../Mem_Test_bsp/\libhal_bsp.a(alt_find_dev.o)
                                        0x1e1 (size before relaxing)
 .debug_str     0x000000000000087c       0x26 ../Mem_Test_bsp/\libhal_bsp.a(alt_find_file.o)
                                        0x1ef (size before relaxing)
 .debug_str     0x00000000000008a2       0x30 ../Mem_Test_bsp/\libhal_bsp.a(alt_get_fd.o)
                                        0x211 (size before relaxing)
 .debug_str     0x00000000000008d2      0x142 c:/intelfpga/18.1/nios2eds/bin/gnu/h-x86_64-mingw32/bin/../lib/gcc/nios2-elf/5.3.0/../../../../../H-x86_64-mingw32/nios2-elf/lib/mno-hw-mul\libsmallc.a(lib_a-exit.o)
                                        0x1f0 (size before relaxing)
 .debug_str     0x0000000000000a14       0xd3 c:/intelfpga/18.1/nios2eds/bin/gnu/h-x86_64-mingw32/bin/../lib/gcc/nios2-elf/5.3.0/../../../../../H-x86_64-mingw32/nios2-elf/lib/mno-hw-mul\libsmallc.a(lib_a-int_errno.o)
                                        0x1d8 (size before relaxing)
 .debug_str     0x0000000000000ae7       0xe0 c:/intelfpga/18.1/nios2eds/bin/gnu/h-x86_64-mingw32/bin/../lib/gcc/nios2-elf/5.3.0/../../../../../H-x86_64-mingw32/nios2-elf/lib/mno-hw-mul\libsmallc.a(lib_a-memcmp.o)
                                        0x1df (size before relaxing)
 .debug_str     0x0000000000000bc7       0x44 c:/intelfpga/18.1/nios2eds/bin/gnu/h-x86_64-mingw32/bin/../lib/gcc/nios2-elf/5.3.0/../../../../../H-x86_64-mingw32/nios2-elf/lib/mno-hw-mul\libsmallc.a(lib_a-strlen.o)
                                        0x1e5 (size before relaxing)
 .debug_str     0x0000000000000c0b      0x31b c:/intelfpga/18.1/nios2eds/bin/gnu/h-x86_64-mingw32/bin/../lib/gcc/nios2-elf/5.3.0/../../../../../H-x86_64-mingw32/nios2-elf/lib/mno-hw-mul\libsmallc.a(lib_a-__call_atexit.o)
                                        0x4eb (size before relaxing)
 .debug_str     0x0000000000000f26       0x48 c:/intelfpga/18.1/nios2eds/bin/gnu/h-x86_64-mingw32/bin/../lib/gcc/nios2-elf/5.3.0/../../../../../H-x86_64-mingw32/nios2-elf/lib/mno-hw-mul\libsmallc.a(lib_a-impure.o)
                                        0x4be (size before relaxing)
 .debug_str     0x0000000000000f6e      0x148 c:/intelfpga/18.1/nios2eds/bin/gnu/h-x86_64-mingw32/bin/../lib/gcc/nios2-elf/5.3.0/mno-hw-mul\libgcc.a(lib2-mul.o)
                                        0x193 (size before relaxing)
 .debug_str     0x00000000000010b6       0x2a ../Mem_Test_bsp/\libhal_bsp.a(alt_exit.o)
                                        0x146 (size before relaxing)

.debug_loc      0x0000000000000000      0x2ba
 *(.debug_loc)
 .debug_loc     0x0000000000000000       0x1e c:/intelfpga/18.1/nios2eds/bin/gnu/h-x86_64-mingw32/bin/../lib/gcc/nios2-elf/5.3.0/../../../../../H-x86_64-mingw32/nios2-elf/lib/mno-hw-mul\libsmallc.a(lib_a-exit.o)
 .debug_loc     0x000000000000001e       0x94 c:/intelfpga/18.1/nios2eds/bin/gnu/h-x86_64-mingw32/bin/../lib/gcc/nios2-elf/5.3.0/../../../../../H-x86_64-mingw32/nios2-elf/lib/mno-hw-mul\libsmallc.a(lib_a-memcmp.o)
 .debug_loc     0x00000000000000b2       0x1e c:/intelfpga/18.1/nios2eds/bin/gnu/h-x86_64-mingw32/bin/../lib/gcc/nios2-elf/5.3.0/../../../../../H-x86_64-mingw32/nios2-elf/lib/mno-hw-mul\libsmallc.a(lib_a-strlen.o)
 .debug_loc     0x00000000000000d0      0x157 c:/intelfpga/18.1/nios2eds/bin/gnu/h-x86_64-mingw32/bin/../lib/gcc/nios2-elf/5.3.0/../../../../../H-x86_64-mingw32/nios2-elf/lib/mno-hw-mul\libsmallc.a(lib_a-__call_atexit.o)
 .debug_loc     0x0000000000000227       0x93 c:/intelfpga/18.1/nios2eds/bin/gnu/h-x86_64-mingw32/bin/../lib/gcc/nios2-elf/5.3.0/mno-hw-mul\libgcc.a(lib2-mul.o)

.debug_macinfo
 *(.debug_macinfo)

.debug_weaknames
 *(.debug_weaknames)

.debug_funcnames
 *(.debug_funcnames)

.debug_typenames
 *(.debug_typenames)

.debug_varnames
 *(.debug_varnames)

.debug_alt_sim_info
                0x0000000000000000       0x10
 *(.debug_alt_sim_info)
 .debug_alt_sim_info
                0x0000000000000000       0x10 ../Mem_Test_bsp//obj/HAL/src/crt0.o
                0x0000000000008000                __alt_data_end = 0x8000
                0x0000000000008000                PROVIDE (__alt_stack_pointer, __alt_data_end)
                [!provide]                        PROVIDE (__alt_stack_limit, __alt_stack_base)
                [!provide]                        PROVIDE (__alt_heap_start, end)
                [!provide]                        PROVIDE (__alt_heap_limit, 0x8000)
OUTPUT(Mem_Test.elf elf32-littlenios2)

.debug_ranges   0x0000000000000000       0x90
 .debug_ranges  0x0000000000000000       0x20 ../Mem_Test_bsp//obj/HAL/src/crt0.o
 .debug_ranges  0x0000000000000020       0x18 ../Mem_Test_bsp/\libhal_bsp.a(altera_avalon_jtag_uart_read.o)
 .debug_ranges  0x0000000000000038       0x10 c:/intelfpga/18.1/nios2eds/bin/gnu/h-x86_64-mingw32/bin/../lib/gcc/nios2-elf/5.3.0/../../../../../H-x86_64-mingw32/nios2-elf/lib/mno-hw-mul\libsmallc.a(lib_a-exit.o)
 .debug_ranges  0x0000000000000048       0x10 c:/intelfpga/18.1/nios2eds/bin/gnu/h-x86_64-mingw32/bin/../lib/gcc/nios2-elf/5.3.0/../../../../../H-x86_64-mingw32/nios2-elf/lib/mno-hw-mul\libsmallc.a(lib_a-memcmp.o)
 .debug_ranges  0x0000000000000058       0x10 c:/intelfpga/18.1/nios2eds/bin/gnu/h-x86_64-mingw32/bin/../lib/gcc/nios2-elf/5.3.0/../../../../../H-x86_64-mingw32/nios2-elf/lib/mno-hw-mul\libsmallc.a(lib_a-strlen.o)
 .debug_ranges  0x0000000000000068       0x28 c:/intelfpga/18.1/nios2eds/bin/gnu/h-x86_64-mingw32/bin/../lib/gcc/nios2-elf/5.3.0/../../../../../H-x86_64-mingw32/nios2-elf/lib/mno-hw-mul\libsmallc.a(lib_a-__call_atexit.o)
