Archive member included to satisfy reference by file (symbol)

../Arbitration_demo_bsp/\libhal_bsp.a(alt_load.o)
                              ../Arbitration_demo_bsp//obj/HAL/src/crt0.o (alt_load)
../Arbitration_demo_bsp/\libhal_bsp.a(alt_main.o)
                              ../Arbitration_demo_bsp//obj/HAL/src/crt0.o (alt_main)
../Arbitration_demo_bsp/\libhal_bsp.a(alt_sys_init.o)
                              ../Arbitration_demo_bsp/\libhal_bsp.a(alt_main.o) (alt_irq_init)
../Arbitration_demo_bsp/\libhal_bsp.a(altera_avalon_jtag_uart_fd.o)
                              ../Arbitration_demo_bsp/\libhal_bsp.a(alt_sys_init.o) (altera_avalon_jtag_uart_read_fd)
../Arbitration_demo_bsp/\libhal_bsp.a(altera_avalon_jtag_uart_init.o)
                              ../Arbitration_demo_bsp/\libhal_bsp.a(alt_sys_init.o) (altera_avalon_jtag_uart_init)
../Arbitration_demo_bsp/\libhal_bsp.a(altera_avalon_jtag_uart_ioctl.o)
                              ../Arbitration_demo_bsp/\libhal_bsp.a(altera_avalon_jtag_uart_fd.o) (altera_avalon_jtag_uart_ioctl)
../Arbitration_demo_bsp/\libhal_bsp.a(altera_avalon_jtag_uart_read.o)
                              ../Arbitration_demo_bsp/\libhal_bsp.a(altera_avalon_jtag_uart_fd.o) (altera_avalon_jtag_uart_read)
../Arbitration_demo_bsp/\libhal_bsp.a(altera_avalon_jtag_uart_write.o)
                              ../Arbitration_demo_bsp/\libhal_bsp.a(altera_avalon_jtag_uart_fd.o) (altera_avalon_jtag_uart_write)
../Arbitration_demo_bsp/\libhal_bsp.a(alt_alarm_start.o)
                              ../Arbitration_demo_bsp/\libhal_bsp.a(altera_avalon_jtag_uart_init.o) (alt_alarm_start)
../Arbitration_demo_bsp/\libhal_bsp.a(alt_close.o)
                              ../Arbitration_demo_bsp/\libhal_bsp.a(alt_main.o) (close)
../Arbitration_demo_bsp/\libhal_bsp.a(alt_dcache_flush_all.o)
                              ../Arbitration_demo_bsp/\libhal_bsp.a(alt_load.o) (alt_dcache_flush_all)
../Arbitration_demo_bsp/\libhal_bsp.a(alt_dev.o)
                              ../Arbitration_demo_bsp/\libhal_bsp.a(alt_sys_init.o) (alt_dev_list)
../Arbitration_demo_bsp/\libhal_bsp.a(alt_dev_llist_insert.o)
                              ../Arbitration_demo_bsp/\libhal_bsp.a(alt_sys_init.o) (alt_dev_llist_insert)
../Arbitration_demo_bsp/\libhal_bsp.a(alt_do_ctors.o)
                              ../Arbitration_demo_bsp/\libhal_bsp.a(alt_main.o) (_do_ctors)
../Arbitration_demo_bsp/\libhal_bsp.a(alt_do_dtors.o)
                              ../Arbitration_demo_bsp/\libhal_bsp.a(alt_main.o) (_do_dtors)
../Arbitration_demo_bsp/\libhal_bsp.a(alt_errno.o)
                              ../Arbitration_demo_bsp/\libhal_bsp.a(alt_close.o) (alt_errno)
../Arbitration_demo_bsp/\libhal_bsp.a(alt_icache_flush_all.o)
                              ../Arbitration_demo_bsp/\libhal_bsp.a(alt_load.o) (alt_icache_flush_all)
../Arbitration_demo_bsp/\libhal_bsp.a(alt_iic.o)
                              ../Arbitration_demo_bsp/\libhal_bsp.a(altera_avalon_jtag_uart_init.o) (alt_ic_isr_register)
../Arbitration_demo_bsp/\libhal_bsp.a(alt_iic_isr_register.o)
                              ../Arbitration_demo_bsp/\libhal_bsp.a(alt_iic.o) (alt_iic_isr_register)
../Arbitration_demo_bsp/\libhal_bsp.a(alt_io_redirect.o)
                              ../Arbitration_demo_bsp/\libhal_bsp.a(alt_main.o) (alt_io_redirect)
../Arbitration_demo_bsp/\libhal_bsp.a(alt_irq_entry.o)
                              ../Arbitration_demo_bsp/\libhal_bsp.a(alt_iic_isr_register.o) (alt_irq_entry)
../Arbitration_demo_bsp/\libhal_bsp.a(alt_irq_handler.o)
                              ../Arbitration_demo_bsp/\libhal_bsp.a(alt_iic_isr_register.o) (alt_irq)
../Arbitration_demo_bsp/\libhal_bsp.a(alt_irq_vars.o)
                              ../Arbitration_demo_bsp/\libhal_bsp.a(alt_iic.o) (alt_irq_active)
../Arbitration_demo_bsp/\libhal_bsp.a(alt_open.o)
                              ../Arbitration_demo_bsp/\libhal_bsp.a(alt_io_redirect.o) (open)
../Arbitration_demo_bsp/\libhal_bsp.a(alt_release_fd.o)
                              ../Arbitration_demo_bsp/\libhal_bsp.a(alt_close.o) (alt_release_fd)
../Arbitration_demo_bsp/\libhal_bsp.a(alt_tick.o)
                              ../Arbitration_demo_bsp/\libhal_bsp.a(altera_avalon_jtag_uart_init.o) (_alt_tick_rate)
../Arbitration_demo_bsp/\libhal_bsp.a(altera_nios2_gen2_irq.o)
                              ../Arbitration_demo_bsp/\libhal_bsp.a(alt_sys_init.o) (altera_nios2_gen2_irq_init)
../Arbitration_demo_bsp/\libhal_bsp.a(alt_exception_entry.o)
                              ../Arbitration_demo_bsp/\libhal_bsp.a(alt_irq_entry.o) (alt_exception)
../Arbitration_demo_bsp/\libhal_bsp.a(alt_find_dev.o)
                              ../Arbitration_demo_bsp/\libhal_bsp.a(alt_open.o) (alt_find_dev)
../Arbitration_demo_bsp/\libhal_bsp.a(alt_find_file.o)
                              ../Arbitration_demo_bsp/\libhal_bsp.a(alt_open.o) (alt_find_file)
../Arbitration_demo_bsp/\libhal_bsp.a(alt_get_fd.o)
                              ../Arbitration_demo_bsp/\libhal_bsp.a(alt_open.o) (alt_get_fd)
../Arbitration_demo_bsp/\libhal_bsp.a(alt_instruction_exception_entry.o)
                              ../Arbitration_demo_bsp/\libhal_bsp.a(alt_exception_entry.o) (alt_instruction_exception_entry)
d:/quartus_lite_18.1/nios2eds/bin/gnu/h-x86_64-mingw32/bin/../lib/gcc/nios2-elf/5.3.0/../../../../../H-x86_64-mingw32/nios2-elf/lib/mno-hw-mul\libc.a(lib_a-atexit.o)
                              ../Arbitration_demo_bsp/\libhal_bsp.a(alt_main.o) (atexit)
d:/quartus_lite_18.1/nios2eds/bin/gnu/h-x86_64-mingw32/bin/../lib/gcc/nios2-elf/5.3.0/../../../../../H-x86_64-mingw32/nios2-elf/lib/mno-hw-mul\libc.a(lib_a-exit.o)
                              ../Arbitration_demo_bsp/\libhal_bsp.a(alt_main.o) (exit)
d:/quartus_lite_18.1/nios2eds/bin/gnu/h-x86_64-mingw32/bin/../lib/gcc/nios2-elf/5.3.0/../../../../../H-x86_64-mingw32/nios2-elf/lib/mno-hw-mul\libc.a(lib_a-impure.o)
                              d:/quartus_lite_18.1/nios2eds/bin/gnu/h-x86_64-mingw32/bin/../lib/gcc/nios2-elf/5.3.0/../../../../../H-x86_64-mingw32/nios2-elf/lib/mno-hw-mul\libc.a(lib_a-exit.o) (_global_impure_ptr)
d:/quartus_lite_18.1/nios2eds/bin/gnu/h-x86_64-mingw32/bin/../lib/gcc/nios2-elf/5.3.0/../../../../../H-x86_64-mingw32/nios2-elf/lib/mno-hw-mul\libc.a(lib_a-int_errno.o)
                              ../Arbitration_demo_bsp/\libhal_bsp.a(alt_close.o) (errno)
d:/quartus_lite_18.1/nios2eds/bin/gnu/h-x86_64-mingw32/bin/../lib/gcc/nios2-elf/5.3.0/../../../../../H-x86_64-mingw32/nios2-elf/lib/mno-hw-mul\libc.a(lib_a-memcmp.o)
                              ../Arbitration_demo_bsp/\libhal_bsp.a(alt_find_dev.o) (memcmp)
d:/quartus_lite_18.1/nios2eds/bin/gnu/h-x86_64-mingw32/bin/../lib/gcc/nios2-elf/5.3.0/../../../../../H-x86_64-mingw32/nios2-elf/lib/mno-hw-mul\libc.a(lib_a-memcpy.o)
                              ../Arbitration_demo_bsp/\libhal_bsp.a(altera_avalon_jtag_uart_read.o) (memcpy)
d:/quartus_lite_18.1/nios2eds/bin/gnu/h-x86_64-mingw32/bin/../lib/gcc/nios2-elf/5.3.0/../../../../../H-x86_64-mingw32/nios2-elf/lib/mno-hw-mul\libc.a(lib_a-strlen.o)
                              ../Arbitration_demo_bsp/\libhal_bsp.a(alt_find_dev.o) (strlen)
d:/quartus_lite_18.1/nios2eds/bin/gnu/h-x86_64-mingw32/bin/../lib/gcc/nios2-elf/5.3.0/../../../../../H-x86_64-mingw32/nios2-elf/lib/mno-hw-mul\libc.a(lib_a-__atexit.o)
                              d:/quartus_lite_18.1/nios2eds/bin/gnu/h-x86_64-mingw32/bin/../lib/gcc/nios2-elf/5.3.0/../../../../../H-x86_64-mingw32/nios2-elf/lib/mno-hw-mul\libc.a(lib_a-atexit.o) (__register_exitproc)
d:/quartus_lite_18.1/nios2eds/bin/gnu/h-x86_64-mingw32/bin/../lib/gcc/nios2-elf/5.3.0/../../../../../H-x86_64-mingw32/nios2-elf/lib/mno-hw-mul\libc.a(lib_a-__call_atexit.o)
                              d:/quartus_lite_18.1/nios2eds/bin/gnu/h-x86_64-mingw32/bin/../lib/gcc/nios2-elf/5.3.0/../../../../../H-x86_64-mingw32/nios2-elf/lib/mno-hw-mul\libc.a(lib_a-exit.o) (__call_exitprocs)
d:/quartus_lite_18.1/nios2eds/bin/gnu/h-x86_64-mingw32/bin/../lib/gcc/nios2-elf/5.3.0/mno-hw-mul\libgcc.a(lib2-mul.o)
                              ../Arbitration_demo_bsp/\libhal_bsp.a(alt_close.o) (__mulsi3)
../Arbitration_demo_bsp/\libhal_bsp.a(alt_exit.o)
                              d:/quartus_lite_18.1/nios2eds/bin/gnu/h-x86_64-mingw32/bin/../lib/gcc/nios2-elf/5.3.0/../../../../../H-x86_64-mingw32/nios2-elf/lib/mno-hw-mul\libc.a(lib_a-exit.o) (_exit)

Allocating common symbols
Common symbol       size              file

alt_irq             0x100             ../Arbitration_demo_bsp/\libhal_bsp.a(alt_irq_handler.o)
errno               0x4               d:/quartus_lite_18.1/nios2eds/bin/gnu/h-x86_64-mingw32/bin/../lib/gcc/nios2-elf/5.3.0/../../../../../H-x86_64-mingw32/nios2-elf/lib/mno-hw-mul\libc.a(lib_a-int_errno.o)

Memory Configuration

Name             Origin             Length             Attributes
reset            0x0000000000010000 0x0000000000000020
onchip_memory2_0 0x0000000000010020 0x0000000000007fe0
*default*        0x0000000000000000 0xffffffffffffffff

Linker script and memory map

LOAD ../Arbitration_demo_bsp//obj/HAL/src/crt0.o
LOAD obj/default/Arbitration_part1.o
LOAD d:/quartus_lite_18.1/nios2eds/bin/gnu/h-x86_64-mingw32/bin/../lib/gcc/nios2-elf/5.3.0/../../../../../H-x86_64-mingw32/nios2-elf/lib/mno-hw-mul\libstdc++.a
LOAD d:/quartus_lite_18.1/nios2eds/bin/gnu/h-x86_64-mingw32/bin/../lib/gcc/nios2-elf/5.3.0/../../../../../H-x86_64-mingw32/nios2-elf/lib/mno-hw-mul\libm.a
LOAD d:/quartus_lite_18.1/nios2eds/bin/gnu/h-x86_64-mingw32/bin/../lib/gcc/nios2-elf/5.3.0/mno-hw-mul\libgcc.a
START GROUP
LOAD d:/quartus_lite_18.1/nios2eds/bin/gnu/h-x86_64-mingw32/bin/../lib/gcc/nios2-elf/5.3.0/../../../../../H-x86_64-mingw32/nios2-elf/lib/mno-hw-mul\libc.a
LOAD d:/quartus_lite_18.1/nios2eds/bin/gnu/h-x86_64-mingw32/bin/../lib/gcc/nios2-elf/5.3.0/mno-hw-mul\libgcc.a
LOAD ../Arbitration_demo_bsp/\libhal_bsp.a
LOAD d:/quartus_lite_18.1/nios2eds/bin/gnu/h-x86_64-mingw32/bin/../lib/gcc/nios2-elf/5.3.0/../../../../../H-x86_64-mingw32/nios2-elf/lib/mno-hw-mul\libm.a
END GROUP
LOAD d:/quartus_lite_18.1/nios2eds/bin/gnu/h-x86_64-mingw32/bin/../lib/gcc/nios2-elf/5.3.0/mno-hw-mul\libgcc.a
                0x0000000000010000                __alt_mem_onchip_memory2_0 = 0x10000

.entry          0x0000000000010000       0x20
 *(.entry)
 .entry         0x0000000000010000       0x20 ../Arbitration_demo_bsp//obj/HAL/src/crt0.o
                0x0000000000010000                __reset

.exceptions     0x0000000000010020      0x210
                0x0000000000010020                PROVIDE (__ram_exceptions_start, ABSOLUTE (.))
                0x0000000000010020                . = ALIGN (0x20)
 *(.irq)
 *(.exceptions.entry.label)
 .exceptions.entry.label
                0x0000000000010020        0x0 ../Arbitration_demo_bsp/\libhal_bsp.a(alt_irq_entry.o)
                0x0000000000010020                alt_irq_entry
 .exceptions.entry.label
                0x0000000000010020        0x0 ../Arbitration_demo_bsp/\libhal_bsp.a(alt_exception_entry.o)
                0x0000000000010020                alt_exception
 *(.exceptions.entry.user)
 *(.exceptions.entry.ecc_fatal)
 *(.exceptions.entry)
 .exceptions.entry
                0x0000000000010020       0x54 ../Arbitration_demo_bsp/\libhal_bsp.a(alt_exception_entry.o)
 *(.exceptions.irqtest.user)
 *(.exceptions.irqtest)
 .exceptions.irqtest
                0x0000000000010074       0x10 ../Arbitration_demo_bsp/\libhal_bsp.a(alt_irq_entry.o)
 *(.exceptions.irqhandler.user)
 *(.exceptions.irqhandler)
 .exceptions.irqhandler
                0x0000000000010084        0x4 ../Arbitration_demo_bsp/\libhal_bsp.a(alt_irq_entry.o)
 *(.exceptions.irqreturn.user)
 *(.exceptions.irqreturn)
 .exceptions.irqreturn
                0x0000000000010088        0x4 ../Arbitration_demo_bsp/\libhal_bsp.a(alt_irq_entry.o)
 *(.exceptions.notirq.label)
 .exceptions.notirq.label
                0x000000000001008c        0x0 ../Arbitration_demo_bsp/\libhal_bsp.a(alt_irq_entry.o)
 *(.exceptions.notirq.user)
 *(.exceptions.notirq)
 .exceptions.notirq
                0x000000000001008c        0x8 ../Arbitration_demo_bsp/\libhal_bsp.a(alt_exception_entry.o)
 *(.exceptions.soft.user)
 *(.exceptions.soft)
 *(.exceptions.unknown.user)
 *(.exceptions.unknown)
 .exceptions.unknown
                0x0000000000010094       0x14 ../Arbitration_demo_bsp/\libhal_bsp.a(alt_exception_entry.o)
 *(.exceptions.exit.label)
 .exceptions.exit.label
                0x00000000000100a8        0x0 ../Arbitration_demo_bsp/\libhal_bsp.a(alt_irq_entry.o)
 .exceptions.exit.label
                0x00000000000100a8        0x0 ../Arbitration_demo_bsp/\libhal_bsp.a(alt_exception_entry.o)
 *(.exceptions.exit.user)
 *(.exceptions.exit)
 .exceptions.exit
                0x00000000000100a8       0x54 ../Arbitration_demo_bsp/\libhal_bsp.a(alt_exception_entry.o)
 *(.exceptions)
 .exceptions    0x00000000000100fc       0xd4 ../Arbitration_demo_bsp/\libhal_bsp.a(alt_irq_handler.o)
                0x00000000000100fc                alt_irq_handler
 .exceptions    0x00000000000101d0       0x60 ../Arbitration_demo_bsp/\libhal_bsp.a(alt_instruction_exception_entry.o)
                0x00000000000101d0                alt_instruction_exception_entry
                0x0000000000010230                PROVIDE (__ram_exceptions_end, ABSOLUTE (.))
                0x0000000000010020                PROVIDE (__flash_exceptions_start, LOADADDR (.exceptions))

.text           0x0000000000010230     0x237c
                [!provide]                        PROVIDE (stext, ABSOLUTE (.))
 *(.interp)
 *(.hash)
 *(.dynsym)
 *(.dynstr)
 *(.gnu.version)
 *(.gnu.version_d)
 *(.gnu.version_r)
 *(.rel.init)
 *(.rela.init)
 *(.rel.text .rel.text.* .rel.gnu.linkonce.t.*)
 *(.rela.text .rela.text.* .rela.gnu.linkonce.t.*)
 *(.rel.fini)
 *(.rela.fini)
 *(.rel.rodata .rel.rodata.* .rel.gnu.linkonce.r.*)
 *(.rela.rodata .rela.rodata.* .rela.gnu.linkonce.r.*)
 *(.rel.data .rel.data.* .rel.gnu.linkonce.d.*)
 *(.rela.data .rela.data.* .rela.gnu.linkonce.d.*)
 *(.rel.tdata .rel.tdata.* .rel.gnu.linkonce.td.*)
 *(.rela.tdata .rela.tdata.* .rela.gnu.linkonce.td.*)
 *(.rel.tbss .rel.tbss.* .rel.gnu.linkonce.tb.*)
 *(.rela.tbss .rela.tbss.* .rela.gnu.linkonce.tb.*)
 *(.rel.ctors)
 *(.rela.ctors)
 *(.rel.dtors)
 *(.rela.dtors)
 *(.rel.got)
 *(.rela.got)
 *(.rel.sdata .rel.sdata.* .rel.gnu.linkonce.s.*)
 *(.rela.sdata .rela.sdata.* .rela.gnu.linkonce.s.*)
 *(.rel.sbss .rel.sbss.* .rel.gnu.linkonce.sb.*)
 *(.rela.sbss .rela.sbss.* .rela.gnu.linkonce.sb.*)
 *(.rel.sdata2 .rel.sdata2.* .rel.gnu.linkonce.s2.*)
 *(.rela.sdata2 .rela.sdata2.* .rela.gnu.linkonce.s2.*)
 *(.rel.sbss2 .rel.sbss2.* .rel.gnu.linkonce.sb2.*)
 *(.rela.sbss2 .rela.sbss2.* .rela.gnu.linkonce.sb2.*)
 *(.rel.bss .rel.bss.* .rel.gnu.linkonce.b.*)
 *(.rela.bss .rela.bss.* .rela.gnu.linkonce.b.*)
 *(.rel.plt)
 *(.rela.plt)
 *(.rel.dyn)
 *(.init)
 *(.plt)
 *(.text .stub .text.* .gnu.linkonce.t.*)
 .text          0x0000000000010230       0x3c ../Arbitration_demo_bsp//obj/HAL/src/crt0.o
                0x0000000000010230                _start
 .text          0x000000000001026c      0x108 obj/default/Arbitration_part1.o
                0x000000000001026c                jtag_display
                0x00000000000102d0                main
 .text          0x0000000000010374       0xec ../Arbitration_demo_bsp/\libhal_bsp.a(alt_load.o)
                0x00000000000103dc                alt_load
 .text          0x0000000000010460       0x7c ../Arbitration_demo_bsp/\libhal_bsp.a(alt_main.o)
                0x0000000000010460                alt_main
 .text          0x00000000000104dc       0xb8 ../Arbitration_demo_bsp/\libhal_bsp.a(alt_sys_init.o)
                0x0000000000010510                alt_irq_init
                0x0000000000010548                alt_sys_init
 .text          0x0000000000010594      0x164 ../Arbitration_demo_bsp/\libhal_bsp.a(altera_avalon_jtag_uart_fd.o)
                0x0000000000010594                altera_avalon_jtag_uart_read_fd
                0x00000000000105f4                altera_avalon_jtag_uart_write_fd
                0x0000000000010654                altera_avalon_jtag_uart_close_fd
                0x00000000000106a4                altera_avalon_jtag_uart_ioctl_fd
 .text          0x00000000000106f8      0x3d4 ../Arbitration_demo_bsp/\libhal_bsp.a(altera_avalon_jtag_uart_init.o)
                0x00000000000106f8                altera_avalon_jtag_uart_init
                0x0000000000010a64                altera_avalon_jtag_uart_close
 .text          0x0000000000010acc       0xf0 ../Arbitration_demo_bsp/\libhal_bsp.a(altera_avalon_jtag_uart_ioctl.o)
                0x0000000000010acc                altera_avalon_jtag_uart_ioctl
 .text          0x0000000000010bbc      0x21c ../Arbitration_demo_bsp/\libhal_bsp.a(altera_avalon_jtag_uart_read.o)
                0x0000000000010bbc                altera_avalon_jtag_uart_read
 .text          0x0000000000010dd8      0x224 ../Arbitration_demo_bsp/\libhal_bsp.a(altera_avalon_jtag_uart_write.o)
                0x0000000000010dd8                altera_avalon_jtag_uart_write
 .text          0x0000000000010ffc      0x12c ../Arbitration_demo_bsp/\libhal_bsp.a(alt_alarm_start.o)
                0x0000000000010ffc                alt_alarm_start
 .text          0x0000000000011128      0x114 ../Arbitration_demo_bsp/\libhal_bsp.a(alt_close.o)
                0x0000000000011164                close
 .text          0x000000000001123c       0x20 ../Arbitration_demo_bsp/\libhal_bsp.a(alt_dcache_flush_all.o)
                0x000000000001123c                alt_dcache_flush_all
 .text          0x000000000001125c       0x2c ../Arbitration_demo_bsp/\libhal_bsp.a(alt_dev.o)
 .text          0x0000000000011288       0xe0 ../Arbitration_demo_bsp/\libhal_bsp.a(alt_dev_llist_insert.o)
                0x00000000000112c4                alt_dev_llist_insert
 .text          0x0000000000011368       0x60 ../Arbitration_demo_bsp/\libhal_bsp.a(alt_do_ctors.o)
                0x0000000000011368                _do_ctors
 .text          0x00000000000113c8       0x60 ../Arbitration_demo_bsp/\libhal_bsp.a(alt_do_dtors.o)
                0x00000000000113c8                _do_dtors
 .text          0x0000000000011428        0x0 ../Arbitration_demo_bsp/\libhal_bsp.a(alt_errno.o)
 .text          0x0000000000011428       0x20 ../Arbitration_demo_bsp/\libhal_bsp.a(alt_icache_flush_all.o)
                0x0000000000011428                alt_icache_flush_all
 .text          0x0000000000011448      0x1b0 ../Arbitration_demo_bsp/\libhal_bsp.a(alt_iic.o)
                0x0000000000011448                alt_ic_isr_register
                0x0000000000011498                alt_ic_irq_enable
                0x0000000000011520                alt_ic_irq_disable
                0x00000000000115ac                alt_ic_irq_enabled
 .text          0x00000000000115f8       0xf0 ../Arbitration_demo_bsp/\libhal_bsp.a(alt_iic_isr_register.o)
                0x00000000000115f8                alt_iic_isr_register
 .text          0x00000000000116e8      0x160 ../Arbitration_demo_bsp/\libhal_bsp.a(alt_io_redirect.o)
                0x00000000000117cc                alt_io_redirect
 .text          0x0000000000011848        0x0 ../Arbitration_demo_bsp/\libhal_bsp.a(alt_irq_entry.o)
 .text          0x0000000000011848        0x0 ../Arbitration_demo_bsp/\libhal_bsp.a(alt_irq_handler.o)
 .text          0x0000000000011848        0x0 ../Arbitration_demo_bsp/\libhal_bsp.a(alt_irq_vars.o)
 .text          0x0000000000011848      0x284 ../Arbitration_demo_bsp/\libhal_bsp.a(alt_open.o)
                0x0000000000011970                open
 .text          0x0000000000011acc       0x84 ../Arbitration_demo_bsp/\libhal_bsp.a(alt_release_fd.o)
                0x0000000000011acc                alt_release_fd
 .text          0x0000000000011b50      0x1a4 ../Arbitration_demo_bsp/\libhal_bsp.a(alt_tick.o)
                0x0000000000011b50                alt_alarm_stop
                0x0000000000011bec                alt_tick
 .text          0x0000000000011cf4       0x24 ../Arbitration_demo_bsp/\libhal_bsp.a(altera_nios2_gen2_irq.o)
                0x0000000000011cf4                altera_nios2_gen2_irq_init
 .text          0x0000000000011d18        0x0 ../Arbitration_demo_bsp/\libhal_bsp.a(alt_exception_entry.o)
 .text          0x0000000000011d18       0x90 ../Arbitration_demo_bsp/\libhal_bsp.a(alt_find_dev.o)
                0x0000000000011d18                alt_find_dev
 .text          0x0000000000011da8      0x108 ../Arbitration_demo_bsp/\libhal_bsp.a(alt_find_file.o)
                0x0000000000011da8                alt_find_file
 .text          0x0000000000011eb0       0xc4 ../Arbitration_demo_bsp/\libhal_bsp.a(alt_get_fd.o)
                0x0000000000011eb0                alt_get_fd
 .text          0x0000000000011f74       0x9c ../Arbitration_demo_bsp/\libhal_bsp.a(alt_instruction_exception_entry.o)
                0x0000000000011f74                alt_exception_cause_generated_bad_addr
 .text          0x0000000000012010        0x0 d:/quartus_lite_18.1/nios2eds/bin/gnu/h-x86_64-mingw32/bin/../lib/gcc/nios2-elf/5.3.0/../../../../../H-x86_64-mingw32/nios2-elf/lib/mno-hw-mul\libc.a(lib_a-atexit.o)
 .text.atexit   0x0000000000012010       0x14 d:/quartus_lite_18.1/nios2eds/bin/gnu/h-x86_64-mingw32/bin/../lib/gcc/nios2-elf/5.3.0/../../../../../H-x86_64-mingw32/nios2-elf/lib/mno-hw-mul\libc.a(lib_a-atexit.o)
                0x0000000000012010                atexit
 .text          0x0000000000012024        0x0 d:/quartus_lite_18.1/nios2eds/bin/gnu/h-x86_64-mingw32/bin/../lib/gcc/nios2-elf/5.3.0/../../../../../H-x86_64-mingw32/nios2-elf/lib/mno-hw-mul\libc.a(lib_a-exit.o)
 .text.exit     0x0000000000012024       0x38 d:/quartus_lite_18.1/nios2eds/bin/gnu/h-x86_64-mingw32/bin/../lib/gcc/nios2-elf/5.3.0/../../../../../H-x86_64-mingw32/nios2-elf/lib/mno-hw-mul\libc.a(lib_a-exit.o)
                0x0000000000012024                exit
 .text          0x000000000001205c        0x0 d:/quartus_lite_18.1/nios2eds/bin/gnu/h-x86_64-mingw32/bin/../lib/gcc/nios2-elf/5.3.0/../../../../../H-x86_64-mingw32/nios2-elf/lib/mno-hw-mul\libc.a(lib_a-impure.o)
 .text          0x000000000001205c        0x0 d:/quartus_lite_18.1/nios2eds/bin/gnu/h-x86_64-mingw32/bin/../lib/gcc/nios2-elf/5.3.0/../../../../../H-x86_64-mingw32/nios2-elf/lib/mno-hw-mul\libc.a(lib_a-int_errno.o)
 .text          0x000000000001205c        0x0 d:/quartus_lite_18.1/nios2eds/bin/gnu/h-x86_64-mingw32/bin/../lib/gcc/nios2-elf/5.3.0/../../../../../H-x86_64-mingw32/nios2-elf/lib/mno-hw-mul\libc.a(lib_a-memcmp.o)
 .text.memcmp   0x000000000001205c       0x7c d:/quartus_lite_18.1/nios2eds/bin/gnu/h-x86_64-mingw32/bin/../lib/gcc/nios2-elf/5.3.0/../../../../../H-x86_64-mingw32/nios2-elf/lib/mno-hw-mul\libc.a(lib_a-memcmp.o)
                0x000000000001205c                memcmp
 .text          0x00000000000120d8        0x0 d:/quartus_lite_18.1/nios2eds/bin/gnu/h-x86_64-mingw32/bin/../lib/gcc/nios2-elf/5.3.0/../../../../../H-x86_64-mingw32/nios2-elf/lib/mno-hw-mul\libc.a(lib_a-memcpy.o)
 .text.memcpy   0x00000000000120d8      0x148 d:/quartus_lite_18.1/nios2eds/bin/gnu/h-x86_64-mingw32/bin/../lib/gcc/nios2-elf/5.3.0/../../../../../H-x86_64-mingw32/nios2-elf/lib/mno-hw-mul\libc.a(lib_a-memcpy.o)
                0x00000000000120d8                memcpy
 .text          0x0000000000012220        0x0 d:/quartus_lite_18.1/nios2eds/bin/gnu/h-x86_64-mingw32/bin/../lib/gcc/nios2-elf/5.3.0/../../../../../H-x86_64-mingw32/nios2-elf/lib/mno-hw-mul\libc.a(lib_a-strlen.o)
 .text.strlen   0x0000000000012220       0x98 d:/quartus_lite_18.1/nios2eds/bin/gnu/h-x86_64-mingw32/bin/../lib/gcc/nios2-elf/5.3.0/../../../../../H-x86_64-mingw32/nios2-elf/lib/mno-hw-mul\libc.a(lib_a-strlen.o)
                0x0000000000012220                strlen
 .text          0x00000000000122b8        0x0 d:/quartus_lite_18.1/nios2eds/bin/gnu/h-x86_64-mingw32/bin/../lib/gcc/nios2-elf/5.3.0/../../../../../H-x86_64-mingw32/nios2-elf/lib/mno-hw-mul\libc.a(lib_a-__atexit.o)
 .text.__register_exitproc
                0x00000000000122b8      0x118 d:/quartus_lite_18.1/nios2eds/bin/gnu/h-x86_64-mingw32/bin/../lib/gcc/nios2-elf/5.3.0/../../../../../H-x86_64-mingw32/nios2-elf/lib/mno-hw-mul\libc.a(lib_a-__atexit.o)
                0x00000000000122b8                __register_exitproc
 .text          0x00000000000123d0        0x0 d:/quartus_lite_18.1/nios2eds/bin/gnu/h-x86_64-mingw32/bin/../lib/gcc/nios2-elf/5.3.0/../../../../../H-x86_64-mingw32/nios2-elf/lib/mno-hw-mul\libc.a(lib_a-__call_atexit.o)
 .text.__call_exitprocs
                0x00000000000123d0      0x180 d:/quartus_lite_18.1/nios2eds/bin/gnu/h-x86_64-mingw32/bin/../lib/gcc/nios2-elf/5.3.0/../../../../../H-x86_64-mingw32/nios2-elf/lib/mno-hw-mul\libc.a(lib_a-__call_atexit.o)
                0x00000000000123d0                __call_exitprocs
 .text          0x0000000000012550       0x28 d:/quartus_lite_18.1/nios2eds/bin/gnu/h-x86_64-mingw32/bin/../lib/gcc/nios2-elf/5.3.0/mno-hw-mul\libgcc.a(lib2-mul.o)
                0x0000000000012550                __mulsi3
 .text          0x0000000000012578       0x34 ../Arbitration_demo_bsp/\libhal_bsp.a(alt_exit.o)
                0x0000000000012578                _exit
 *(.gnu.warning.*)
 *(.fini)
                [!provide]                        PROVIDE (__etext, ABSOLUTE (.))
                [!provide]                        PROVIDE (_etext, ABSOLUTE (.))
                [!provide]                        PROVIDE (etext, ABSOLUTE (.))
 *(.eh_frame_hdr)
                0x00000000000125ac                . = ALIGN (0x4)
                [!provide]                        PROVIDE (__preinit_array_start, ABSOLUTE (.))
 *(.preinit_array)
                [!provide]                        PROVIDE (__preinit_array_end, ABSOLUTE (.))
                [!provide]                        PROVIDE (__init_array_start, ABSOLUTE (.))
 *(.init_array)
                [!provide]                        PROVIDE (__init_array_end, ABSOLUTE (.))
                [!provide]                        PROVIDE (__fini_array_start, ABSOLUTE (.))
 *(.fini_array)
                [!provide]                        PROVIDE (__fini_array_end, ABSOLUTE (.))
 *(.eh_frame)
 *(.gcc_except_table .gcc_except_table.*)
 *(.dynamic)
                0x00000000000125ac                PROVIDE (__CTOR_LIST__, ABSOLUTE (.))
 *(.ctors)
 *(SORT(.ctors.*))
                0x00000000000125ac                PROVIDE (__CTOR_END__, ABSOLUTE (.))
                0x00000000000125ac                PROVIDE (__DTOR_LIST__, ABSOLUTE (.))
 *(.dtors)
 *(SORT(.dtors.*))
                0x00000000000125ac                PROVIDE (__DTOR_END__, ABSOLUTE (.))
 *(.jcr)
                0x00000000000125ac                . = ALIGN (0x4)

.rodata         0x00000000000125ac       0x38
                0x00000000000125ac                PROVIDE (__ram_rodata_start, ABSOLUTE (.))
                0x00000000000125ac                . = ALIGN (0x4)
 *(.rodata .rodata.* .gnu.linkonce.r.*)
 .rodata        0x00000000000125ac       0x11 ../Arbitration_demo_bsp/\libhal_bsp.a(alt_main.o)
 *fill*         0x00000000000125bd        0x3 
 .rodata        0x00000000000125c0       0x11 ../Arbitration_demo_bsp/\libhal_bsp.a(alt_sys_init.o)
 *fill*         0x00000000000125d1        0x3 
 .rodata        0x00000000000125d4        0xa ../Arbitration_demo_bsp/\libhal_bsp.a(alt_dev.o)
 *fill*         0x00000000000125de        0x2 
 .rodata.str1.4
                0x00000000000125e0        0x4 d:/quartus_lite_18.1/nios2eds/bin/gnu/h-x86_64-mingw32/bin/../lib/gcc/nios2-elf/5.3.0/../../../../../H-x86_64-mingw32/nios2-elf/lib/mno-hw-mul\libc.a(lib_a-impure.o)
                                          0x2 (size before relaxing)
 *(.rodata1)
                0x00000000000125e4                . = ALIGN (0x4)
                0x00000000000125e4                PROVIDE (__ram_rodata_end, ABSOLUTE (.))
                0x00000000000125ac                PROVIDE (__flash_rodata_start, LOADADDR (.rodata))

.rwdata         0x00000000000125e4     0x1660 load address 0x0000000000013c44
                0x00000000000125e4                PROVIDE (__ram_rwdata_start, ABSOLUTE (.))
                0x00000000000125e4                . = ALIGN (0x4)
 *(.got.plt)
 *(.got)
 *(.data1)
 *(.data .data.* .gnu.linkonce.d.*)
 .data          0x00000000000125e4        0x0 ../Arbitration_demo_bsp//obj/HAL/src/crt0.o
 .data          0x00000000000125e4        0x0 obj/default/Arbitration_part1.o
 .data          0x00000000000125e4        0x0 ../Arbitration_demo_bsp/\libhal_bsp.a(alt_load.o)
 .data          0x00000000000125e4        0x0 ../Arbitration_demo_bsp/\libhal_bsp.a(alt_main.o)
 .data          0x00000000000125e4     0x1060 ../Arbitration_demo_bsp/\libhal_bsp.a(alt_sys_init.o)
 .data          0x0000000000013644        0x0 ../Arbitration_demo_bsp/\libhal_bsp.a(altera_avalon_jtag_uart_fd.o)
 .data          0x0000000000013644        0x0 ../Arbitration_demo_bsp/\libhal_bsp.a(altera_avalon_jtag_uart_init.o)
 .data          0x0000000000013644        0x0 ../Arbitration_demo_bsp/\libhal_bsp.a(altera_avalon_jtag_uart_ioctl.o)
 .data          0x0000000000013644        0x0 ../Arbitration_demo_bsp/\libhal_bsp.a(altera_avalon_jtag_uart_read.o)
 .data          0x0000000000013644        0x0 ../Arbitration_demo_bsp/\libhal_bsp.a(altera_avalon_jtag_uart_write.o)
 .data          0x0000000000013644        0x0 ../Arbitration_demo_bsp/\libhal_bsp.a(alt_alarm_start.o)
 .data          0x0000000000013644        0x0 ../Arbitration_demo_bsp/\libhal_bsp.a(alt_close.o)
 .data          0x0000000000013644        0x0 ../Arbitration_demo_bsp/\libhal_bsp.a(alt_dcache_flush_all.o)
 .data          0x0000000000013644      0x1a8 ../Arbitration_demo_bsp/\libhal_bsp.a(alt_dev.o)
                0x0000000000013644                alt_dev_null
                0x000000000001366c                alt_fd_list
 .data          0x00000000000137ec        0x0 ../Arbitration_demo_bsp/\libhal_bsp.a(alt_dev_llist_insert.o)
 .data          0x00000000000137ec        0x0 ../Arbitration_demo_bsp/\libhal_bsp.a(alt_do_ctors.o)
 .data          0x00000000000137ec        0x0 ../Arbitration_demo_bsp/\libhal_bsp.a(alt_do_dtors.o)
 .data          0x00000000000137ec        0x0 ../Arbitration_demo_bsp/\libhal_bsp.a(alt_errno.o)
 .data          0x00000000000137ec        0x0 ../Arbitration_demo_bsp/\libhal_bsp.a(alt_icache_flush_all.o)
 .data          0x00000000000137ec        0x0 ../Arbitration_demo_bsp/\libhal_bsp.a(alt_iic.o)
 .data          0x00000000000137ec        0x0 ../Arbitration_demo_bsp/\libhal_bsp.a(alt_iic_isr_register.o)
 .data          0x00000000000137ec        0x0 ../Arbitration_demo_bsp/\libhal_bsp.a(alt_io_redirect.o)
 .data          0x00000000000137ec        0x0 ../Arbitration_demo_bsp/\libhal_bsp.a(alt_irq_entry.o)
 .data          0x00000000000137ec        0x0 ../Arbitration_demo_bsp/\libhal_bsp.a(alt_irq_handler.o)
 .data          0x00000000000137ec        0x0 ../Arbitration_demo_bsp/\libhal_bsp.a(alt_irq_vars.o)
 .data          0x00000000000137ec        0x0 ../Arbitration_demo_bsp/\libhal_bsp.a(alt_open.o)
 .data          0x00000000000137ec        0x0 ../Arbitration_demo_bsp/\libhal_bsp.a(alt_release_fd.o)
 .data          0x00000000000137ec        0x0 ../Arbitration_demo_bsp/\libhal_bsp.a(alt_tick.o)
 .data          0x00000000000137ec        0x0 ../Arbitration_demo_bsp/\libhal_bsp.a(altera_nios2_gen2_irq.o)
 .data          0x00000000000137ec        0x0 ../Arbitration_demo_bsp/\libhal_bsp.a(alt_exception_entry.o)
 .data          0x00000000000137ec        0x0 ../Arbitration_demo_bsp/\libhal_bsp.a(alt_find_dev.o)
 .data          0x00000000000137ec        0x0 ../Arbitration_demo_bsp/\libhal_bsp.a(alt_find_file.o)
 .data          0x00000000000137ec        0x0 ../Arbitration_demo_bsp/\libhal_bsp.a(alt_get_fd.o)
 .data          0x00000000000137ec        0x0 ../Arbitration_demo_bsp/\libhal_bsp.a(alt_instruction_exception_entry.o)
 .data          0x00000000000137ec        0x0 d:/quartus_lite_18.1/nios2eds/bin/gnu/h-x86_64-mingw32/bin/../lib/gcc/nios2-elf/5.3.0/../../../../../H-x86_64-mingw32/nios2-elf/lib/mno-hw-mul\libc.a(lib_a-atexit.o)
 .data          0x00000000000137ec        0x0 d:/quartus_lite_18.1/nios2eds/bin/gnu/h-x86_64-mingw32/bin/../lib/gcc/nios2-elf/5.3.0/../../../../../H-x86_64-mingw32/nios2-elf/lib/mno-hw-mul\libc.a(lib_a-exit.o)
 .data          0x00000000000137ec        0x0 d:/quartus_lite_18.1/nios2eds/bin/gnu/h-x86_64-mingw32/bin/../lib/gcc/nios2-elf/5.3.0/../../../../../H-x86_64-mingw32/nios2-elf/lib/mno-hw-mul\libc.a(lib_a-impure.o)
 .data.impure_data
                0x00000000000137ec      0x424 d:/quartus_lite_18.1/nios2eds/bin/gnu/h-x86_64-mingw32/bin/../lib/gcc/nios2-elf/5.3.0/../../../../../H-x86_64-mingw32/nios2-elf/lib/mno-hw-mul\libc.a(lib_a-impure.o)
 .data          0x0000000000013c10        0x0 d:/quartus_lite_18.1/nios2eds/bin/gnu/h-x86_64-mingw32/bin/../lib/gcc/nios2-elf/5.3.0/../../../../../H-x86_64-mingw32/nios2-elf/lib/mno-hw-mul\libc.a(lib_a-int_errno.o)
 .data          0x0000000000013c10        0x0 d:/quartus_lite_18.1/nios2eds/bin/gnu/h-x86_64-mingw32/bin/../lib/gcc/nios2-elf/5.3.0/../../../../../H-x86_64-mingw32/nios2-elf/lib/mno-hw-mul\libc.a(lib_a-memcmp.o)
 .data          0x0000000000013c10        0x0 d:/quartus_lite_18.1/nios2eds/bin/gnu/h-x86_64-mingw32/bin/../lib/gcc/nios2-elf/5.3.0/../../../../../H-x86_64-mingw32/nios2-elf/lib/mno-hw-mul\libc.a(lib_a-memcpy.o)
 .data          0x0000000000013c10        0x0 d:/quartus_lite_18.1/nios2eds/bin/gnu/h-x86_64-mingw32/bin/../lib/gcc/nios2-elf/5.3.0/../../../../../H-x86_64-mingw32/nios2-elf/lib/mno-hw-mul\libc.a(lib_a-strlen.o)
 .data          0x0000000000013c10        0x0 d:/quartus_lite_18.1/nios2eds/bin/gnu/h-x86_64-mingw32/bin/../lib/gcc/nios2-elf/5.3.0/../../../../../H-x86_64-mingw32/nios2-elf/lib/mno-hw-mul\libc.a(lib_a-__atexit.o)
 .data          0x0000000000013c10        0x0 d:/quartus_lite_18.1/nios2eds/bin/gnu/h-x86_64-mingw32/bin/../lib/gcc/nios2-elf/5.3.0/../../../../../H-x86_64-mingw32/nios2-elf/lib/mno-hw-mul\libc.a(lib_a-__call_atexit.o)
 .data          0x0000000000013c10        0x0 d:/quartus_lite_18.1/nios2eds/bin/gnu/h-x86_64-mingw32/bin/../lib/gcc/nios2-elf/5.3.0/mno-hw-mul\libgcc.a(lib2-mul.o)
 .data          0x0000000000013c10        0x0 ../Arbitration_demo_bsp/\libhal_bsp.a(alt_exit.o)
                0x000000000001bc10                _gp = ABSOLUTE ((. + 0x8000))
                [!provide]                        PROVIDE (gp, _gp)
 *(.rwdata .rwdata.*)
 *(.sdata .sdata.* .gnu.linkonce.s.*)
 .sdata         0x0000000000013c10        0x8 obj/default/Arbitration_part1.o
                0x0000000000013c10                JtagUartPtr
                0x0000000000013c14                LEDPtr
 .sdata         0x0000000000013c18       0x14 ../Arbitration_demo_bsp/\libhal_bsp.a(alt_dev.o)
                0x0000000000013c18                alt_fs_list
                0x0000000000013c20                alt_dev_list
                0x0000000000013c28                alt_max_fd
 .sdata         0x0000000000013c2c        0x4 ../Arbitration_demo_bsp/\libhal_bsp.a(alt_errno.o)
                0x0000000000013c2c                alt_errno
 .sdata         0x0000000000013c30        0x4 ../Arbitration_demo_bsp/\libhal_bsp.a(alt_irq_vars.o)
                0x0000000000013c30                alt_priority_mask
 .sdata         0x0000000000013c34        0x8 ../Arbitration_demo_bsp/\libhal_bsp.a(alt_tick.o)
                0x0000000000013c34                alt_alarm_list
 .sdata._global_impure_ptr
                0x0000000000013c3c        0x4 d:/quartus_lite_18.1/nios2eds/bin/gnu/h-x86_64-mingw32/bin/../lib/gcc/nios2-elf/5.3.0/../../../../../H-x86_64-mingw32/nios2-elf/lib/mno-hw-mul\libc.a(lib_a-impure.o)
                0x0000000000013c3c                _global_impure_ptr
 .sdata._impure_ptr
                0x0000000000013c40        0x4 d:/quartus_lite_18.1/nios2eds/bin/gnu/h-x86_64-mingw32/bin/../lib/gcc/nios2-elf/5.3.0/../../../../../H-x86_64-mingw32/nios2-elf/lib/mno-hw-mul\libc.a(lib_a-impure.o)
                0x0000000000013c40                _impure_ptr
 *(.sdata2 .sdata2.* .gnu.linkonce.s2.*)
                0x0000000000013c44                . = ALIGN (0x4)
                0x0000000000013c44                _edata = ABSOLUTE (.)
                [!provide]                        PROVIDE (edata, ABSOLUTE (.))
                0x0000000000013c44                PROVIDE (__ram_rwdata_end, ABSOLUTE (.))
                0x0000000000013c44                PROVIDE (__flash_rwdata_start, LOADADDR (.rwdata))

.bss            0x00000000000152a4      0x124
                0x00000000000152a4                __bss_start = ABSOLUTE (.)
                [!provide]                        PROVIDE (__sbss_start, ABSOLUTE (.))
                [!provide]                        PROVIDE (___sbss_start, ABSOLUTE (.))
 *(.dynsbss)
 *(.sbss .sbss.* .gnu.linkonce.sb.*)
 .sbss          0x00000000000152a4        0x4 obj/default/Arbitration_part1.o
                0x00000000000152a4                BridgePtr
 .sbss          0x00000000000152a8        0xc ../Arbitration_demo_bsp/\libhal_bsp.a(alt_main.o)
                0x00000000000152a8                alt_argc
                0x00000000000152ac                alt_argv
                0x00000000000152b0                alt_envp
 .sbss          0x00000000000152b4        0x4 ../Arbitration_demo_bsp/\libhal_bsp.a(alt_irq_vars.o)
                0x00000000000152b4                alt_irq_active
 .sbss          0x00000000000152b8        0x8 ../Arbitration_demo_bsp/\libhal_bsp.a(alt_tick.o)
                0x00000000000152b8                _alt_tick_rate
                0x00000000000152bc                _alt_nticks
 .sbss          0x00000000000152c0        0x4 ../Arbitration_demo_bsp/\libhal_bsp.a(alt_instruction_exception_entry.o)
                0x00000000000152c0                alt_instruction_exception_handler
 .sbss          0x00000000000152c4        0x4 d:/quartus_lite_18.1/nios2eds/bin/gnu/h-x86_64-mingw32/bin/../lib/gcc/nios2-elf/5.3.0/../../../../../H-x86_64-mingw32/nios2-elf/lib/mno-hw-mul\libc.a(lib_a-int_errno.o)
                0x00000000000152c4                errno
 *(.sbss2 .sbss2.* .gnu.linkonce.sb2.*)
 *(.scommon)
                [!provide]                        PROVIDE (__sbss_end, ABSOLUTE (.))
                [!provide]                        PROVIDE (___sbss_end, ABSOLUTE (.))
 *(.dynbss)
 *(.bss .bss.* .gnu.linkonce.b.*)
 .bss           0x00000000000152c8        0x0 ../Arbitration_demo_bsp//obj/HAL/src/crt0.o
 .bss           0x00000000000152c8        0x0 obj/default/Arbitration_part1.o
 .bss           0x00000000000152c8        0x0 ../Arbitration_demo_bsp/\libhal_bsp.a(alt_load.o)
 .bss           0x00000000000152c8        0x0 ../Arbitration_demo_bsp/\libhal_bsp.a(alt_main.o)
 .bss           0x00000000000152c8        0x0 ../Arbitration_demo_bsp/\libhal_bsp.a(alt_sys_init.o)
 .bss           0x00000000000152c8        0x0 ../Arbitration_demo_bsp/\libhal_bsp.a(altera_avalon_jtag_uart_fd.o)
 .bss           0x00000000000152c8        0x0 ../Arbitration_demo_bsp/\libhal_bsp.a(altera_avalon_jtag_uart_init.o)
 .bss           0x00000000000152c8        0x0 ../Arbitration_demo_bsp/\libhal_bsp.a(altera_avalon_jtag_uart_ioctl.o)
 .bss           0x00000000000152c8        0x0 ../Arbitration_demo_bsp/\libhal_bsp.a(altera_avalon_jtag_uart_read.o)
 .bss           0x00000000000152c8        0x0 ../Arbitration_demo_bsp/\libhal_bsp.a(altera_avalon_jtag_uart_write.o)
 .bss           0x00000000000152c8        0x0 ../Arbitration_demo_bsp/\libhal_bsp.a(alt_alarm_start.o)
 .bss           0x00000000000152c8        0x0 ../Arbitration_demo_bsp/\libhal_bsp.a(alt_close.o)
 .bss           0x00000000000152c8        0x0 ../Arbitration_demo_bsp/\libhal_bsp.a(alt_dcache_flush_all.o)
 .bss           0x00000000000152c8        0x0 ../Arbitration_demo_bsp/\libhal_bsp.a(alt_dev.o)
 .bss           0x00000000000152c8        0x0 ../Arbitration_demo_bsp/\libhal_bsp.a(alt_dev_llist_insert.o)
 .bss           0x00000000000152c8        0x0 ../Arbitration_demo_bsp/\libhal_bsp.a(alt_do_ctors.o)
 .bss           0x00000000000152c8        0x0 ../Arbitration_demo_bsp/\libhal_bsp.a(alt_do_dtors.o)
 .bss           0x00000000000152c8        0x0 ../Arbitration_demo_bsp/\libhal_bsp.a(alt_errno.o)
 .bss           0x00000000000152c8        0x0 ../Arbitration_demo_bsp/\libhal_bsp.a(alt_icache_flush_all.o)
 .bss           0x00000000000152c8        0x0 ../Arbitration_demo_bsp/\libhal_bsp.a(alt_iic.o)
 .bss           0x00000000000152c8        0x0 ../Arbitration_demo_bsp/\libhal_bsp.a(alt_iic_isr_register.o)
 .bss           0x00000000000152c8        0x0 ../Arbitration_demo_bsp/\libhal_bsp.a(alt_io_redirect.o)
 .bss           0x00000000000152c8        0x0 ../Arbitration_demo_bsp/\libhal_bsp.a(alt_irq_entry.o)
 .bss           0x00000000000152c8        0x0 ../Arbitration_demo_bsp/\libhal_bsp.a(alt_irq_handler.o)
 .bss           0x00000000000152c8        0x0 ../Arbitration_demo_bsp/\libhal_bsp.a(alt_irq_vars.o)
 .bss           0x00000000000152c8        0x0 ../Arbitration_demo_bsp/\libhal_bsp.a(alt_open.o)
 .bss           0x00000000000152c8        0x0 ../Arbitration_demo_bsp/\libhal_bsp.a(alt_release_fd.o)
 .bss           0x00000000000152c8        0x0 ../Arbitration_demo_bsp/\libhal_bsp.a(alt_tick.o)
 .bss           0x00000000000152c8        0x0 ../Arbitration_demo_bsp/\libhal_bsp.a(altera_nios2_gen2_irq.o)
 .bss           0x00000000000152c8        0x0 ../Arbitration_demo_bsp/\libhal_bsp.a(alt_exception_entry.o)
 .bss           0x00000000000152c8        0x0 ../Arbitration_demo_bsp/\libhal_bsp.a(alt_find_dev.o)
 .bss           0x00000000000152c8        0x0 ../Arbitration_demo_bsp/\libhal_bsp.a(alt_find_file.o)
 .bss           0x00000000000152c8        0x0 ../Arbitration_demo_bsp/\libhal_bsp.a(alt_get_fd.o)
 .bss           0x00000000000152c8        0x0 ../Arbitration_demo_bsp/\libhal_bsp.a(alt_instruction_exception_entry.o)
 .bss           0x00000000000152c8        0x0 d:/quartus_lite_18.1/nios2eds/bin/gnu/h-x86_64-mingw32/bin/../lib/gcc/nios2-elf/5.3.0/../../../../../H-x86_64-mingw32/nios2-elf/lib/mno-hw-mul\libc.a(lib_a-atexit.o)
 .bss           0x00000000000152c8        0x0 d:/quartus_lite_18.1/nios2eds/bin/gnu/h-x86_64-mingw32/bin/../lib/gcc/nios2-elf/5.3.0/../../../../../H-x86_64-mingw32/nios2-elf/lib/mno-hw-mul\libc.a(lib_a-exit.o)
 .bss           0x00000000000152c8        0x0 d:/quartus_lite_18.1/nios2eds/bin/gnu/h-x86_64-mingw32/bin/../lib/gcc/nios2-elf/5.3.0/../../../../../H-x86_64-mingw32/nios2-elf/lib/mno-hw-mul\libc.a(lib_a-impure.o)
 .bss           0x00000000000152c8        0x0 d:/quartus_lite_18.1/nios2eds/bin/gnu/h-x86_64-mingw32/bin/../lib/gcc/nios2-elf/5.3.0/../../../../../H-x86_64-mingw32/nios2-elf/lib/mno-hw-mul\libc.a(lib_a-int_errno.o)
 .bss           0x00000000000152c8        0x0 d:/quartus_lite_18.1/nios2eds/bin/gnu/h-x86_64-mingw32/bin/../lib/gcc/nios2-elf/5.3.0/../../../../../H-x86_64-mingw32/nios2-elf/lib/mno-hw-mul\libc.a(lib_a-memcmp.o)
 .bss           0x00000000000152c8        0x0 d:/quartus_lite_18.1/nios2eds/bin/gnu/h-x86_64-mingw32/bin/../lib/gcc/nios2-elf/5.3.0/../../../../../H-x86_64-mingw32/nios2-elf/lib/mno-hw-mul\libc.a(lib_a-memcpy.o)
 .bss           0x00000000000152c8        0x0 d:/quartus_lite_18.1/nios2eds/bin/gnu/h-x86_64-mingw32/bin/../lib/gcc/nios2-elf/5.3.0/../../../../../H-x86_64-mingw32/nios2-elf/lib/mno-hw-mul\libc.a(lib_a-strlen.o)
 .bss           0x00000000000152c8        0x0 d:/quartus_lite_18.1/nios2eds/bin/gnu/h-x86_64-mingw32/bin/../lib/gcc/nios2-elf/5.3.0/../../../../../H-x86_64-mingw32/nios2-elf/lib/mno-hw-mul\libc.a(lib_a-__atexit.o)
 .bss           0x00000000000152c8        0x0 d:/quartus_lite_18.1/nios2eds/bin/gnu/h-x86_64-mingw32/bin/../lib/gcc/nios2-elf/5.3.0/../../../../../H-x86_64-mingw32/nios2-elf/lib/mno-hw-mul\libc.a(lib_a-__call_atexit.o)
 .bss           0x00000000000152c8        0x0 d:/quartus_lite_18.1/nios2eds/bin/gnu/h-x86_64-mingw32/bin/../lib/gcc/nios2-elf/5.3.0/mno-hw-mul\libgcc.a(lib2-mul.o)
 .bss           0x00000000000152c8        0x0 ../Arbitration_demo_bsp/\libhal_bsp.a(alt_exit.o)
 *(COMMON)
 COMMON         0x00000000000152c8      0x100 ../Arbitration_demo_bsp/\libhal_bsp.a(alt_irq_handler.o)
                0x00000000000152c8                alt_irq
                0x00000000000153c8                . = ALIGN (0x4)
                0x00000000000153c8                __bss_end = ABSOLUTE (.)

.onchip_memory2_0
                0x00000000000153c8        0x0
                [!provide]                        PROVIDE (_alt_partition_onchip_memory2_0_start, ABSOLUTE (.))
 *(.onchip_memory2_0 .onchip_memory2_0. onchip_memory2_0.*)
                0x00000000000153c8                . = ALIGN (0x4)
                [!provide]                        PROVIDE (_alt_partition_onchip_memory2_0_end, ABSOLUTE (.))
                0x00000000000153c8                _end = ABSOLUTE (.)
                0x00000000000153c8                end = ABSOLUTE (.)
                0x00000000000153c8                __alt_stack_base = ABSOLUTE (.)
                [!provide]                        PROVIDE (_alt_partition_onchip_memory2_0_load_addr, LOADADDR (.onchip_memory2_0))

.stab
 *(.stab)

.stabstr
 *(.stabstr)

.stab.excl
 *(.stab.excl)

.stab.exclstr
 *(.stab.exclstr)

.stab.index
 *(.stab.index)

.stab.indexstr
 *(.stab.indexstr)

.comment        0x0000000000000000       0x23
 *(.comment)
 .comment       0x0000000000000000       0x23 obj/default/Arbitration_part1.o
                                         0x24 (size before relaxing)
 .comment       0x0000000000000023       0x24 ../Arbitration_demo_bsp/\libhal_bsp.a(alt_load.o)
 .comment       0x0000000000000023       0x24 ../Arbitration_demo_bsp/\libhal_bsp.a(alt_main.o)
 .comment       0x0000000000000023       0x24 ../Arbitration_demo_bsp/\libhal_bsp.a(alt_sys_init.o)
 .comment       0x0000000000000023       0x24 ../Arbitration_demo_bsp/\libhal_bsp.a(altera_avalon_jtag_uart_fd.o)
 .comment       0x0000000000000023       0x24 ../Arbitration_demo_bsp/\libhal_bsp.a(altera_avalon_jtag_uart_init.o)
 .comment       0x0000000000000023       0x24 ../Arbitration_demo_bsp/\libhal_bsp.a(altera_avalon_jtag_uart_ioctl.o)
 .comment       0x0000000000000023       0x24 ../Arbitration_demo_bsp/\libhal_bsp.a(altera_avalon_jtag_uart_read.o)
 .comment       0x0000000000000023       0x24 ../Arbitration_demo_bsp/\libhal_bsp.a(altera_avalon_jtag_uart_write.o)
 .comment       0x0000000000000023       0x24 ../Arbitration_demo_bsp/\libhal_bsp.a(alt_alarm_start.o)
 .comment       0x0000000000000023       0x24 ../Arbitration_demo_bsp/\libhal_bsp.a(alt_close.o)
 .comment       0x0000000000000023       0x24 ../Arbitration_demo_bsp/\libhal_bsp.a(alt_dcache_flush_all.o)
 .comment       0x0000000000000023       0x24 ../Arbitration_demo_bsp/\libhal_bsp.a(alt_dev.o)
 .comment       0x0000000000000023       0x24 ../Arbitration_demo_bsp/\libhal_bsp.a(alt_dev_llist_insert.o)
 .comment       0x0000000000000023       0x24 ../Arbitration_demo_bsp/\libhal_bsp.a(alt_do_ctors.o)
 .comment       0x0000000000000023       0x24 ../Arbitration_demo_bsp/\libhal_bsp.a(alt_do_dtors.o)
 .comment       0x0000000000000023       0x24 ../Arbitration_demo_bsp/\libhal_bsp.a(alt_errno.o)
 .comment       0x0000000000000023       0x24 ../Arbitration_demo_bsp/\libhal_bsp.a(alt_icache_flush_all.o)
 .comment       0x0000000000000023       0x24 ../Arbitration_demo_bsp/\libhal_bsp.a(alt_iic.o)
 .comment       0x0000000000000023       0x24 ../Arbitration_demo_bsp/\libhal_bsp.a(alt_iic_isr_register.o)
 .comment       0x0000000000000023       0x24 ../Arbitration_demo_bsp/\libhal_bsp.a(alt_io_redirect.o)
 .comment       0x0000000000000023       0x24 ../Arbitration_demo_bsp/\libhal_bsp.a(alt_irq_handler.o)
 .comment       0x0000000000000023       0x24 ../Arbitration_demo_bsp/\libhal_bsp.a(alt_irq_vars.o)
 .comment       0x0000000000000023       0x24 ../Arbitration_demo_bsp/\libhal_bsp.a(alt_open.o)
 .comment       0x0000000000000023       0x24 ../Arbitration_demo_bsp/\libhal_bsp.a(alt_release_fd.o)
 .comment       0x0000000000000023       0x24 ../Arbitration_demo_bsp/\libhal_bsp.a(alt_tick.o)
 .comment       0x0000000000000023       0x24 ../Arbitration_demo_bsp/\libhal_bsp.a(altera_nios2_gen2_irq.o)
 .comment       0x0000000000000023       0x24 ../Arbitration_demo_bsp/\libhal_bsp.a(alt_find_dev.o)
 .comment       0x0000000000000023       0x24 ../Arbitration_demo_bsp/\libhal_bsp.a(alt_find_file.o)
 .comment       0x0000000000000023       0x24 ../Arbitration_demo_bsp/\libhal_bsp.a(alt_get_fd.o)
 .comment       0x0000000000000023       0x24 ../Arbitration_demo_bsp/\libhal_bsp.a(alt_instruction_exception_entry.o)
 .comment       0x0000000000000023       0x24 d:/quartus_lite_18.1/nios2eds/bin/gnu/h-x86_64-mingw32/bin/../lib/gcc/nios2-elf/5.3.0/../../../../../H-x86_64-mingw32/nios2-elf/lib/mno-hw-mul\libc.a(lib_a-atexit.o)
 .comment       0x0000000000000023       0x24 d:/quartus_lite_18.1/nios2eds/bin/gnu/h-x86_64-mingw32/bin/../lib/gcc/nios2-elf/5.3.0/../../../../../H-x86_64-mingw32/nios2-elf/lib/mno-hw-mul\libc.a(lib_a-exit.o)
 .comment       0x0000000000000023       0x24 d:/quartus_lite_18.1/nios2eds/bin/gnu/h-x86_64-mingw32/bin/../lib/gcc/nios2-elf/5.3.0/../../../../../H-x86_64-mingw32/nios2-elf/lib/mno-hw-mul\libc.a(lib_a-impure.o)
 .comment       0x0000000000000023       0x24 d:/quartus_lite_18.1/nios2eds/bin/gnu/h-x86_64-mingw32/bin/../lib/gcc/nios2-elf/5.3.0/../../../../../H-x86_64-mingw32/nios2-elf/lib/mno-hw-mul\libc.a(lib_a-int_errno.o)
 .comment       0x0000000000000023       0x24 d:/quartus_lite_18.1/nios2eds/bin/gnu/h-x86_64-mingw32/bin/../lib/gcc/nios2-elf/5.3.0/../../../../../H-x86_64-mingw32/nios2-elf/lib/mno-hw-mul\libc.a(lib_a-memcmp.o)
 .comment       0x0000000000000023       0x24 d:/quartus_lite_18.1/nios2eds/bin/gnu/h-x86_64-mingw32/bin/../lib/gcc/nios2-elf/5.3.0/../../../../../H-x86_64-mingw32/nios2-elf/lib/mno-hw-mul\libc.a(lib_a-memcpy.o)
 .comment       0x0000000000000023       0x24 d:/quartus_lite_18.1/nios2eds/bin/gnu/h-x86_64-mingw32/bin/../lib/gcc/nios2-elf/5.3.0/../../../../../H-x86_64-mingw32/nios2-elf/lib/mno-hw-mul\libc.a(lib_a-strlen.o)
 .comment       0x0000000000000023       0x24 d:/quartus_lite_18.1/nios2eds/bin/gnu/h-x86_64-mingw32/bin/../lib/gcc/nios2-elf/5.3.0/../../../../../H-x86_64-mingw32/nios2-elf/lib/mno-hw-mul\libc.a(lib_a-__atexit.o)
 .comment       0x0000000000000023       0x24 d:/quartus_lite_18.1/nios2eds/bin/gnu/h-x86_64-mingw32/bin/../lib/gcc/nios2-elf/5.3.0/../../../../../H-x86_64-mingw32/nios2-elf/lib/mno-hw-mul\libc.a(lib_a-__call_atexit.o)
 .comment       0x0000000000000023       0x24 d:/quartus_lite_18.1/nios2eds/bin/gnu/h-x86_64-mingw32/bin/../lib/gcc/nios2-elf/5.3.0/mno-hw-mul\libgcc.a(lib2-mul.o)
 .comment       0x0000000000000023       0x24 ../Arbitration_demo_bsp/\libhal_bsp.a(alt_exit.o)

.debug
 *(.debug)

.line
 *(.line)

.debug_srcinfo
 *(.debug_srcinfo)

.debug_sfnames
 *(.debug_sfnames)

.debug_aranges  0x0000000000000000      0x5b8
 *(.debug_aranges)
 .debug_aranges
                0x0000000000000000       0x28 ../Arbitration_demo_bsp//obj/HAL/src/crt0.o
 .debug_aranges
                0x0000000000000028       0x20 obj/default/Arbitration_part1.o
 .debug_aranges
                0x0000000000000048       0x20 ../Arbitration_demo_bsp/\libhal_bsp.a(alt_load.o)
 .debug_aranges
                0x0000000000000068       0x20 ../Arbitration_demo_bsp/\libhal_bsp.a(alt_main.o)
 .debug_aranges
                0x0000000000000088       0x20 ../Arbitration_demo_bsp/\libhal_bsp.a(alt_sys_init.o)
 .debug_aranges
                0x00000000000000a8       0x20 ../Arbitration_demo_bsp/\libhal_bsp.a(altera_avalon_jtag_uart_fd.o)
 .debug_aranges
                0x00000000000000c8       0x20 ../Arbitration_demo_bsp/\libhal_bsp.a(altera_avalon_jtag_uart_init.o)
 .debug_aranges
                0x00000000000000e8       0x20 ../Arbitration_demo_bsp/\libhal_bsp.a(altera_avalon_jtag_uart_ioctl.o)
 .debug_aranges
                0x0000000000000108       0x20 ../Arbitration_demo_bsp/\libhal_bsp.a(altera_avalon_jtag_uart_read.o)
 .debug_aranges
                0x0000000000000128       0x20 ../Arbitration_demo_bsp/\libhal_bsp.a(altera_avalon_jtag_uart_write.o)
 .debug_aranges
                0x0000000000000148       0x20 ../Arbitration_demo_bsp/\libhal_bsp.a(alt_alarm_start.o)
 .debug_aranges
                0x0000000000000168       0x20 ../Arbitration_demo_bsp/\libhal_bsp.a(alt_close.o)
 .debug_aranges
                0x0000000000000188       0x20 ../Arbitration_demo_bsp/\libhal_bsp.a(alt_dcache_flush_all.o)
 .debug_aranges
                0x00000000000001a8       0x20 ../Arbitration_demo_bsp/\libhal_bsp.a(alt_dev.o)
 .debug_aranges
                0x00000000000001c8       0x20 ../Arbitration_demo_bsp/\libhal_bsp.a(alt_dev_llist_insert.o)
 .debug_aranges
                0x00000000000001e8       0x20 ../Arbitration_demo_bsp/\libhal_bsp.a(alt_do_ctors.o)
 .debug_aranges
                0x0000000000000208       0x20 ../Arbitration_demo_bsp/\libhal_bsp.a(alt_do_dtors.o)
 .debug_aranges
                0x0000000000000228       0x18 ../Arbitration_demo_bsp/\libhal_bsp.a(alt_errno.o)
 .debug_aranges
                0x0000000000000240       0x20 ../Arbitration_demo_bsp/\libhal_bsp.a(alt_icache_flush_all.o)
 .debug_aranges
                0x0000000000000260       0x20 ../Arbitration_demo_bsp/\libhal_bsp.a(alt_iic.o)
 .debug_aranges
                0x0000000000000280       0x20 ../Arbitration_demo_bsp/\libhal_bsp.a(alt_iic_isr_register.o)
 .debug_aranges
                0x00000000000002a0       0x20 ../Arbitration_demo_bsp/\libhal_bsp.a(alt_io_redirect.o)
 .debug_aranges
                0x00000000000002c0       0x30 ../Arbitration_demo_bsp/\libhal_bsp.a(alt_irq_entry.o)
 .debug_aranges
                0x00000000000002f0       0x20 ../Arbitration_demo_bsp/\libhal_bsp.a(alt_irq_handler.o)
 .debug_aranges
                0x0000000000000310       0x18 ../Arbitration_demo_bsp/\libhal_bsp.a(alt_irq_vars.o)
 .debug_aranges
                0x0000000000000328       0x20 ../Arbitration_demo_bsp/\libhal_bsp.a(alt_open.o)
 .debug_aranges
                0x0000000000000348       0x20 ../Arbitration_demo_bsp/\libhal_bsp.a(alt_release_fd.o)
 .debug_aranges
                0x0000000000000368       0x20 ../Arbitration_demo_bsp/\libhal_bsp.a(alt_tick.o)
 .debug_aranges
                0x0000000000000388       0x20 ../Arbitration_demo_bsp/\libhal_bsp.a(altera_nios2_gen2_irq.o)
 .debug_aranges
                0x00000000000003a8       0x38 ../Arbitration_demo_bsp/\libhal_bsp.a(alt_exception_entry.o)
 .debug_aranges
                0x00000000000003e0       0x20 ../Arbitration_demo_bsp/\libhal_bsp.a(alt_find_dev.o)
 .debug_aranges
                0x0000000000000400       0x20 ../Arbitration_demo_bsp/\libhal_bsp.a(alt_find_file.o)
 .debug_aranges
                0x0000000000000420       0x20 ../Arbitration_demo_bsp/\libhal_bsp.a(alt_get_fd.o)
 .debug_aranges
                0x0000000000000440       0x28 ../Arbitration_demo_bsp/\libhal_bsp.a(alt_instruction_exception_entry.o)
 .debug_aranges
                0x0000000000000468       0x20 d:/quartus_lite_18.1/nios2eds/bin/gnu/h-x86_64-mingw32/bin/../lib/gcc/nios2-elf/5.3.0/../../../../../H-x86_64-mingw32/nios2-elf/lib/mno-hw-mul\libc.a(lib_a-atexit.o)
 .debug_aranges
                0x0000000000000488       0x20 d:/quartus_lite_18.1/nios2eds/bin/gnu/h-x86_64-mingw32/bin/../lib/gcc/nios2-elf/5.3.0/../../../../../H-x86_64-mingw32/nios2-elf/lib/mno-hw-mul\libc.a(lib_a-exit.o)
 .debug_aranges
                0x00000000000004a8       0x18 d:/quartus_lite_18.1/nios2eds/bin/gnu/h-x86_64-mingw32/bin/../lib/gcc/nios2-elf/5.3.0/../../../../../H-x86_64-mingw32/nios2-elf/lib/mno-hw-mul\libc.a(lib_a-impure.o)
 .debug_aranges
                0x00000000000004c0       0x18 d:/quartus_lite_18.1/nios2eds/bin/gnu/h-x86_64-mingw32/bin/../lib/gcc/nios2-elf/5.3.0/../../../../../H-x86_64-mingw32/nios2-elf/lib/mno-hw-mul\libc.a(lib_a-int_errno.o)
 .debug_aranges
                0x00000000000004d8       0x20 d:/quartus_lite_18.1/nios2eds/bin/gnu/h-x86_64-mingw32/bin/../lib/gcc/nios2-elf/5.3.0/../../../../../H-x86_64-mingw32/nios2-elf/lib/mno-hw-mul\libc.a(lib_a-memcmp.o)
 .debug_aranges
                0x00000000000004f8       0x20 d:/quartus_lite_18.1/nios2eds/bin/gnu/h-x86_64-mingw32/bin/../lib/gcc/nios2-elf/5.3.0/../../../../../H-x86_64-mingw32/nios2-elf/lib/mno-hw-mul\libc.a(lib_a-memcpy.o)
 .debug_aranges
                0x0000000000000518       0x20 d:/quartus_lite_18.1/nios2eds/bin/gnu/h-x86_64-mingw32/bin/../lib/gcc/nios2-elf/5.3.0/../../../../../H-x86_64-mingw32/nios2-elf/lib/mno-hw-mul\libc.a(lib_a-strlen.o)
 .debug_aranges
                0x0000000000000538       0x20 d:/quartus_lite_18.1/nios2eds/bin/gnu/h-x86_64-mingw32/bin/../lib/gcc/nios2-elf/5.3.0/../../../../../H-x86_64-mingw32/nios2-elf/lib/mno-hw-mul\libc.a(lib_a-__atexit.o)
 .debug_aranges
                0x0000000000000558       0x20 d:/quartus_lite_18.1/nios2eds/bin/gnu/h-x86_64-mingw32/bin/../lib/gcc/nios2-elf/5.3.0/../../../../../H-x86_64-mingw32/nios2-elf/lib/mno-hw-mul\libc.a(lib_a-__call_atexit.o)
 .debug_aranges
                0x0000000000000578       0x20 d:/quartus_lite_18.1/nios2eds/bin/gnu/h-x86_64-mingw32/bin/../lib/gcc/nios2-elf/5.3.0/mno-hw-mul\libgcc.a(lib2-mul.o)
 .debug_aranges
                0x0000000000000598       0x20 ../Arbitration_demo_bsp/\libhal_bsp.a(alt_exit.o)

.debug_pubnames
 *(.debug_pubnames)

.debug_info     0x0000000000000000     0x75aa
 *(.debug_info .gnu.linkonce.wi.*)
 .debug_info    0x0000000000000000       0x6b ../Arbitration_demo_bsp//obj/HAL/src/crt0.o
 .debug_info    0x000000000000006b      0x16e obj/default/Arbitration_part1.o
 .debug_info    0x00000000000001d9      0x145 ../Arbitration_demo_bsp/\libhal_bsp.a(alt_load.o)
 .debug_info    0x000000000000031e      0x131 ../Arbitration_demo_bsp/\libhal_bsp.a(alt_main.o)
 .debug_info    0x000000000000044f      0x4c3 ../Arbitration_demo_bsp/\libhal_bsp.a(alt_sys_init.o)
 .debug_info    0x0000000000000912      0x52e ../Arbitration_demo_bsp/\libhal_bsp.a(altera_avalon_jtag_uart_fd.o)
 .debug_info    0x0000000000000e40      0x3a0 ../Arbitration_demo_bsp/\libhal_bsp.a(altera_avalon_jtag_uart_init.o)
 .debug_info    0x00000000000011e0      0x280 ../Arbitration_demo_bsp/\libhal_bsp.a(altera_avalon_jtag_uart_ioctl.o)
 .debug_info    0x0000000000001460      0x345 ../Arbitration_demo_bsp/\libhal_bsp.a(altera_avalon_jtag_uart_read.o)
 .debug_info    0x00000000000017a5      0x340 ../Arbitration_demo_bsp/\libhal_bsp.a(altera_avalon_jtag_uart_write.o)
 .debug_info    0x0000000000001ae5      0x2cc ../Arbitration_demo_bsp/\libhal_bsp.a(alt_alarm_start.o)
 .debug_info    0x0000000000001db1      0x321 ../Arbitration_demo_bsp/\libhal_bsp.a(alt_close.o)
 .debug_info    0x00000000000020d2       0x92 ../Arbitration_demo_bsp/\libhal_bsp.a(alt_dcache_flush_all.o)
 .debug_info    0x0000000000002164      0x49c ../Arbitration_demo_bsp/\libhal_bsp.a(alt_dev.o)
 .debug_info    0x0000000000002600      0x1a9 ../Arbitration_demo_bsp/\libhal_bsp.a(alt_dev_llist_insert.o)
 .debug_info    0x00000000000027a9       0x83 ../Arbitration_demo_bsp/\libhal_bsp.a(alt_do_ctors.o)
 .debug_info    0x000000000000282c       0x83 ../Arbitration_demo_bsp/\libhal_bsp.a(alt_do_dtors.o)
 .debug_info    0x00000000000028af       0xa6 ../Arbitration_demo_bsp/\libhal_bsp.a(alt_errno.o)
 .debug_info    0x0000000000002955       0x92 ../Arbitration_demo_bsp/\libhal_bsp.a(alt_icache_flush_all.o)
 .debug_info    0x00000000000029e7      0x350 ../Arbitration_demo_bsp/\libhal_bsp.a(alt_iic.o)
 .debug_info    0x0000000000002d37      0x1ef ../Arbitration_demo_bsp/\libhal_bsp.a(alt_iic_isr_register.o)
 .debug_info    0x0000000000002f26      0x4a5 ../Arbitration_demo_bsp/\libhal_bsp.a(alt_io_redirect.o)
 .debug_info    0x00000000000033cb       0x74 ../Arbitration_demo_bsp/\libhal_bsp.a(alt_irq_entry.o)
 .debug_info    0x000000000000343f      0x187 ../Arbitration_demo_bsp/\libhal_bsp.a(alt_irq_handler.o)
 .debug_info    0x00000000000035c6       0x88 ../Arbitration_demo_bsp/\libhal_bsp.a(alt_irq_vars.o)
 .debug_info    0x000000000000364e      0x3bb ../Arbitration_demo_bsp/\libhal_bsp.a(alt_open.o)
 .debug_info    0x0000000000003a09      0x2b0 ../Arbitration_demo_bsp/\libhal_bsp.a(alt_release_fd.o)
 .debug_info    0x0000000000003cb9      0x299 ../Arbitration_demo_bsp/\libhal_bsp.a(alt_tick.o)
 .debug_info    0x0000000000003f52       0x92 ../Arbitration_demo_bsp/\libhal_bsp.a(altera_nios2_gen2_irq.o)
 .debug_info    0x0000000000003fe4       0x7a ../Arbitration_demo_bsp/\libhal_bsp.a(alt_exception_entry.o)
 .debug_info    0x000000000000405e      0x2e9 ../Arbitration_demo_bsp/\libhal_bsp.a(alt_find_dev.o)
 .debug_info    0x0000000000004347      0x2e6 ../Arbitration_demo_bsp/\libhal_bsp.a(alt_find_file.o)
 .debug_info    0x000000000000462d      0x310 ../Arbitration_demo_bsp/\libhal_bsp.a(alt_get_fd.o)
 .debug_info    0x000000000000493d      0x1e7 ../Arbitration_demo_bsp/\libhal_bsp.a(alt_instruction_exception_entry.o)
 .debug_info    0x0000000000004b24       0xfe d:/quartus_lite_18.1/nios2eds/bin/gnu/h-x86_64-mingw32/bin/../lib/gcc/nios2-elf/5.3.0/../../../../../H-x86_64-mingw32/nios2-elf/lib/mno-hw-mul\libc.a(lib_a-atexit.o)
 .debug_info    0x0000000000004c22      0x8e4 d:/quartus_lite_18.1/nios2eds/bin/gnu/h-x86_64-mingw32/bin/../lib/gcc/nios2-elf/5.3.0/../../../../../H-x86_64-mingw32/nios2-elf/lib/mno-hw-mul\libc.a(lib_a-exit.o)
 .debug_info    0x0000000000005506      0x8a1 d:/quartus_lite_18.1/nios2eds/bin/gnu/h-x86_64-mingw32/bin/../lib/gcc/nios2-elf/5.3.0/../../../../../H-x86_64-mingw32/nios2-elf/lib/mno-hw-mul\libc.a(lib_a-impure.o)
 .debug_info    0x0000000000005da7       0x8a d:/quartus_lite_18.1/nios2eds/bin/gnu/h-x86_64-mingw32/bin/../lib/gcc/nios2-elf/5.3.0/../../../../../H-x86_64-mingw32/nios2-elf/lib/mno-hw-mul\libc.a(lib_a-int_errno.o)
 .debug_info    0x0000000000005e31      0x11a d:/quartus_lite_18.1/nios2eds/bin/gnu/h-x86_64-mingw32/bin/../lib/gcc/nios2-elf/5.3.0/../../../../../H-x86_64-mingw32/nios2-elf/lib/mno-hw-mul\libc.a(lib_a-memcmp.o)
 .debug_info    0x0000000000005f4b      0x144 d:/quartus_lite_18.1/nios2eds/bin/gnu/h-x86_64-mingw32/bin/../lib/gcc/nios2-elf/5.3.0/../../../../../H-x86_64-mingw32/nios2-elf/lib/mno-hw-mul\libc.a(lib_a-memcpy.o)
 .debug_info    0x000000000000608f       0xe2 d:/quartus_lite_18.1/nios2eds/bin/gnu/h-x86_64-mingw32/bin/../lib/gcc/nios2-elf/5.3.0/../../../../../H-x86_64-mingw32/nios2-elf/lib/mno-hw-mul\libc.a(lib_a-strlen.o)
 .debug_info    0x0000000000006171      0x934 d:/quartus_lite_18.1/nios2eds/bin/gnu/h-x86_64-mingw32/bin/../lib/gcc/nios2-elf/5.3.0/../../../../../H-x86_64-mingw32/nios2-elf/lib/mno-hw-mul\libc.a(lib_a-__atexit.o)
 .debug_info    0x0000000000006aa5      0x965 d:/quartus_lite_18.1/nios2eds/bin/gnu/h-x86_64-mingw32/bin/../lib/gcc/nios2-elf/5.3.0/../../../../../H-x86_64-mingw32/nios2-elf/lib/mno-hw-mul\libc.a(lib_a-__call_atexit.o)
 .debug_info    0x000000000000740a       0xb4 d:/quartus_lite_18.1/nios2eds/bin/gnu/h-x86_64-mingw32/bin/../lib/gcc/nios2-elf/5.3.0/mno-hw-mul\libgcc.a(lib2-mul.o)
 .debug_info    0x00000000000074be       0xec ../Arbitration_demo_bsp/\libhal_bsp.a(alt_exit.o)

.debug_abbrev   0x0000000000000000     0x2968
 *(.debug_abbrev)
 .debug_abbrev  0x0000000000000000       0x12 ../Arbitration_demo_bsp//obj/HAL/src/crt0.o
 .debug_abbrev  0x0000000000000012       0xb4 obj/default/Arbitration_part1.o
 .debug_abbrev  0x00000000000000c6       0x9f ../Arbitration_demo_bsp/\libhal_bsp.a(alt_load.o)
 .debug_abbrev  0x0000000000000165       0xba ../Arbitration_demo_bsp/\libhal_bsp.a(alt_main.o)
 .debug_abbrev  0x000000000000021f      0x187 ../Arbitration_demo_bsp/\libhal_bsp.a(alt_sys_init.o)
 .debug_abbrev  0x00000000000003a6      0x127 ../Arbitration_demo_bsp/\libhal_bsp.a(altera_avalon_jtag_uart_fd.o)
 .debug_abbrev  0x00000000000004cd      0x19e ../Arbitration_demo_bsp/\libhal_bsp.a(altera_avalon_jtag_uart_init.o)
 .debug_abbrev  0x000000000000066b      0x111 ../Arbitration_demo_bsp/\libhal_bsp.a(altera_avalon_jtag_uart_ioctl.o)
 .debug_abbrev  0x000000000000077c      0x1aa ../Arbitration_demo_bsp/\libhal_bsp.a(altera_avalon_jtag_uart_read.o)
 .debug_abbrev  0x0000000000000926      0x1a8 ../Arbitration_demo_bsp/\libhal_bsp.a(altera_avalon_jtag_uart_write.o)
 .debug_abbrev  0x0000000000000ace      0x162 ../Arbitration_demo_bsp/\libhal_bsp.a(alt_alarm_start.o)
 .debug_abbrev  0x0000000000000c30      0x11f ../Arbitration_demo_bsp/\libhal_bsp.a(alt_close.o)
 .debug_abbrev  0x0000000000000d4f       0x42 ../Arbitration_demo_bsp/\libhal_bsp.a(alt_dcache_flush_all.o)
 .debug_abbrev  0x0000000000000d91       0xd9 ../Arbitration_demo_bsp/\libhal_bsp.a(alt_dev.o)
 .debug_abbrev  0x0000000000000e6a      0x114 ../Arbitration_demo_bsp/\libhal_bsp.a(alt_dev_llist_insert.o)
 .debug_abbrev  0x0000000000000f7e       0x79 ../Arbitration_demo_bsp/\libhal_bsp.a(alt_do_ctors.o)
 .debug_abbrev  0x0000000000000ff7       0x79 ../Arbitration_demo_bsp/\libhal_bsp.a(alt_do_dtors.o)
 .debug_abbrev  0x0000000000001070       0x5a ../Arbitration_demo_bsp/\libhal_bsp.a(alt_errno.o)
 .debug_abbrev  0x00000000000010ca       0x42 ../Arbitration_demo_bsp/\libhal_bsp.a(alt_icache_flush_all.o)
 .debug_abbrev  0x000000000000110c      0x163 ../Arbitration_demo_bsp/\libhal_bsp.a(alt_iic.o)
 .debug_abbrev  0x000000000000126f      0x169 ../Arbitration_demo_bsp/\libhal_bsp.a(alt_iic_isr_register.o)
 .debug_abbrev  0x00000000000013d8      0x114 ../Arbitration_demo_bsp/\libhal_bsp.a(alt_io_redirect.o)
 .debug_abbrev  0x00000000000014ec       0x12 ../Arbitration_demo_bsp/\libhal_bsp.a(alt_irq_entry.o)
 .debug_abbrev  0x00000000000014fe      0x122 ../Arbitration_demo_bsp/\libhal_bsp.a(alt_irq_handler.o)
 .debug_abbrev  0x0000000000001620       0x40 ../Arbitration_demo_bsp/\libhal_bsp.a(alt_irq_vars.o)
 .debug_abbrev  0x0000000000001660      0x148 ../Arbitration_demo_bsp/\libhal_bsp.a(alt_open.o)
 .debug_abbrev  0x00000000000017a8       0xde ../Arbitration_demo_bsp/\libhal_bsp.a(alt_release_fd.o)
 .debug_abbrev  0x0000000000001886      0x15a ../Arbitration_demo_bsp/\libhal_bsp.a(alt_tick.o)
 .debug_abbrev  0x00000000000019e0       0x42 ../Arbitration_demo_bsp/\libhal_bsp.a(altera_nios2_gen2_irq.o)
 .debug_abbrev  0x0000000000001a22       0x12 ../Arbitration_demo_bsp/\libhal_bsp.a(alt_exception_entry.o)
 .debug_abbrev  0x0000000000001a34       0xf0 ../Arbitration_demo_bsp/\libhal_bsp.a(alt_find_dev.o)
 .debug_abbrev  0x0000000000001b24       0xf0 ../Arbitration_demo_bsp/\libhal_bsp.a(alt_find_file.o)
 .debug_abbrev  0x0000000000001c14      0x10d ../Arbitration_demo_bsp/\libhal_bsp.a(alt_get_fd.o)
 .debug_abbrev  0x0000000000001d21       0xdc ../Arbitration_demo_bsp/\libhal_bsp.a(alt_instruction_exception_entry.o)
 .debug_abbrev  0x0000000000001dfd       0xaa d:/quartus_lite_18.1/nios2eds/bin/gnu/h-x86_64-mingw32/bin/../lib/gcc/nios2-elf/5.3.0/../../../../../H-x86_64-mingw32/nios2-elf/lib/mno-hw-mul\libc.a(lib_a-atexit.o)
 .debug_abbrev  0x0000000000001ea7      0x1e5 d:/quartus_lite_18.1/nios2eds/bin/gnu/h-x86_64-mingw32/bin/../lib/gcc/nios2-elf/5.3.0/../../../../../H-x86_64-mingw32/nios2-elf/lib/mno-hw-mul\libc.a(lib_a-exit.o)
 .debug_abbrev  0x000000000000208c      0x18f d:/quartus_lite_18.1/nios2eds/bin/gnu/h-x86_64-mingw32/bin/../lib/gcc/nios2-elf/5.3.0/../../../../../H-x86_64-mingw32/nios2-elf/lib/mno-hw-mul\libc.a(lib_a-impure.o)
 .debug_abbrev  0x000000000000221b       0x37 d:/quartus_lite_18.1/nios2eds/bin/gnu/h-x86_64-mingw32/bin/../lib/gcc/nios2-elf/5.3.0/../../../../../H-x86_64-mingw32/nios2-elf/lib/mno-hw-mul\libc.a(lib_a-int_errno.o)
 .debug_abbrev  0x0000000000002252       0x7f d:/quartus_lite_18.1/nios2eds/bin/gnu/h-x86_64-mingw32/bin/../lib/gcc/nios2-elf/5.3.0/../../../../../H-x86_64-mingw32/nios2-elf/lib/mno-hw-mul\libc.a(lib_a-memcmp.o)
 .debug_abbrev  0x00000000000022d1       0xa3 d:/quartus_lite_18.1/nios2eds/bin/gnu/h-x86_64-mingw32/bin/../lib/gcc/nios2-elf/5.3.0/../../../../../H-x86_64-mingw32/nios2-elf/lib/mno-hw-mul\libc.a(lib_a-memcpy.o)
 .debug_abbrev  0x0000000000002374       0x90 d:/quartus_lite_18.1/nios2eds/bin/gnu/h-x86_64-mingw32/bin/../lib/gcc/nios2-elf/5.3.0/../../../../../H-x86_64-mingw32/nios2-elf/lib/mno-hw-mul\libc.a(lib_a-strlen.o)
 .debug_abbrev  0x0000000000002404      0x21e d:/quartus_lite_18.1/nios2eds/bin/gnu/h-x86_64-mingw32/bin/../lib/gcc/nios2-elf/5.3.0/../../../../../H-x86_64-mingw32/nios2-elf/lib/mno-hw-mul\libc.a(lib_a-__atexit.o)
 .debug_abbrev  0x0000000000002622      0x22e d:/quartus_lite_18.1/nios2eds/bin/gnu/h-x86_64-mingw32/bin/../lib/gcc/nios2-elf/5.3.0/../../../../../H-x86_64-mingw32/nios2-elf/lib/mno-hw-mul\libc.a(lib_a-__call_atexit.o)
 .debug_abbrev  0x0000000000002850       0x6f d:/quartus_lite_18.1/nios2eds/bin/gnu/h-x86_64-mingw32/bin/../lib/gcc/nios2-elf/5.3.0/mno-hw-mul\libgcc.a(lib2-mul.o)
 .debug_abbrev  0x00000000000028bf       0xa9 ../Arbitration_demo_bsp/\libhal_bsp.a(alt_exit.o)

.debug_line     0x0000000000000000     0x299b
 *(.debug_line)
 .debug_line    0x0000000000000000       0x66 ../Arbitration_demo_bsp//obj/HAL/src/crt0.o
 .debug_line    0x0000000000000066       0x8d obj/default/Arbitration_part1.o
 .debug_line    0x00000000000000f3       0x8e ../Arbitration_demo_bsp/\libhal_bsp.a(alt_load.o)
 .debug_line    0x0000000000000181       0xa4 ../Arbitration_demo_bsp/\libhal_bsp.a(alt_main.o)
 .debug_line    0x0000000000000225      0x137 ../Arbitration_demo_bsp/\libhal_bsp.a(alt_sys_init.o)
 .debug_line    0x000000000000035c      0x12f ../Arbitration_demo_bsp/\libhal_bsp.a(altera_avalon_jtag_uart_fd.o)
 .debug_line    0x000000000000048b      0x18b ../Arbitration_demo_bsp/\libhal_bsp.a(altera_avalon_jtag_uart_init.o)
 .debug_line    0x0000000000000616      0x131 ../Arbitration_demo_bsp/\libhal_bsp.a(altera_avalon_jtag_uart_ioctl.o)
 .debug_line    0x0000000000000747      0x171 ../Arbitration_demo_bsp/\libhal_bsp.a(altera_avalon_jtag_uart_read.o)
 .debug_line    0x00000000000008b8      0x170 ../Arbitration_demo_bsp/\libhal_bsp.a(altera_avalon_jtag_uart_write.o)
 .debug_line    0x0000000000000a28       0xf9 ../Arbitration_demo_bsp/\libhal_bsp.a(alt_alarm_start.o)
 .debug_line    0x0000000000000b21      0x163 ../Arbitration_demo_bsp/\libhal_bsp.a(alt_close.o)
 .debug_line    0x0000000000000c84       0x51 ../Arbitration_demo_bsp/\libhal_bsp.a(alt_dcache_flush_all.o)
 .debug_line    0x0000000000000cd5       0xf6 ../Arbitration_demo_bsp/\libhal_bsp.a(alt_dev.o)
 .debug_line    0x0000000000000dcb       0xcf ../Arbitration_demo_bsp/\libhal_bsp.a(alt_dev_llist_insert.o)
 .debug_line    0x0000000000000e9a       0x59 ../Arbitration_demo_bsp/\libhal_bsp.a(alt_do_ctors.o)
 .debug_line    0x0000000000000ef3       0x59 ../Arbitration_demo_bsp/\libhal_bsp.a(alt_do_dtors.o)
 .debug_line    0x0000000000000f4c       0x51 ../Arbitration_demo_bsp/\libhal_bsp.a(alt_errno.o)
 .debug_line    0x0000000000000f9d       0x4f ../Arbitration_demo_bsp/\libhal_bsp.a(alt_icache_flush_all.o)
 .debug_line    0x0000000000000fec       0xeb ../Arbitration_demo_bsp/\libhal_bsp.a(alt_iic.o)
 .debug_line    0x00000000000010d7       0xdb ../Arbitration_demo_bsp/\libhal_bsp.a(alt_iic_isr_register.o)
 .debug_line    0x00000000000011b2      0x133 ../Arbitration_demo_bsp/\libhal_bsp.a(alt_io_redirect.o)
 .debug_line    0x00000000000012e5       0x6b ../Arbitration_demo_bsp/\libhal_bsp.a(alt_irq_entry.o)
 .debug_line    0x0000000000001350       0xaa ../Arbitration_demo_bsp/\libhal_bsp.a(alt_irq_handler.o)
 .debug_line    0x00000000000013fa       0x50 ../Arbitration_demo_bsp/\libhal_bsp.a(alt_irq_vars.o)
 .debug_line    0x000000000000144a      0x12b ../Arbitration_demo_bsp/\libhal_bsp.a(alt_open.o)
 .debug_line    0x0000000000001575       0xb0 ../Arbitration_demo_bsp/\libhal_bsp.a(alt_release_fd.o)
 .debug_line    0x0000000000001625       0xff ../Arbitration_demo_bsp/\libhal_bsp.a(alt_tick.o)
 .debug_line    0x0000000000001724       0x51 ../Arbitration_demo_bsp/\libhal_bsp.a(altera_nios2_gen2_irq.o)
 .debug_line    0x0000000000001775       0xb3 ../Arbitration_demo_bsp/\libhal_bsp.a(alt_exception_entry.o)
 .debug_line    0x0000000000001828       0xb5 ../Arbitration_demo_bsp/\libhal_bsp.a(alt_find_dev.o)
 .debug_line    0x00000000000018dd       0xd1 ../Arbitration_demo_bsp/\libhal_bsp.a(alt_find_file.o)
 .debug_line    0x00000000000019ae       0xd7 ../Arbitration_demo_bsp/\libhal_bsp.a(alt_get_fd.o)
 .debug_line    0x0000000000001a85       0xb9 ../Arbitration_demo_bsp/\libhal_bsp.a(alt_instruction_exception_entry.o)
 .debug_line    0x0000000000001b3e       0xe7 d:/quartus_lite_18.1/nios2eds/bin/gnu/h-x86_64-mingw32/bin/../lib/gcc/nios2-elf/5.3.0/../../../../../H-x86_64-mingw32/nios2-elf/lib/mno-hw-mul\libc.a(lib_a-atexit.o)
 .debug_line    0x0000000000001c25      0x1fc d:/quartus_lite_18.1/nios2eds/bin/gnu/h-x86_64-mingw32/bin/../lib/gcc/nios2-elf/5.3.0/../../../../../H-x86_64-mingw32/nios2-elf/lib/mno-hw-mul\libc.a(lib_a-exit.o)
 .debug_line    0x0000000000001e21      0x160 d:/quartus_lite_18.1/nios2eds/bin/gnu/h-x86_64-mingw32/bin/../lib/gcc/nios2-elf/5.3.0/../../../../../H-x86_64-mingw32/nios2-elf/lib/mno-hw-mul\libc.a(lib_a-impure.o)
 .debug_line    0x0000000000001f81       0x5f d:/quartus_lite_18.1/nios2eds/bin/gnu/h-x86_64-mingw32/bin/../lib/gcc/nios2-elf/5.3.0/../../../../../H-x86_64-mingw32/nios2-elf/lib/mno-hw-mul\libc.a(lib_a-int_errno.o)
 .debug_line    0x0000000000001fe0      0x176 d:/quartus_lite_18.1/nios2eds/bin/gnu/h-x86_64-mingw32/bin/../lib/gcc/nios2-elf/5.3.0/../../../../../H-x86_64-mingw32/nios2-elf/lib/mno-hw-mul\libc.a(lib_a-memcmp.o)
 .debug_line    0x0000000000002156      0x18c d:/quartus_lite_18.1/nios2eds/bin/gnu/h-x86_64-mingw32/bin/../lib/gcc/nios2-elf/5.3.0/../../../../../H-x86_64-mingw32/nios2-elf/lib/mno-hw-mul\libc.a(lib_a-memcpy.o)
 .debug_line    0x00000000000022e2      0x16f d:/quartus_lite_18.1/nios2eds/bin/gnu/h-x86_64-mingw32/bin/../lib/gcc/nios2-elf/5.3.0/../../../../../H-x86_64-mingw32/nios2-elf/lib/mno-hw-mul\libc.a(lib_a-strlen.o)
 .debug_line    0x0000000000002451      0x21f d:/quartus_lite_18.1/nios2eds/bin/gnu/h-x86_64-mingw32/bin/../lib/gcc/nios2-elf/5.3.0/../../../../../H-x86_64-mingw32/nios2-elf/lib/mno-hw-mul\libc.a(lib_a-__atexit.o)
 .debug_line    0x0000000000002670      0x23a d:/quartus_lite_18.1/nios2eds/bin/gnu/h-x86_64-mingw32/bin/../lib/gcc/nios2-elf/5.3.0/../../../../../H-x86_64-mingw32/nios2-elf/lib/mno-hw-mul\libc.a(lib_a-__call_atexit.o)
 .debug_line    0x00000000000028aa       0x80 d:/quartus_lite_18.1/nios2eds/bin/gnu/h-x86_64-mingw32/bin/../lib/gcc/nios2-elf/5.3.0/mno-hw-mul\libgcc.a(lib2-mul.o)
 .debug_line    0x000000000000292a       0x71 ../Arbitration_demo_bsp/\libhal_bsp.a(alt_exit.o)

.debug_frame    0x0000000000000000      0xac8
 *(.debug_frame)
 .debug_frame   0x0000000000000000       0x50 obj/default/Arbitration_part1.o
 .debug_frame   0x0000000000000050       0x5c ../Arbitration_demo_bsp/\libhal_bsp.a(alt_load.o)
 .debug_frame   0x00000000000000ac       0x2c ../Arbitration_demo_bsp/\libhal_bsp.a(alt_main.o)
 .debug_frame   0x00000000000000d8       0x88 ../Arbitration_demo_bsp/\libhal_bsp.a(alt_sys_init.o)
 .debug_frame   0x0000000000000160       0xb0 ../Arbitration_demo_bsp/\libhal_bsp.a(altera_avalon_jtag_uart_fd.o)
 .debug_frame   0x0000000000000210       0xa4 ../Arbitration_demo_bsp/\libhal_bsp.a(altera_avalon_jtag_uart_init.o)
 .debug_frame   0x00000000000002b4       0x34 ../Arbitration_demo_bsp/\libhal_bsp.a(altera_avalon_jtag_uart_ioctl.o)
 .debug_frame   0x00000000000002e8       0x38 ../Arbitration_demo_bsp/\libhal_bsp.a(altera_avalon_jtag_uart_read.o)
 .debug_frame   0x0000000000000320       0x38 ../Arbitration_demo_bsp/\libhal_bsp.a(altera_avalon_jtag_uart_write.o)
 .debug_frame   0x0000000000000358       0x34 ../Arbitration_demo_bsp/\libhal_bsp.a(alt_alarm_start.o)
 .debug_frame   0x000000000000038c       0x60 ../Arbitration_demo_bsp/\libhal_bsp.a(alt_close.o)
 .debug_frame   0x00000000000003ec       0x34 ../Arbitration_demo_bsp/\libhal_bsp.a(alt_dcache_flush_all.o)
 .debug_frame   0x0000000000000420       0x34 ../Arbitration_demo_bsp/\libhal_bsp.a(alt_dev.o)
 .debug_frame   0x0000000000000454       0x60 ../Arbitration_demo_bsp/\libhal_bsp.a(alt_dev_llist_insert.o)
 .debug_frame   0x00000000000004b4       0x38 ../Arbitration_demo_bsp/\libhal_bsp.a(alt_do_ctors.o)
 .debug_frame   0x00000000000004ec       0x38 ../Arbitration_demo_bsp/\libhal_bsp.a(alt_do_dtors.o)
 .debug_frame   0x0000000000000524       0x34 ../Arbitration_demo_bsp/\libhal_bsp.a(alt_icache_flush_all.o)
 .debug_frame   0x0000000000000558       0xa4 ../Arbitration_demo_bsp/\libhal_bsp.a(alt_iic.o)
 .debug_frame   0x00000000000005fc       0x38 ../Arbitration_demo_bsp/\libhal_bsp.a(alt_iic_isr_register.o)
 .debug_frame   0x0000000000000634       0x64 ../Arbitration_demo_bsp/\libhal_bsp.a(alt_io_redirect.o)
 .debug_frame   0x0000000000000698       0x38 ../Arbitration_demo_bsp/\libhal_bsp.a(alt_irq_handler.o)
 .debug_frame   0x00000000000006d0       0x8c ../Arbitration_demo_bsp/\libhal_bsp.a(alt_open.o)
 .debug_frame   0x000000000000075c       0x3c ../Arbitration_demo_bsp/\libhal_bsp.a(alt_release_fd.o)
 .debug_frame   0x0000000000000798       0x5c ../Arbitration_demo_bsp/\libhal_bsp.a(alt_tick.o)
 .debug_frame   0x00000000000007f4       0x34 ../Arbitration_demo_bsp/\libhal_bsp.a(altera_nios2_gen2_irq.o)
 .debug_frame   0x0000000000000828       0x38 ../Arbitration_demo_bsp/\libhal_bsp.a(alt_find_dev.o)
 .debug_frame   0x0000000000000860       0x38 ../Arbitration_demo_bsp/\libhal_bsp.a(alt_find_file.o)
 .debug_frame   0x0000000000000898       0x3c ../Arbitration_demo_bsp/\libhal_bsp.a(alt_get_fd.o)
 .debug_frame   0x00000000000008d4       0x5c ../Arbitration_demo_bsp/\libhal_bsp.a(alt_instruction_exception_entry.o)
 .debug_frame   0x0000000000000930       0x20 d:/quartus_lite_18.1/nios2eds/bin/gnu/h-x86_64-mingw32/bin/../lib/gcc/nios2-elf/5.3.0/../../../../../H-x86_64-mingw32/nios2-elf/lib/mno-hw-mul\libc.a(lib_a-atexit.o)
 .debug_frame   0x0000000000000950       0x28 d:/quartus_lite_18.1/nios2eds/bin/gnu/h-x86_64-mingw32/bin/../lib/gcc/nios2-elf/5.3.0/../../../../../H-x86_64-mingw32/nios2-elf/lib/mno-hw-mul\libc.a(lib_a-exit.o)
 .debug_frame   0x0000000000000978       0x20 d:/quartus_lite_18.1/nios2eds/bin/gnu/h-x86_64-mingw32/bin/../lib/gcc/nios2-elf/5.3.0/../../../../../H-x86_64-mingw32/nios2-elf/lib/mno-hw-mul\libc.a(lib_a-memcmp.o)
 .debug_frame   0x0000000000000998       0x38 d:/quartus_lite_18.1/nios2eds/bin/gnu/h-x86_64-mingw32/bin/../lib/gcc/nios2-elf/5.3.0/../../../../../H-x86_64-mingw32/nios2-elf/lib/mno-hw-mul\libc.a(lib_a-memcpy.o)
 .debug_frame   0x00000000000009d0       0x20 d:/quartus_lite_18.1/nios2eds/bin/gnu/h-x86_64-mingw32/bin/../lib/gcc/nios2-elf/5.3.0/../../../../../H-x86_64-mingw32/nios2-elf/lib/mno-hw-mul\libc.a(lib_a-strlen.o)
 .debug_frame   0x00000000000009f0       0x38 d:/quartus_lite_18.1/nios2eds/bin/gnu/h-x86_64-mingw32/bin/../lib/gcc/nios2-elf/5.3.0/../../../../../H-x86_64-mingw32/nios2-elf/lib/mno-hw-mul\libc.a(lib_a-__atexit.o)
 .debug_frame   0x0000000000000a28       0x54 d:/quartus_lite_18.1/nios2eds/bin/gnu/h-x86_64-mingw32/bin/../lib/gcc/nios2-elf/5.3.0/../../../../../H-x86_64-mingw32/nios2-elf/lib/mno-hw-mul\libc.a(lib_a-__call_atexit.o)
 .debug_frame   0x0000000000000a7c       0x20 d:/quartus_lite_18.1/nios2eds/bin/gnu/h-x86_64-mingw32/bin/../lib/gcc/nios2-elf/5.3.0/mno-hw-mul\libgcc.a(lib2-mul.o)
 .debug_frame   0x0000000000000a9c       0x2c ../Arbitration_demo_bsp/\libhal_bsp.a(alt_exit.o)

.debug_str      0x0000000000000000     0x1bb0
 *(.debug_str)
 .debug_str     0x0000000000000000      0x14e obj/default/Arbitration_part1.o
                                        0x192 (size before relaxing)
 .debug_str     0x000000000000014e      0x128 ../Arbitration_demo_bsp/\libhal_bsp.a(alt_load.o)
                                        0x20f (size before relaxing)
 .debug_str     0x0000000000000276       0x70 ../Arbitration_demo_bsp/\libhal_bsp.a(alt_main.o)
                                        0x19a (size before relaxing)
 .debug_str     0x00000000000002e6      0x1a2 ../Arbitration_demo_bsp/\libhal_bsp.a(alt_sys_init.o)
                                        0x355 (size before relaxing)
 .debug_str     0x0000000000000488       0xb9 ../Arbitration_demo_bsp/\libhal_bsp.a(altera_avalon_jtag_uart_fd.o)
                                        0x3a1 (size before relaxing)
 .debug_str     0x0000000000000541       0xd1 ../Arbitration_demo_bsp/\libhal_bsp.a(altera_avalon_jtag_uart_init.o)
                                        0x335 (size before relaxing)
 .debug_str     0x0000000000000612       0x4a ../Arbitration_demo_bsp/\libhal_bsp.a(altera_avalon_jtag_uart_ioctl.o)
                                        0x290 (size before relaxing)
 .debug_str     0x000000000000065c       0x7f ../Arbitration_demo_bsp/\libhal_bsp.a(altera_avalon_jtag_uart_read.o)
                                        0x2e5 (size before relaxing)
 .debug_str     0x00000000000006db       0x4a ../Arbitration_demo_bsp/\libhal_bsp.a(altera_avalon_jtag_uart_write.o)
                                        0x2e6 (size before relaxing)
 .debug_str     0x0000000000000725       0x59 ../Arbitration_demo_bsp/\libhal_bsp.a(alt_alarm_start.o)
                                        0x27b (size before relaxing)
 .debug_str     0x000000000000077e       0x44 ../Arbitration_demo_bsp/\libhal_bsp.a(alt_close.o)
                                        0x208 (size before relaxing)
 .debug_str     0x00000000000007c2       0x34 ../Arbitration_demo_bsp/\libhal_bsp.a(alt_dcache_flush_all.o)
                                        0x152 (size before relaxing)
 .debug_str     0x00000000000007f6      0x120 ../Arbitration_demo_bsp/\libhal_bsp.a(alt_dev.o)
                                        0x302 (size before relaxing)
 .debug_str     0x0000000000000916       0x34 ../Arbitration_demo_bsp/\libhal_bsp.a(alt_dev_llist_insert.o)
                                        0x1c9 (size before relaxing)
 .debug_str     0x000000000000094a       0x48 ../Arbitration_demo_bsp/\libhal_bsp.a(alt_do_ctors.o)
                                         0xcd (size before relaxing)
 .debug_str     0x0000000000000992       0x4c ../Arbitration_demo_bsp/\libhal_bsp.a(alt_do_dtors.o)
                                         0xcc (size before relaxing)
 .debug_str     0x00000000000009de       0x14 ../Arbitration_demo_bsp/\libhal_bsp.a(alt_errno.o)
                                        0x142 (size before relaxing)
 .debug_str     0x00000000000009f2       0x34 ../Arbitration_demo_bsp/\libhal_bsp.a(alt_icache_flush_all.o)
                                        0x152 (size before relaxing)
 .debug_str     0x0000000000000a26       0xc4 ../Arbitration_demo_bsp/\libhal_bsp.a(alt_iic.o)
                                        0x23b (size before relaxing)
 .debug_str     0x0000000000000aea       0x4c ../Arbitration_demo_bsp/\libhal_bsp.a(alt_iic_isr_register.o)
                                        0x1e5 (size before relaxing)
 .debug_str     0x0000000000000b36       0x56 ../Arbitration_demo_bsp/\libhal_bsp.a(alt_io_redirect.o)
                                        0x313 (size before relaxing)
 .debug_str     0x0000000000000b8c       0x3a ../Arbitration_demo_bsp/\libhal_bsp.a(alt_irq_handler.o)
                                        0x194 (size before relaxing)
 .debug_str     0x0000000000000bc6       0x17 ../Arbitration_demo_bsp/\libhal_bsp.a(alt_irq_vars.o)
                                        0x137 (size before relaxing)
 .debug_str     0x0000000000000bdd       0x2f ../Arbitration_demo_bsp/\libhal_bsp.a(alt_open.o)
                                        0x248 (size before relaxing)
 .debug_str     0x0000000000000c0c       0x28 ../Arbitration_demo_bsp/\libhal_bsp.a(alt_release_fd.o)
                                        0x1d0 (size before relaxing)
 .debug_str     0x0000000000000c34       0x4a ../Arbitration_demo_bsp/\libhal_bsp.a(alt_tick.o)
                                        0x24f (size before relaxing)
 .debug_str     0x0000000000000c7e       0x3b ../Arbitration_demo_bsp/\libhal_bsp.a(altera_nios2_gen2_irq.o)
                                        0x159 (size before relaxing)
 .debug_str     0x0000000000000cb9       0x24 ../Arbitration_demo_bsp/\libhal_bsp.a(alt_find_dev.o)
                                        0x1e9 (size before relaxing)
 .debug_str     0x0000000000000cdd       0x26 ../Arbitration_demo_bsp/\libhal_bsp.a(alt_find_file.o)
                                        0x1f7 (size before relaxing)
 .debug_str     0x0000000000000d03       0x30 ../Arbitration_demo_bsp/\libhal_bsp.a(alt_get_fd.o)
                                        0x219 (size before relaxing)
 .debug_str     0x0000000000000d33      0x48b ../Arbitration_demo_bsp/\libhal_bsp.a(alt_instruction_exception_entry.o)
                                        0x59d (size before relaxing)
 .debug_str     0x00000000000011be      0x17c d:/quartus_lite_18.1/nios2eds/bin/gnu/h-x86_64-mingw32/bin/../lib/gcc/nios2-elf/5.3.0/../../../../../H-x86_64-mingw32/nios2-elf/lib/mno-hw-mul\libc.a(lib_a-atexit.o)
                                        0x221 (size before relaxing)
 .debug_str     0x000000000000133a      0x3b5 d:/quartus_lite_18.1/nios2eds/bin/gnu/h-x86_64-mingw32/bin/../lib/gcc/nios2-elf/5.3.0/../../../../../H-x86_64-mingw32/nios2-elf/lib/mno-hw-mul\libc.a(lib_a-exit.o)
                                        0x5be (size before relaxing)
 .debug_str     0x00000000000016ef       0xd6 d:/quartus_lite_18.1/nios2eds/bin/gnu/h-x86_64-mingw32/bin/../lib/gcc/nios2-elf/5.3.0/../../../../../H-x86_64-mingw32/nios2-elf/lib/mno-hw-mul\libc.a(lib_a-impure.o)
                                        0x5b5 (size before relaxing)
 .debug_str     0x00000000000017c5       0x3f d:/quartus_lite_18.1/nios2eds/bin/gnu/h-x86_64-mingw32/bin/../lib/gcc/nios2-elf/5.3.0/../../../../../H-x86_64-mingw32/nios2-elf/lib/mno-hw-mul\libc.a(lib_a-int_errno.o)
                                        0x1dd (size before relaxing)
 .debug_str     0x0000000000001804       0xda d:/quartus_lite_18.1/nios2eds/bin/gnu/h-x86_64-mingw32/bin/../lib/gcc/nios2-elf/5.3.0/../../../../../H-x86_64-mingw32/nios2-elf/lib/mno-hw-mul\libc.a(lib_a-memcmp.o)
                                        0x1e4 (size before relaxing)
 .debug_str     0x00000000000018de       0x6b d:/quartus_lite_18.1/nios2eds/bin/gnu/h-x86_64-mingw32/bin/../lib/gcc/nios2-elf/5.3.0/../../../../../H-x86_64-mingw32/nios2-elf/lib/mno-hw-mul\libc.a(lib_a-memcpy.o)
                                        0x20b (size before relaxing)
 .debug_str     0x0000000000001949       0x51 d:/quartus_lite_18.1/nios2eds/bin/gnu/h-x86_64-mingw32/bin/../lib/gcc/nios2-elf/5.3.0/../../../../../H-x86_64-mingw32/nios2-elf/lib/mno-hw-mul\libc.a(lib_a-strlen.o)
                                        0x1f7 (size before relaxing)
 .debug_str     0x000000000000199a       0x3f d:/quartus_lite_18.1/nios2eds/bin/gnu/h-x86_64-mingw32/bin/../lib/gcc/nios2-elf/5.3.0/../../../../../H-x86_64-mingw32/nios2-elf/lib/mno-hw-mul\libc.a(lib_a-__atexit.o)
                                        0x5f6 (size before relaxing)
 .debug_str     0x00000000000019d9       0x65 d:/quartus_lite_18.1/nios2eds/bin/gnu/h-x86_64-mingw32/bin/../lib/gcc/nios2-elf/5.3.0/../../../../../H-x86_64-mingw32/nios2-elf/lib/mno-hw-mul\libc.a(lib_a-__call_atexit.o)
                                        0x5e2 (size before relaxing)
 .debug_str     0x0000000000001a3e      0x148 d:/quartus_lite_18.1/nios2eds/bin/gnu/h-x86_64-mingw32/bin/../lib/gcc/nios2-elf/5.3.0/mno-hw-mul\libgcc.a(lib2-mul.o)
                                        0x193 (size before relaxing)
 .debug_str     0x0000000000001b86       0x2a ../Arbitration_demo_bsp/\libhal_bsp.a(alt_exit.o)
                                        0x14e (size before relaxing)

.debug_loc      0x0000000000000000      0x803
 *(.debug_loc)
 .debug_loc     0x0000000000000000       0x2c d:/quartus_lite_18.1/nios2eds/bin/gnu/h-x86_64-mingw32/bin/../lib/gcc/nios2-elf/5.3.0/../../../../../H-x86_64-mingw32/nios2-elf/lib/mno-hw-mul\libc.a(lib_a-atexit.o)
 .debug_loc     0x000000000000002c       0x1e d:/quartus_lite_18.1/nios2eds/bin/gnu/h-x86_64-mingw32/bin/../lib/gcc/nios2-elf/5.3.0/../../../../../H-x86_64-mingw32/nios2-elf/lib/mno-hw-mul\libc.a(lib_a-exit.o)
 .debug_loc     0x000000000000004a      0x126 d:/quartus_lite_18.1/nios2eds/bin/gnu/h-x86_64-mingw32/bin/../lib/gcc/nios2-elf/5.3.0/../../../../../H-x86_64-mingw32/nios2-elf/lib/mno-hw-mul\libc.a(lib_a-memcmp.o)
 .debug_loc     0x0000000000000170      0x266 d:/quartus_lite_18.1/nios2eds/bin/gnu/h-x86_64-mingw32/bin/../lib/gcc/nios2-elf/5.3.0/../../../../../H-x86_64-mingw32/nios2-elf/lib/mno-hw-mul\libc.a(lib_a-memcpy.o)
 .debug_loc     0x00000000000003d6       0x47 d:/quartus_lite_18.1/nios2eds/bin/gnu/h-x86_64-mingw32/bin/../lib/gcc/nios2-elf/5.3.0/../../../../../H-x86_64-mingw32/nios2-elf/lib/mno-hw-mul\libc.a(lib_a-strlen.o)
 .debug_loc     0x000000000000041d      0x185 d:/quartus_lite_18.1/nios2eds/bin/gnu/h-x86_64-mingw32/bin/../lib/gcc/nios2-elf/5.3.0/../../../../../H-x86_64-mingw32/nios2-elf/lib/mno-hw-mul\libc.a(lib_a-__atexit.o)
 .debug_loc     0x00000000000005a2      0x1ce d:/quartus_lite_18.1/nios2eds/bin/gnu/h-x86_64-mingw32/bin/../lib/gcc/nios2-elf/5.3.0/../../../../../H-x86_64-mingw32/nios2-elf/lib/mno-hw-mul\libc.a(lib_a-__call_atexit.o)
 .debug_loc     0x0000000000000770       0x93 d:/quartus_lite_18.1/nios2eds/bin/gnu/h-x86_64-mingw32/bin/../lib/gcc/nios2-elf/5.3.0/mno-hw-mul\libgcc.a(lib2-mul.o)

.debug_macinfo
 *(.debug_macinfo)

.debug_weaknames
 *(.debug_weaknames)

.debug_funcnames
 *(.debug_funcnames)

.debug_typenames
 *(.debug_typenames)

.debug_varnames
 *(.debug_varnames)

.debug_alt_sim_info
                0x0000000000000000       0x10
 *(.debug_alt_sim_info)
 .debug_alt_sim_info
                0x0000000000000000       0x10 ../Arbitration_demo_bsp//obj/HAL/src/crt0.o
                0x0000000000018000                __alt_data_end = 0x18000
                0x0000000000018000                PROVIDE (__alt_stack_pointer, __alt_data_end)
                [!provide]                        PROVIDE (__alt_stack_limit, __alt_stack_base)
                [!provide]                        PROVIDE (__alt_heap_start, end)
                [!provide]                        PROVIDE (__alt_heap_limit, 0x18000)
OUTPUT(Arbitration_demo.elf elf32-littlenios2)

.debug_ranges   0x0000000000000000      0x178
 .debug_ranges  0x0000000000000000       0x20 ../Arbitration_demo_bsp//obj/HAL/src/crt0.o
 .debug_ranges  0x0000000000000020       0x30 ../Arbitration_demo_bsp/\libhal_bsp.a(altera_avalon_jtag_uart_init.o)
 .debug_ranges  0x0000000000000050       0x18 ../Arbitration_demo_bsp/\libhal_bsp.a(altera_avalon_jtag_uart_read.o)
 .debug_ranges  0x0000000000000068       0x28 ../Arbitration_demo_bsp/\libhal_bsp.a(alt_irq_entry.o)
 .debug_ranges  0x0000000000000090       0x10 ../Arbitration_demo_bsp/\libhal_bsp.a(alt_irq_handler.o)
 .debug_ranges  0x00000000000000a0       0x30 ../Arbitration_demo_bsp/\libhal_bsp.a(alt_exception_entry.o)
 .debug_ranges  0x00000000000000d0       0x18 ../Arbitration_demo_bsp/\libhal_bsp.a(alt_instruction_exception_entry.o)
 .debug_ranges  0x00000000000000e8       0x10 d:/quartus_lite_18.1/nios2eds/bin/gnu/h-x86_64-mingw32/bin/../lib/gcc/nios2-elf/5.3.0/../../../../../H-x86_64-mingw32/nios2-elf/lib/mno-hw-mul\libc.a(lib_a-atexit.o)
 .debug_ranges  0x00000000000000f8       0x10 d:/quartus_lite_18.1/nios2eds/bin/gnu/h-x86_64-mingw32/bin/../lib/gcc/nios2-elf/5.3.0/../../../../../H-x86_64-mingw32/nios2-elf/lib/mno-hw-mul\libc.a(lib_a-exit.o)
 .debug_ranges  0x0000000000000108       0x10 d:/quartus_lite_18.1/nios2eds/bin/gnu/h-x86_64-mingw32/bin/../lib/gcc/nios2-elf/5.3.0/../../../../../H-x86_64-mingw32/nios2-elf/lib/mno-hw-mul\libc.a(lib_a-memcmp.o)
 .debug_ranges  0x0000000000000118       0x10 d:/quartus_lite_18.1/nios2eds/bin/gnu/h-x86_64-mingw32/bin/../lib/gcc/nios2-elf/5.3.0/../../../../../H-x86_64-mingw32/nios2-elf/lib/mno-hw-mul\libc.a(lib_a-memcpy.o)
 .debug_ranges  0x0000000000000128       0x10 d:/quartus_lite_18.1/nios2eds/bin/gnu/h-x86_64-mingw32/bin/../lib/gcc/nios2-elf/5.3.0/../../../../../H-x86_64-mingw32/nios2-elf/lib/mno-hw-mul\libc.a(lib_a-strlen.o)
 .debug_ranges  0x0000000000000138       0x10 d:/quartus_lite_18.1/nios2eds/bin/gnu/h-x86_64-mingw32/bin/../lib/gcc/nios2-elf/5.3.0/../../../../../H-x86_64-mingw32/nios2-elf/lib/mno-hw-mul\libc.a(lib_a-__atexit.o)
 .debug_ranges  0x0000000000000148       0x30 d:/quartus_lite_18.1/nios2eds/bin/gnu/h-x86_64-mingw32/bin/../lib/gcc/nios2-elf/5.3.0/../../../../../H-x86_64-mingw32/nios2-elf/lib/mno-hw-mul\libc.a(lib_a-__call_atexit.o)
